ARM GAS  C:\Users\ADMINI~1\AppData\Local\Temp\ccJPK3Zf.s 			page 1


   1              		.syntax unified
   2              		.cpu cortex-m0
   3              		.fpu softvfp
   4              		.eabi_attribute 20, 1
   5              		.eabi_attribute 21, 1
   6              		.eabi_attribute 23, 3
   7              		.eabi_attribute 24, 1
   8              		.eabi_attribute 25, 1
   9              		.eabi_attribute 26, 1
  10              		.eabi_attribute 30, 1
  11              		.eabi_attribute 34, 0
  12              		.eabi_attribute 18, 4
  13              		.thumb
  14              		.syntax unified
  15              		.file	"cyfitter_cfg.c"
  16              		.text
  17              	.Ltext0:
  18              		.cfi_sections	.debug_frame
  19              		.section	.text.AnalogSetDefault,"ax",%progbits
  20              		.align	2
  21              		.code	16
  22              		.thumb_func
  23              		.type	AnalogSetDefault, %function
  24              	AnalogSetDefault:
  25              	.LFB6:
  26              		.file 1 "Generated_Source\\PSoC4\\cyfitter_cfg.c"
   1:Generated_Source\PSoC4/cyfitter_cfg.c **** 
   2:Generated_Source\PSoC4/cyfitter_cfg.c **** /*******************************************************************************
   3:Generated_Source\PSoC4/cyfitter_cfg.c **** * File Name: cyfitter_cfg.c
   4:Generated_Source\PSoC4/cyfitter_cfg.c **** * 
   5:Generated_Source\PSoC4/cyfitter_cfg.c **** * PSoC Creator  4.1
   6:Generated_Source\PSoC4/cyfitter_cfg.c **** *
   7:Generated_Source\PSoC4/cyfitter_cfg.c **** * Description:
   8:Generated_Source\PSoC4/cyfitter_cfg.c **** * This file contains device initialization code.
   9:Generated_Source\PSoC4/cyfitter_cfg.c **** * Except for the user defined sections in CyClockStartupError(), this file should not be modified.
  10:Generated_Source\PSoC4/cyfitter_cfg.c **** * This file is automatically generated by PSoC Creator.
  11:Generated_Source\PSoC4/cyfitter_cfg.c **** *
  12:Generated_Source\PSoC4/cyfitter_cfg.c **** ********************************************************************************
  13:Generated_Source\PSoC4/cyfitter_cfg.c **** * Copyright (c) 2007-2017 Cypress Semiconductor.  All rights reserved.
  14:Generated_Source\PSoC4/cyfitter_cfg.c **** * You may use this file only in accordance with the license, terms, conditions, 
  15:Generated_Source\PSoC4/cyfitter_cfg.c **** * disclaimers, and limitations in the end user license agreement accompanying 
  16:Generated_Source\PSoC4/cyfitter_cfg.c **** * the software package with which this file was provided.
  17:Generated_Source\PSoC4/cyfitter_cfg.c **** ********************************************************************************/
  18:Generated_Source\PSoC4/cyfitter_cfg.c **** 
  19:Generated_Source\PSoC4/cyfitter_cfg.c **** #include <string.h>
  20:Generated_Source\PSoC4/cyfitter_cfg.c **** #include "cytypes.h"
  21:Generated_Source\PSoC4/cyfitter_cfg.c **** #include "cydevice_trm.h"
  22:Generated_Source\PSoC4/cyfitter_cfg.c **** #include "cyfitter.h"
  23:Generated_Source\PSoC4/cyfitter_cfg.c **** #include "CyLib.h"
  24:Generated_Source\PSoC4/cyfitter_cfg.c **** #include "CyLFClk.h"
  25:Generated_Source\PSoC4/cyfitter_cfg.c **** #include "cyfitter_cfg.h"
  26:Generated_Source\PSoC4/cyfitter_cfg.c **** #include "cyapicallbacks.h"
  27:Generated_Source\PSoC4/cyfitter_cfg.c **** 
  28:Generated_Source\PSoC4/cyfitter_cfg.c **** 
  29:Generated_Source\PSoC4/cyfitter_cfg.c **** #if defined(__GNUC__) || defined(__ARMCC_VERSION)
  30:Generated_Source\PSoC4/cyfitter_cfg.c ****     #define CYPACKED 
  31:Generated_Source\PSoC4/cyfitter_cfg.c ****     #define CYPACKED_ATTR __attribute__ ((packed))
ARM GAS  C:\Users\ADMINI~1\AppData\Local\Temp\ccJPK3Zf.s 			page 2


  32:Generated_Source\PSoC4/cyfitter_cfg.c ****     #define CYALIGNED __attribute__ ((aligned))
  33:Generated_Source\PSoC4/cyfitter_cfg.c ****     #define CY_CFG_UNUSED __attribute__ ((unused))
  34:Generated_Source\PSoC4/cyfitter_cfg.c ****     #ifndef CY_CFG_SECTION
  35:Generated_Source\PSoC4/cyfitter_cfg.c ****         #define CY_CFG_SECTION __attribute__ ((section(".psocinit")))
  36:Generated_Source\PSoC4/cyfitter_cfg.c ****     #endif
  37:Generated_Source\PSoC4/cyfitter_cfg.c ****     
  38:Generated_Source\PSoC4/cyfitter_cfg.c ****     #if defined(__ARMCC_VERSION)
  39:Generated_Source\PSoC4/cyfitter_cfg.c ****         #define CY_CFG_MEMORY_BARRIER() __memory_changed()
  40:Generated_Source\PSoC4/cyfitter_cfg.c ****     #else
  41:Generated_Source\PSoC4/cyfitter_cfg.c ****         #define CY_CFG_MEMORY_BARRIER() __sync_synchronize()
  42:Generated_Source\PSoC4/cyfitter_cfg.c ****     #endif
  43:Generated_Source\PSoC4/cyfitter_cfg.c ****     
  44:Generated_Source\PSoC4/cyfitter_cfg.c **** #elif defined(__ICCARM__)
  45:Generated_Source\PSoC4/cyfitter_cfg.c ****     #include <intrinsics.h>
  46:Generated_Source\PSoC4/cyfitter_cfg.c **** 
  47:Generated_Source\PSoC4/cyfitter_cfg.c ****     #define CYPACKED __packed
  48:Generated_Source\PSoC4/cyfitter_cfg.c ****     #define CYPACKED_ATTR 
  49:Generated_Source\PSoC4/cyfitter_cfg.c ****     #define CYALIGNED _Pragma("data_alignment=4")
  50:Generated_Source\PSoC4/cyfitter_cfg.c ****     #define CY_CFG_UNUSED _Pragma("diag_suppress=Pe177")
  51:Generated_Source\PSoC4/cyfitter_cfg.c ****     #define CY_CFG_SECTION _Pragma("location=\".psocinit\"")
  52:Generated_Source\PSoC4/cyfitter_cfg.c ****     
  53:Generated_Source\PSoC4/cyfitter_cfg.c ****     #define CY_CFG_MEMORY_BARRIER() __DMB()
  54:Generated_Source\PSoC4/cyfitter_cfg.c ****     
  55:Generated_Source\PSoC4/cyfitter_cfg.c **** #else
  56:Generated_Source\PSoC4/cyfitter_cfg.c ****     #error Unsupported toolchain
  57:Generated_Source\PSoC4/cyfitter_cfg.c **** #endif
  58:Generated_Source\PSoC4/cyfitter_cfg.c **** 
  59:Generated_Source\PSoC4/cyfitter_cfg.c **** #ifndef CYCODE
  60:Generated_Source\PSoC4/cyfitter_cfg.c ****     #define CYCODE
  61:Generated_Source\PSoC4/cyfitter_cfg.c **** #endif
  62:Generated_Source\PSoC4/cyfitter_cfg.c **** #ifndef CYDATA
  63:Generated_Source\PSoC4/cyfitter_cfg.c ****     #define CYDATA
  64:Generated_Source\PSoC4/cyfitter_cfg.c **** #endif
  65:Generated_Source\PSoC4/cyfitter_cfg.c **** #ifndef CYFAR
  66:Generated_Source\PSoC4/cyfitter_cfg.c ****     #define CYFAR
  67:Generated_Source\PSoC4/cyfitter_cfg.c **** #endif
  68:Generated_Source\PSoC4/cyfitter_cfg.c **** #ifndef CYXDATA
  69:Generated_Source\PSoC4/cyfitter_cfg.c ****     #define CYXDATA
  70:Generated_Source\PSoC4/cyfitter_cfg.c **** #endif
  71:Generated_Source\PSoC4/cyfitter_cfg.c **** 
  72:Generated_Source\PSoC4/cyfitter_cfg.c **** 
  73:Generated_Source\PSoC4/cyfitter_cfg.c **** CY_CFG_UNUSED
  74:Generated_Source\PSoC4/cyfitter_cfg.c **** static void CYMEMZERO(void *s, size_t n);
  75:Generated_Source\PSoC4/cyfitter_cfg.c **** CY_CFG_UNUSED
  76:Generated_Source\PSoC4/cyfitter_cfg.c **** static void CYMEMZERO(void *s, size_t n)
  77:Generated_Source\PSoC4/cyfitter_cfg.c **** {
  78:Generated_Source\PSoC4/cyfitter_cfg.c **** 	(void)memset(s, 0, n);
  79:Generated_Source\PSoC4/cyfitter_cfg.c **** }
  80:Generated_Source\PSoC4/cyfitter_cfg.c **** CY_CFG_UNUSED
  81:Generated_Source\PSoC4/cyfitter_cfg.c **** static void CYCONFIGCPY(void *dest, const void *src, size_t n);
  82:Generated_Source\PSoC4/cyfitter_cfg.c **** CY_CFG_UNUSED
  83:Generated_Source\PSoC4/cyfitter_cfg.c **** static void CYCONFIGCPY(void *dest, const void *src, size_t n)
  84:Generated_Source\PSoC4/cyfitter_cfg.c **** {
  85:Generated_Source\PSoC4/cyfitter_cfg.c **** 	(void)memcpy(dest, src, n);
  86:Generated_Source\PSoC4/cyfitter_cfg.c **** }
  87:Generated_Source\PSoC4/cyfitter_cfg.c **** CY_CFG_UNUSED
  88:Generated_Source\PSoC4/cyfitter_cfg.c **** static void CYCONFIGCPYCODE(void *dest, const void *src, size_t n);
ARM GAS  C:\Users\ADMINI~1\AppData\Local\Temp\ccJPK3Zf.s 			page 3


  89:Generated_Source\PSoC4/cyfitter_cfg.c **** CY_CFG_UNUSED
  90:Generated_Source\PSoC4/cyfitter_cfg.c **** static void CYCONFIGCPYCODE(void *dest, const void *src, size_t n)
  91:Generated_Source\PSoC4/cyfitter_cfg.c **** {
  92:Generated_Source\PSoC4/cyfitter_cfg.c **** 	(void)memcpy(dest, src, n);
  93:Generated_Source\PSoC4/cyfitter_cfg.c **** }
  94:Generated_Source\PSoC4/cyfitter_cfg.c **** 
  95:Generated_Source\PSoC4/cyfitter_cfg.c **** 
  96:Generated_Source\PSoC4/cyfitter_cfg.c **** 
  97:Generated_Source\PSoC4/cyfitter_cfg.c **** 
  98:Generated_Source\PSoC4/cyfitter_cfg.c **** /* Clock startup error codes                                                   */
  99:Generated_Source\PSoC4/cyfitter_cfg.c **** #define CYCLOCKSTART_NO_ERROR    0u
 100:Generated_Source\PSoC4/cyfitter_cfg.c **** #define CYCLOCKSTART_XTAL_ERROR  1u
 101:Generated_Source\PSoC4/cyfitter_cfg.c **** #define CYCLOCKSTART_32KHZ_ERROR 2u
 102:Generated_Source\PSoC4/cyfitter_cfg.c **** #define CYCLOCKSTART_PLL_ERROR   3u
 103:Generated_Source\PSoC4/cyfitter_cfg.c **** #define CYCLOCKSTART_FLL_ERROR   4u
 104:Generated_Source\PSoC4/cyfitter_cfg.c **** 
 105:Generated_Source\PSoC4/cyfitter_cfg.c **** 
 106:Generated_Source\PSoC4/cyfitter_cfg.c **** #ifdef CY_NEED_CYCLOCKSTARTUPERROR
 107:Generated_Source\PSoC4/cyfitter_cfg.c **** /*******************************************************************************
 108:Generated_Source\PSoC4/cyfitter_cfg.c **** * Function Name: CyClockStartupError
 109:Generated_Source\PSoC4/cyfitter_cfg.c **** ********************************************************************************
 110:Generated_Source\PSoC4/cyfitter_cfg.c **** * Summary:
 111:Generated_Source\PSoC4/cyfitter_cfg.c **** *  If an error is encountered during clock configuration (crystal startup error,
 112:Generated_Source\PSoC4/cyfitter_cfg.c **** *  PLL lock error, etc.), the system will end up here.  Unless reimplemented by
 113:Generated_Source\PSoC4/cyfitter_cfg.c **** *  the customer, this function will stop in an infinite loop.
 114:Generated_Source\PSoC4/cyfitter_cfg.c **** *
 115:Generated_Source\PSoC4/cyfitter_cfg.c **** * Parameters:
 116:Generated_Source\PSoC4/cyfitter_cfg.c **** *   void
 117:Generated_Source\PSoC4/cyfitter_cfg.c **** *
 118:Generated_Source\PSoC4/cyfitter_cfg.c **** * Return:
 119:Generated_Source\PSoC4/cyfitter_cfg.c **** *   void
 120:Generated_Source\PSoC4/cyfitter_cfg.c **** *
 121:Generated_Source\PSoC4/cyfitter_cfg.c **** *******************************************************************************/
 122:Generated_Source\PSoC4/cyfitter_cfg.c **** CY_CFG_UNUSED
 123:Generated_Source\PSoC4/cyfitter_cfg.c **** static void CyClockStartupError(uint8 errorCode);
 124:Generated_Source\PSoC4/cyfitter_cfg.c **** CY_CFG_UNUSED
 125:Generated_Source\PSoC4/cyfitter_cfg.c **** static void CyClockStartupError(uint8 errorCode)
 126:Generated_Source\PSoC4/cyfitter_cfg.c **** {
 127:Generated_Source\PSoC4/cyfitter_cfg.c ****     /* To remove the compiler warning if errorCode not used. */
 128:Generated_Source\PSoC4/cyfitter_cfg.c **** #if defined(CY_PSOC3) && (CY_PSOC3)
 129:Generated_Source\PSoC4/cyfitter_cfg.c ****     errorCode = errorCode;
 130:Generated_Source\PSoC4/cyfitter_cfg.c **** #else
 131:Generated_Source\PSoC4/cyfitter_cfg.c ****     (void)errorCode;
 132:Generated_Source\PSoC4/cyfitter_cfg.c **** #endif /* CY_PSOC3 */
 133:Generated_Source\PSoC4/cyfitter_cfg.c **** 
 134:Generated_Source\PSoC4/cyfitter_cfg.c ****     /* If we have a clock startup error (bad MHz crystal, PLL lock, etc.),  */
 135:Generated_Source\PSoC4/cyfitter_cfg.c ****     /* we will end up here to allow the customer to implement something to  */
 136:Generated_Source\PSoC4/cyfitter_cfg.c ****     /* deal with the clock condition.                                       */
 137:Generated_Source\PSoC4/cyfitter_cfg.c **** 
 138:Generated_Source\PSoC4/cyfitter_cfg.c **** #ifdef CY_CFG_CLOCK_STARTUP_ERROR_CALLBACK
 139:Generated_Source\PSoC4/cyfitter_cfg.c ****     CY_CFG_Clock_Startup_ErrorCallback();
 140:Generated_Source\PSoC4/cyfitter_cfg.c **** #else
 141:Generated_Source\PSoC4/cyfitter_cfg.c ****     /*  If not using CY_CFG_CLOCK_STARTUP_ERROR_CALLBACK, place your clock startup code here. */
 142:Generated_Source\PSoC4/cyfitter_cfg.c ****     /* `#START CyClockStartupError` */
 143:Generated_Source\PSoC4/cyfitter_cfg.c **** 
 144:Generated_Source\PSoC4/cyfitter_cfg.c **** 
 145:Generated_Source\PSoC4/cyfitter_cfg.c **** 
ARM GAS  C:\Users\ADMINI~1\AppData\Local\Temp\ccJPK3Zf.s 			page 4


 146:Generated_Source\PSoC4/cyfitter_cfg.c ****     /* `#END` */
 147:Generated_Source\PSoC4/cyfitter_cfg.c **** 
 148:Generated_Source\PSoC4/cyfitter_cfg.c ****     while(1) {}
 149:Generated_Source\PSoC4/cyfitter_cfg.c **** #endif /* CY_CFG_CLOCK_STARTUP_ERROR_CALLBACK */
 150:Generated_Source\PSoC4/cyfitter_cfg.c **** }
 151:Generated_Source\PSoC4/cyfitter_cfg.c **** #endif
 152:Generated_Source\PSoC4/cyfitter_cfg.c **** 
 153:Generated_Source\PSoC4/cyfitter_cfg.c **** 
 154:Generated_Source\PSoC4/cyfitter_cfg.c **** 
 155:Generated_Source\PSoC4/cyfitter_cfg.c **** /*******************************************************************************
 156:Generated_Source\PSoC4/cyfitter_cfg.c **** * Function Name: ClockSetup
 157:Generated_Source\PSoC4/cyfitter_cfg.c **** ********************************************************************************
 158:Generated_Source\PSoC4/cyfitter_cfg.c **** *
 159:Generated_Source\PSoC4/cyfitter_cfg.c **** * Summary:
 160:Generated_Source\PSoC4/cyfitter_cfg.c **** *   Performs the initialization of all of the clocks in the device based on the
 161:Generated_Source\PSoC4/cyfitter_cfg.c **** *   settings in the Clock tab of the DWR.  This includes enabling the requested
 162:Generated_Source\PSoC4/cyfitter_cfg.c **** *   clocks and setting the necessary dividers to produce the desired frequency. 
 163:Generated_Source\PSoC4/cyfitter_cfg.c **** *
 164:Generated_Source\PSoC4/cyfitter_cfg.c **** * Parameters:
 165:Generated_Source\PSoC4/cyfitter_cfg.c **** *   void
 166:Generated_Source\PSoC4/cyfitter_cfg.c **** *
 167:Generated_Source\PSoC4/cyfitter_cfg.c **** * Return:
 168:Generated_Source\PSoC4/cyfitter_cfg.c **** *   void
 169:Generated_Source\PSoC4/cyfitter_cfg.c **** *
 170:Generated_Source\PSoC4/cyfitter_cfg.c **** *******************************************************************************/
 171:Generated_Source\PSoC4/cyfitter_cfg.c **** static void ClockSetup(void);
 172:Generated_Source\PSoC4/cyfitter_cfg.c **** CY_CFG_SECTION
 173:Generated_Source\PSoC4/cyfitter_cfg.c **** static void ClockSetup(void)
 174:Generated_Source\PSoC4/cyfitter_cfg.c **** {
 175:Generated_Source\PSoC4/cyfitter_cfg.c **** 
 176:Generated_Source\PSoC4/cyfitter_cfg.c **** 	/* Set Flash Cycles based on max possible frequency in case a glitch occurs during ClockSetup(). *
 177:Generated_Source\PSoC4/cyfitter_cfg.c **** 	CY_SET_REG32((void CYXDATA *)(CYREG_CPUSS_FLASH_CTL), (0x0012u));
 178:Generated_Source\PSoC4/cyfitter_cfg.c **** 	/* Setup and trim IMO based on desired frequency. */
 179:Generated_Source\PSoC4/cyfitter_cfg.c **** 	CySysClkWriteImoFreq(3u);
 180:Generated_Source\PSoC4/cyfitter_cfg.c **** 	/* CYDEV_CLK_ILO_CONFIG Starting address: CYDEV_CLK_ILO_CONFIG */
 181:Generated_Source\PSoC4/cyfitter_cfg.c **** 	CY_SET_REG32((void *)(CYREG_CLK_ILO_CONFIG), 0x80000006u);
 182:Generated_Source\PSoC4/cyfitter_cfg.c **** 
 183:Generated_Source\PSoC4/cyfitter_cfg.c **** 
 184:Generated_Source\PSoC4/cyfitter_cfg.c **** 	/* Setup phase aligned clocks */
 185:Generated_Source\PSoC4/cyfitter_cfg.c **** 
 186:Generated_Source\PSoC4/cyfitter_cfg.c **** 	/* CYDEV_CLK_IMO_CONFIG Starting address: CYDEV_CLK_IMO_CONFIG */
 187:Generated_Source\PSoC4/cyfitter_cfg.c **** 	CY_SET_REG32((void *)(CYREG_CLK_IMO_CONFIG), 0x80000000u);
 188:Generated_Source\PSoC4/cyfitter_cfg.c **** 
 189:Generated_Source\PSoC4/cyfitter_cfg.c **** 	/* CYDEV_CLK_SELECT Starting address: CYDEV_CLK_SELECT */
 190:Generated_Source\PSoC4/cyfitter_cfg.c **** 	CY_SET_REG32((void *)(CYREG_CLK_SELECT), 0x00000000u);
 191:Generated_Source\PSoC4/cyfitter_cfg.c **** 
 192:Generated_Source\PSoC4/cyfitter_cfg.c **** 	(void)CyIntSetVector(8u, &CySysWdtIsr);
 193:Generated_Source\PSoC4/cyfitter_cfg.c **** 	CyIntEnable(8u);
 194:Generated_Source\PSoC4/cyfitter_cfg.c **** 	CY_SET_REG32((void *)(CYREG_WDT_CONFIG), 0x00000000u);
 195:Generated_Source\PSoC4/cyfitter_cfg.c **** 	/* Set Flash Cycles based on newly configured 3.00MHz HFCLK. */
 196:Generated_Source\PSoC4/cyfitter_cfg.c **** 	CY_SET_REG32((void CYXDATA *)(CYREG_CPUSS_FLASH_CTL), (0x0000u));
 197:Generated_Source\PSoC4/cyfitter_cfg.c **** }
 198:Generated_Source\PSoC4/cyfitter_cfg.c **** 
 199:Generated_Source\PSoC4/cyfitter_cfg.c **** 
 200:Generated_Source\PSoC4/cyfitter_cfg.c **** /* Analog API Functions */
 201:Generated_Source\PSoC4/cyfitter_cfg.c **** 
 202:Generated_Source\PSoC4/cyfitter_cfg.c **** 
ARM GAS  C:\Users\ADMINI~1\AppData\Local\Temp\ccJPK3Zf.s 			page 5


 203:Generated_Source\PSoC4/cyfitter_cfg.c **** /*******************************************************************************
 204:Generated_Source\PSoC4/cyfitter_cfg.c **** * Function Name: AnalogSetDefault
 205:Generated_Source\PSoC4/cyfitter_cfg.c **** ********************************************************************************
 206:Generated_Source\PSoC4/cyfitter_cfg.c **** *
 207:Generated_Source\PSoC4/cyfitter_cfg.c **** * Summary:
 208:Generated_Source\PSoC4/cyfitter_cfg.c **** *  Sets up the analog portions of the chip to default values based on chip
 209:Generated_Source\PSoC4/cyfitter_cfg.c **** *  configuration options from the project.
 210:Generated_Source\PSoC4/cyfitter_cfg.c **** *
 211:Generated_Source\PSoC4/cyfitter_cfg.c **** * Parameters:
 212:Generated_Source\PSoC4/cyfitter_cfg.c **** *  void
 213:Generated_Source\PSoC4/cyfitter_cfg.c **** *
 214:Generated_Source\PSoC4/cyfitter_cfg.c **** * Return:
 215:Generated_Source\PSoC4/cyfitter_cfg.c **** *  void
 216:Generated_Source\PSoC4/cyfitter_cfg.c **** *
 217:Generated_Source\PSoC4/cyfitter_cfg.c **** *******************************************************************************/
 218:Generated_Source\PSoC4/cyfitter_cfg.c **** static void AnalogSetDefault(void);
 219:Generated_Source\PSoC4/cyfitter_cfg.c **** static void AnalogSetDefault(void)
 220:Generated_Source\PSoC4/cyfitter_cfg.c **** {
  27              		.loc 1 220 0
  28              		.cfi_startproc
  29              		@ args = 0, pretend = 0, frame = 0
  30              		@ frame_needed = 0, uses_anonymous_args = 0
  31              		@ link register save eliminated.
 221:Generated_Source\PSoC4/cyfitter_cfg.c **** 	CY_SET_XTND_REG32((void CYFAR *)CYREG_CTBM0_DFT_CTRL, 0x00000003u);
  32              		.loc 1 221 0
  33 0000 0323     		movs	r3, #3
  34 0002 044A     		ldr	r2, .L2
  35 0004 1360     		str	r3, [r2]
 222:Generated_Source\PSoC4/cyfitter_cfg.c **** 	CY_SET_XTND_REG32((void CYFAR *)CYREG_CTBM1_DFT_CTRL, 0x00000003u);
  36              		.loc 1 222 0
  37 0006 044A     		ldr	r2, .L2+4
  38 0008 1360     		str	r3, [r2]
 223:Generated_Source\PSoC4/cyfitter_cfg.c **** 	CY_SET_XTND_REG32((void CYFAR *)CYREG_PASS_DSAB_DSAB_CTRL, 0x00000000u);
  39              		.loc 1 223 0
  40 000a 0022     		movs	r2, #0
  41 000c 034B     		ldr	r3, .L2+8
  42 000e 1A60     		str	r2, [r3]
 224:Generated_Source\PSoC4/cyfitter_cfg.c **** }
  43              		.loc 1 224 0
  44              		@ sp needed
  45 0010 7047     		bx	lr
  46              	.L3:
  47 0012 C046     		.align	2
  48              	.L2:
  49 0014 30003040 		.word	1076887600
  50 0018 30003140 		.word	1076953136
  51 001c 000E3F40 		.word	1077874176
  52              		.cfi_endproc
  53              	.LFE6:
  54              		.size	AnalogSetDefault, .-AnalogSetDefault
  55              		.section	.text.CYMEMZERO,"ax",%progbits
  56              		.align	2
  57              		.code	16
  58              		.thumb_func
  59              		.type	CYMEMZERO, %function
  60              	CYMEMZERO:
  61              	.LFB2:
ARM GAS  C:\Users\ADMINI~1\AppData\Local\Temp\ccJPK3Zf.s 			page 6


  77:Generated_Source\PSoC4/cyfitter_cfg.c **** 	(void)memset(s, 0, n);
  62              		.loc 1 77 0
  63              		.cfi_startproc
  64              		@ args = 0, pretend = 0, frame = 0
  65              		@ frame_needed = 0, uses_anonymous_args = 0
  66              	.LVL0:
  67 0000 10B5     		push	{r4, lr}
  68              		.cfi_def_cfa_offset 8
  69              		.cfi_offset 4, -8
  70              		.cfi_offset 14, -4
  71 0002 0A00     		movs	r2, r1
  78:Generated_Source\PSoC4/cyfitter_cfg.c **** }
  72              		.loc 1 78 0
  73 0004 0021     		movs	r1, #0
  74              	.LVL1:
  75 0006 FFF7FEFF 		bl	memset
  76              	.LVL2:
  79:Generated_Source\PSoC4/cyfitter_cfg.c **** CY_CFG_UNUSED
  77              		.loc 1 79 0
  78              		@ sp needed
  79 000a 10BD     		pop	{r4, pc}
  80              		.cfi_endproc
  81              	.LFE2:
  82              		.size	CYMEMZERO, .-CYMEMZERO
  83              		.section	.psocinit,"ax",%progbits
  84              		.align	2
  85              		.code	16
  86              		.thumb_func
  87              		.type	ClockSetup, %function
  88              	ClockSetup:
  89              	.LFB5:
 174:Generated_Source\PSoC4/cyfitter_cfg.c **** 
  90              		.loc 1 174 0
  91              		.cfi_startproc
  92              		@ args = 0, pretend = 0, frame = 0
  93              		@ frame_needed = 0, uses_anonymous_args = 0
  94 0000 70B5     		push	{r4, r5, r6, lr}
  95              		.cfi_def_cfa_offset 16
  96              		.cfi_offset 4, -16
  97              		.cfi_offset 5, -12
  98              		.cfi_offset 6, -8
  99              		.cfi_offset 14, -4
 177:Generated_Source\PSoC4/cyfitter_cfg.c **** 	/* Setup and trim IMO based on desired frequency. */
 100              		.loc 1 177 0
 101 0002 0D4D     		ldr	r5, .L6
 102 0004 1223     		movs	r3, #18
 103 0006 2B60     		str	r3, [r5]
 179:Generated_Source\PSoC4/cyfitter_cfg.c **** 	/* CYDEV_CLK_ILO_CONFIG Starting address: CYDEV_CLK_ILO_CONFIG */
 104              		.loc 1 179 0
 105 0008 0320     		movs	r0, #3
 106 000a FFF7FEFF 		bl	CySysClkWriteImoFreq
 107              	.LVL3:
 181:Generated_Source\PSoC4/cyfitter_cfg.c **** 
 108              		.loc 1 181 0
 109 000e 0B4A     		ldr	r2, .L6+4
 110 0010 0B4B     		ldr	r3, .L6+8
 111 0012 1A60     		str	r2, [r3]
ARM GAS  C:\Users\ADMINI~1\AppData\Local\Temp\ccJPK3Zf.s 			page 7


 187:Generated_Source\PSoC4/cyfitter_cfg.c **** 
 112              		.loc 1 187 0
 113 0014 063A     		subs	r2, r2, #6
 114 0016 0B4B     		ldr	r3, .L6+12
 115 0018 1A60     		str	r2, [r3]
 190:Generated_Source\PSoC4/cyfitter_cfg.c **** 
 116              		.loc 1 190 0
 117 001a 0024     		movs	r4, #0
 118 001c 0A4B     		ldr	r3, .L6+16
 119 001e 1C60     		str	r4, [r3]
 192:Generated_Source\PSoC4/cyfitter_cfg.c **** 	CyIntEnable(8u);
 120              		.loc 1 192 0
 121 0020 0A49     		ldr	r1, .L6+20
 122 0022 0820     		movs	r0, #8
 123 0024 FFF7FEFF 		bl	CyIntSetVector
 124              	.LVL4:
 193:Generated_Source\PSoC4/cyfitter_cfg.c **** 	CY_SET_REG32((void *)(CYREG_WDT_CONFIG), 0x00000000u);
 125              		.loc 1 193 0
 126 0028 0820     		movs	r0, #8
 127 002a FFF7FEFF 		bl	CyIntEnable
 128              	.LVL5:
 194:Generated_Source\PSoC4/cyfitter_cfg.c **** 	/* Set Flash Cycles based on newly configured 3.00MHz HFCLK. */
 129              		.loc 1 194 0
 130 002e 084B     		ldr	r3, .L6+24
 131 0030 1C60     		str	r4, [r3]
 196:Generated_Source\PSoC4/cyfitter_cfg.c **** }
 132              		.loc 1 196 0
 133 0032 2C60     		str	r4, [r5]
 197:Generated_Source\PSoC4/cyfitter_cfg.c **** 
 134              		.loc 1 197 0
 135              		@ sp needed
 136 0034 70BD     		pop	{r4, r5, r6, pc}
 137              	.L7:
 138 0036 C046     		.align	2
 139              	.L6:
 140 0038 30001040 		.word	1074790448
 141 003c 06000080 		.word	-2147483642
 142 0040 04010B40 		.word	1074462980
 143 0044 08010B40 		.word	1074462984
 144 0048 00010B40 		.word	1074462976
 145 004c 00000000 		.word	CySysWdtIsr
 146 0050 0C020B40 		.word	1074463244
 147              		.cfi_endproc
 148              	.LFE5:
 149              		.size	ClockSetup, .-ClockSetup
 150              		.align	2
 151              		.global	cyfitter_cfg
 152              		.code	16
 153              		.thumb_func
 154              		.type	cyfitter_cfg, %function
 155              	cyfitter_cfg:
 156              	.LFB7:
 225:Generated_Source\PSoC4/cyfitter_cfg.c **** 
 226:Generated_Source\PSoC4/cyfitter_cfg.c **** 
 227:Generated_Source\PSoC4/cyfitter_cfg.c **** 
 228:Generated_Source\PSoC4/cyfitter_cfg.c **** 
 229:Generated_Source\PSoC4/cyfitter_cfg.c **** /*******************************************************************************
ARM GAS  C:\Users\ADMINI~1\AppData\Local\Temp\ccJPK3Zf.s 			page 8


 230:Generated_Source\PSoC4/cyfitter_cfg.c **** * Function Name: cyfitter_cfg
 231:Generated_Source\PSoC4/cyfitter_cfg.c **** ********************************************************************************
 232:Generated_Source\PSoC4/cyfitter_cfg.c **** * Summary:
 233:Generated_Source\PSoC4/cyfitter_cfg.c **** *  This function is called by the start-up code for the selected device. It
 234:Generated_Source\PSoC4/cyfitter_cfg.c **** *  performs all of the necessary device configuration based on the design
 235:Generated_Source\PSoC4/cyfitter_cfg.c **** *  settings.  This includes settings from the Design Wide Resources (DWR) such
 236:Generated_Source\PSoC4/cyfitter_cfg.c **** *  as Clocks and Pins as well as any component configuration that is necessary.
 237:Generated_Source\PSoC4/cyfitter_cfg.c **** *
 238:Generated_Source\PSoC4/cyfitter_cfg.c **** * Parameters:
 239:Generated_Source\PSoC4/cyfitter_cfg.c **** *   void
 240:Generated_Source\PSoC4/cyfitter_cfg.c **** *
 241:Generated_Source\PSoC4/cyfitter_cfg.c **** * Return:
 242:Generated_Source\PSoC4/cyfitter_cfg.c **** *   void
 243:Generated_Source\PSoC4/cyfitter_cfg.c **** *
 244:Generated_Source\PSoC4/cyfitter_cfg.c **** *******************************************************************************/
 245:Generated_Source\PSoC4/cyfitter_cfg.c **** CY_CFG_SECTION
 246:Generated_Source\PSoC4/cyfitter_cfg.c **** void cyfitter_cfg(void)
 247:Generated_Source\PSoC4/cyfitter_cfg.c **** {
 157              		.loc 1 247 0
 158              		.cfi_startproc
 159              		@ args = 0, pretend = 0, frame = 0
 160              		@ frame_needed = 0, uses_anonymous_args = 0
 161 0054 10B5     		push	{r4, lr}
 162              		.cfi_def_cfa_offset 8
 163              		.cfi_offset 4, -8
 164              		.cfi_offset 14, -4
 248:Generated_Source\PSoC4/cyfitter_cfg.c **** 	/* Disable interrupts by default. Let user enable if/when they want. */
 249:Generated_Source\PSoC4/cyfitter_cfg.c **** 	CyGlobalIntDisable;
 165              		.loc 1 249 0
 166              		.syntax divided
 167              	@ 249 "Generated_Source\PSoC4\cyfitter_cfg.c" 1
 168 0056 72B6     		CPSID   i
 169              	@ 0 "" 2
 250:Generated_Source\PSoC4/cyfitter_cfg.c **** 
 251:Generated_Source\PSoC4/cyfitter_cfg.c **** 	CY_SET_REG32((void *)(CYREG_BLE_BLESS_LL_DSM_CTRL), 0x00000000u);
 170              		.loc 1 251 0
 171              		.thumb
 172              		.syntax unified
 173 0058 0022     		movs	r2, #0
 174 005a 1A4B     		ldr	r3, .L11
 175 005c 1A60     		str	r2, [r3]
 176              	.LVL6:
 177              	.LBB2:
 252:Generated_Source\PSoC4/cyfitter_cfg.c **** 
 253:Generated_Source\PSoC4/cyfitter_cfg.c **** 	{
 254:Generated_Source\PSoC4/cyfitter_cfg.c **** 
 255:Generated_Source\PSoC4/cyfitter_cfg.c **** 		CYPACKED typedef struct {
 256:Generated_Source\PSoC4/cyfitter_cfg.c **** 			void CYFAR *address;
 257:Generated_Source\PSoC4/cyfitter_cfg.c **** 			uint16 size;
 258:Generated_Source\PSoC4/cyfitter_cfg.c **** 		} CYPACKED_ATTR cfg_memset_t;
 259:Generated_Source\PSoC4/cyfitter_cfg.c **** 
 260:Generated_Source\PSoC4/cyfitter_cfg.c **** 		static const cfg_memset_t CYCODE cfg_memset_list[] = {
 261:Generated_Source\PSoC4/cyfitter_cfg.c **** 			/* address, size */
 262:Generated_Source\PSoC4/cyfitter_cfg.c **** 			{(void CYFAR *)(CYDEV_UDB_P0_U0_BASE), 1024u},
 263:Generated_Source\PSoC4/cyfitter_cfg.c **** 			{(void CYFAR *)(CYDEV_UDB_DSI0_BASE), 1024u},
 264:Generated_Source\PSoC4/cyfitter_cfg.c **** 		};
 265:Generated_Source\PSoC4/cyfitter_cfg.c **** 
ARM GAS  C:\Users\ADMINI~1\AppData\Local\Temp\ccJPK3Zf.s 			page 9


 266:Generated_Source\PSoC4/cyfitter_cfg.c **** 		uint8 CYDATA i;
 267:Generated_Source\PSoC4/cyfitter_cfg.c **** 
 268:Generated_Source\PSoC4/cyfitter_cfg.c **** 		/* Zero out critical memory blocks before beginning configuration */
 269:Generated_Source\PSoC4/cyfitter_cfg.c **** 		for (i = 0u; i < (sizeof(cfg_memset_list)/sizeof(cfg_memset_list[0])); i++)
 178              		.loc 1 269 0
 179 005e 0024     		movs	r4, #0
 180 0060 0FE0     		b	.L9
 181              	.LVL7:
 182              	.L10:
 183              	.LBB3:
 270:Generated_Source\PSoC4/cyfitter_cfg.c **** 		{
 271:Generated_Source\PSoC4/cyfitter_cfg.c **** 			const cfg_memset_t CYCODE * CYDATA ms = &cfg_memset_list[i];
 272:Generated_Source\PSoC4/cyfitter_cfg.c **** 			CYMEMZERO(ms->address, (size_t)(uint32)(ms->size));
 184              		.loc 1 272 0 discriminator 3
 185 0062 1948     		ldr	r0, .L11+4
 186 0064 6200     		lsls	r2, r4, #1
 187 0066 1319     		adds	r3, r2, r4
 188 0068 5900     		lsls	r1, r3, #1
 189 006a 0B00     		movs	r3, r1
 190 006c 4118     		adds	r1, r0, r1
 191 006e 8988     		ldrh	r1, [r1, #4]
 192 0070 1A5A     		ldrh	r2, [r3, r0]
 193 0072 C318     		adds	r3, r0, r3
 194 0074 5888     		ldrh	r0, [r3, #2]
 195 0076 0004     		lsls	r0, r0, #16
 196 0078 1043     		orrs	r0, r2
 197 007a FFF7FEFF 		bl	CYMEMZERO
 198              	.LVL8:
 199              	.LBE3:
 269:Generated_Source\PSoC4/cyfitter_cfg.c **** 		{
 200              		.loc 1 269 0 discriminator 3
 201 007e 0134     		adds	r4, r4, #1
 202              	.LVL9:
 203 0080 E4B2     		uxtb	r4, r4
 204              	.LVL10:
 205              	.L9:
 269:Generated_Source\PSoC4/cyfitter_cfg.c **** 		{
 206              		.loc 1 269 0 is_stmt 0 discriminator 1
 207 0082 012C     		cmp	r4, #1
 208 0084 EDD9     		bls	.L10
 273:Generated_Source\PSoC4/cyfitter_cfg.c **** 		}
 274:Generated_Source\PSoC4/cyfitter_cfg.c **** 
 275:Generated_Source\PSoC4/cyfitter_cfg.c **** 		/* FORCED_HSIOM Starting address: CYDEV_HSIOM_PORT_SEL0 */
 276:Generated_Source\PSoC4/cyfitter_cfg.c **** 		CY_SET_REG32((void *)(CYREG_HSIOM_PORT_SEL0), 0x00000000u);
 209              		.loc 1 276 0 is_stmt 1
 210 0086 0023     		movs	r3, #0
 211 0088 104A     		ldr	r2, .L11+8
 212 008a 1360     		str	r3, [r2]
 277:Generated_Source\PSoC4/cyfitter_cfg.c **** 
 278:Generated_Source\PSoC4/cyfitter_cfg.c **** 		/* IOPINS0_0 Starting address: CYDEV_GPIO_PRT0_PC */
 279:Generated_Source\PSoC4/cyfitter_cfg.c **** 		CY_SET_REG32((void *)(CYREG_GPIO_PRT0_PC), 0x00000000u);
 213              		.loc 1 279 0
 214 008c 104A     		ldr	r2, .L11+12
 215 008e 1360     		str	r3, [r2]
 280:Generated_Source\PSoC4/cyfitter_cfg.c **** 
 281:Generated_Source\PSoC4/cyfitter_cfg.c **** 		/* UDB_PA_2 Starting address: CYDEV_UDB_PA2_BASE */
 282:Generated_Source\PSoC4/cyfitter_cfg.c **** 		CY_SET_REG32((void *)(CYDEV_UDB_PA2_BASE), 0x00990000u);
ARM GAS  C:\Users\ADMINI~1\AppData\Local\Temp\ccJPK3Zf.s 			page 10


 216              		.loc 1 282 0
 217 0090 9922     		movs	r2, #153
 218 0092 1204     		lsls	r2, r2, #16
 219 0094 0F4B     		ldr	r3, .L11+16
 220 0096 1A60     		str	r2, [r3]
 283:Generated_Source\PSoC4/cyfitter_cfg.c **** 
 284:Generated_Source\PSoC4/cyfitter_cfg.c **** 		/* Enable digital routing */
 285:Generated_Source\PSoC4/cyfitter_cfg.c **** 		CY_SET_XTND_REG8((void *)CYREG_UDB_UDBIF_BANK_CTL, (uint8)(CY_GET_XTND_REG8((void *)CYREG_UDB_UDB
 221              		.loc 1 285 0
 222 0098 0F4A     		ldr	r2, .L11+20
 223 009a 1178     		ldrb	r1, [r2]
 224 009c 0623     		movs	r3, #6
 225 009e 0B43     		orrs	r3, r1
 226 00a0 DBB2     		uxtb	r3, r3
 227 00a2 1370     		strb	r3, [r2]
 228              	.LBE2:
 286:Generated_Source\PSoC4/cyfitter_cfg.c **** 	}
 287:Generated_Source\PSoC4/cyfitter_cfg.c **** 
 288:Generated_Source\PSoC4/cyfitter_cfg.c **** 	/* Perform second pass device configuration. These items must be configured in specific order afte
 289:Generated_Source\PSoC4/cyfitter_cfg.c **** 	/* IOPINS0_2 Starting address: CYDEV_GPIO_PRT2_BASE */
 290:Generated_Source\PSoC4/cyfitter_cfg.c **** 	CY_SET_REG32((void *)(CYDEV_GPIO_PRT2_BASE), 0x000000C0u);
 229              		.loc 1 290 0
 230 00a4 C022     		movs	r2, #192
 231 00a6 0D4B     		ldr	r3, .L11+24
 232 00a8 1A60     		str	r2, [r3]
 291:Generated_Source\PSoC4/cyfitter_cfg.c **** 	CY_SET_REG32((void *)(CYREG_GPIO_PRT2_PC), 0x00580000u);
 233              		.loc 1 291 0
 234 00aa B022     		movs	r2, #176
 235 00ac D203     		lsls	r2, r2, #15
 236 00ae 0C4B     		ldr	r3, .L11+28
 237 00b0 1A60     		str	r2, [r3]
 292:Generated_Source\PSoC4/cyfitter_cfg.c **** 	CY_SET_REG32((void *)(CYREG_GPIO_PRT2_INTR_CFG), 0x00004000u);
 238              		.loc 1 292 0
 239 00b2 8022     		movs	r2, #128
 240 00b4 D201     		lsls	r2, r2, #7
 241 00b6 0B4B     		ldr	r3, .L11+32
 242 00b8 1A60     		str	r2, [r3]
 293:Generated_Source\PSoC4/cyfitter_cfg.c **** 
 294:Generated_Source\PSoC4/cyfitter_cfg.c **** 
 295:Generated_Source\PSoC4/cyfitter_cfg.c **** 	/* Setup clocks based on selections from Clock DWR */
 296:Generated_Source\PSoC4/cyfitter_cfg.c **** 	ClockSetup();
 243              		.loc 1 296 0
 244 00ba FFF7A1FF 		bl	ClockSetup
 245              	.LVL11:
 297:Generated_Source\PSoC4/cyfitter_cfg.c **** 
 298:Generated_Source\PSoC4/cyfitter_cfg.c **** 	/* Perform basic analog initialization to defaults */
 299:Generated_Source\PSoC4/cyfitter_cfg.c **** 	AnalogSetDefault();
 246              		.loc 1 299 0
 247 00be FFF7FEFF 		bl	AnalogSetDefault
 248              	.LVL12:
 300:Generated_Source\PSoC4/cyfitter_cfg.c **** 
 301:Generated_Source\PSoC4/cyfitter_cfg.c **** }
 249              		.loc 1 301 0
 250              		@ sp needed
 251              	.LVL13:
 252 00c2 10BD     		pop	{r4, pc}
 253              	.L12:
ARM GAS  C:\Users\ADMINI~1\AppData\Local\Temp\ccJPK3Zf.s 			page 11


 254              		.align	2
 255              	.L11:
 256 00c4 6CF02E40 		.word	1076818028
 257 00c8 00000000 		.word	.LANCHOR0
 258 00cc 00000240 		.word	1073872896
 259 00d0 08000440 		.word	1074003976
 260 00d4 20500F40 		.word	1074745376
 261 00d8 00700F40 		.word	1074753536
 262 00dc 00020440 		.word	1074004480
 263 00e0 08020440 		.word	1074004488
 264 00e4 0C020440 		.word	1074004492
 265              		.cfi_endproc
 266              	.LFE7:
 267              		.size	cyfitter_cfg, .-cyfitter_cfg
 268              		.section	.rodata
 269              		.align	2
 270              		.set	.LANCHOR0,. + 0
 271              		.type	cfg_memset_list.4884, %object
 272              		.size	cfg_memset_list.4884, 12
 273              	cfg_memset_list.4884:
 274 0000 00300F40 		.word	1074737152
 275 0004 0004     		.short	1024
 276 0006 00400F40 		.4byte	1074741248
 277 000a 0004     		.short	1024
 278              		.text
 279              	.Letext0:
 280              		.file 2 "d:\\program files (x86)\\cypress\\psoc creator\\4.1\\psoc creator\\import\\gnu\\arm\\5.4.
 281              		.file 3 "Generated_Source\\PSoC4\\cytypes.h"
 282              		.file 4 "Generated_Source\\PSoC4\\CyLib.h"
 283              		.section	.debug_info,"",%progbits
 284              	.Ldebug_info0:
 285 0000 92020000 		.4byte	0x292
 286 0004 0400     		.2byte	0x4
 287 0006 00000000 		.4byte	.Ldebug_abbrev0
 288 000a 04       		.byte	0x4
 289 000b 01       		.uleb128 0x1
 290 000c 62010000 		.4byte	.LASF29
 291 0010 0C       		.byte	0xc
 292 0011 59020000 		.4byte	.LASF30
 293 0015 B5000000 		.4byte	.LASF31
 294 0019 00000000 		.4byte	.Ldebug_ranges0+0
 295 001d 00000000 		.4byte	0
 296 0021 00000000 		.4byte	.Ldebug_line0
 297 0025 02       		.uleb128 0x2
 298 0026 04       		.byte	0x4
 299 0027 05       		.byte	0x5
 300 0028 696E7400 		.ascii	"int\000"
 301 002c 03       		.uleb128 0x3
 302 002d 06000000 		.4byte	.LASF12
 303 0031 02       		.byte	0x2
 304 0032 D8       		.byte	0xd8
 305 0033 37000000 		.4byte	0x37
 306 0037 04       		.uleb128 0x4
 307 0038 04       		.byte	0x4
 308 0039 07       		.byte	0x7
 309 003a 29010000 		.4byte	.LASF0
 310 003e 04       		.uleb128 0x4
ARM GAS  C:\Users\ADMINI~1\AppData\Local\Temp\ccJPK3Zf.s 			page 12


 311 003f 08       		.byte	0x8
 312 0040 05       		.byte	0x5
 313 0041 06020000 		.4byte	.LASF1
 314 0045 04       		.uleb128 0x4
 315 0046 08       		.byte	0x8
 316 0047 04       		.byte	0x4
 317 0048 41020000 		.4byte	.LASF2
 318 004c 04       		.uleb128 0x4
 319 004d 01       		.byte	0x1
 320 004e 06       		.byte	0x6
 321 004f 4D020000 		.4byte	.LASF3
 322 0053 04       		.uleb128 0x4
 323 0054 01       		.byte	0x1
 324 0055 08       		.byte	0x8
 325 0056 8D000000 		.4byte	.LASF4
 326 005a 04       		.uleb128 0x4
 327 005b 02       		.byte	0x2
 328 005c 05       		.byte	0x5
 329 005d 19020000 		.4byte	.LASF5
 330 0061 04       		.uleb128 0x4
 331 0062 02       		.byte	0x2
 332 0063 07       		.byte	0x7
 333 0064 48000000 		.4byte	.LASF6
 334 0068 04       		.uleb128 0x4
 335 0069 04       		.byte	0x4
 336 006a 05       		.byte	0x5
 337 006b 38020000 		.4byte	.LASF7
 338 006f 04       		.uleb128 0x4
 339 0070 04       		.byte	0x4
 340 0071 07       		.byte	0x7
 341 0072 6B000000 		.4byte	.LASF8
 342 0076 04       		.uleb128 0x4
 343 0077 08       		.byte	0x8
 344 0078 07       		.byte	0x7
 345 0079 4B010000 		.4byte	.LASF9
 346 007d 04       		.uleb128 0x4
 347 007e 04       		.byte	0x4
 348 007f 07       		.byte	0x7
 349 0080 FD010000 		.4byte	.LASF10
 350 0084 05       		.uleb128 0x5
 351 0085 04       		.byte	0x4
 352 0086 04       		.uleb128 0x4
 353 0087 01       		.byte	0x1
 354 0088 08       		.byte	0x8
 355 0089 14020000 		.4byte	.LASF11
 356 008d 06       		.uleb128 0x6
 357 008e 7D000000 		.4byte	.LASF13
 358 0092 03       		.byte	0x3
 359 0093 D201     		.2byte	0x1d2
 360 0095 53000000 		.4byte	0x53
 361 0099 06       		.uleb128 0x6
 362 009a 1B010000 		.4byte	.LASF14
 363 009e 03       		.byte	0x3
 364 009f D301     		.2byte	0x1d3
 365 00a1 61000000 		.4byte	0x61
 366 00a5 06       		.uleb128 0x6
 367 00a6 22010000 		.4byte	.LASF15
ARM GAS  C:\Users\ADMINI~1\AppData\Local\Temp\ccJPK3Zf.s 			page 13


 368 00aa 03       		.byte	0x3
 369 00ab D401     		.2byte	0x1d4
 370 00ad 6F000000 		.4byte	0x6f
 371 00b1 04       		.uleb128 0x4
 372 00b2 04       		.byte	0x4
 373 00b3 04       		.byte	0x4
 374 00b4 5B000000 		.4byte	.LASF16
 375 00b8 04       		.uleb128 0x4
 376 00b9 08       		.byte	0x8
 377 00ba 04       		.byte	0x4
 378 00bb A2000000 		.4byte	.LASF17
 379 00bf 06       		.uleb128 0x6
 380 00c0 66000000 		.4byte	.LASF18
 381 00c4 03       		.byte	0x3
 382 00c5 7C02     		.2byte	0x27c
 383 00c7 CB000000 		.4byte	0xcb
 384 00cb 07       		.uleb128 0x7
 385 00cc 8D000000 		.4byte	0x8d
 386 00d0 06       		.uleb128 0x6
 387 00d1 00000000 		.4byte	.LASF19
 388 00d5 03       		.byte	0x3
 389 00d6 7E02     		.2byte	0x27e
 390 00d8 DC000000 		.4byte	0xdc
 391 00dc 07       		.uleb128 0x7
 392 00dd A5000000 		.4byte	0xa5
 393 00e1 08       		.uleb128 0x8
 394 00e2 0D000000 		.4byte	.LASF32
 395 00e6 01       		.byte	0x1
 396 00e7 DB       		.byte	0xdb
 397 00e8 00000000 		.4byte	.LFB6
 398 00ec 20000000 		.4byte	.LFE6-.LFB6
 399 00f0 01       		.uleb128 0x1
 400 00f1 9C       		.byte	0x9c
 401 00f2 09       		.uleb128 0x9
 402 00f3 83000000 		.4byte	.LASF20
 403 00f7 01       		.byte	0x1
 404 00f8 4C       		.byte	0x4c
 405 00f9 00000000 		.4byte	.LFB2
 406 00fd 0C000000 		.4byte	.LFE2-.LFB2
 407 0101 01       		.uleb128 0x1
 408 0102 9C       		.byte	0x9c
 409 0103 3F010000 		.4byte	0x13f
 410 0107 0A       		.uleb128 0xa
 411 0108 7300     		.ascii	"s\000"
 412 010a 01       		.byte	0x1
 413 010b 4C       		.byte	0x4c
 414 010c 84000000 		.4byte	0x84
 415 0110 00000000 		.4byte	.LLST0
 416 0114 0A       		.uleb128 0xa
 417 0115 6E00     		.ascii	"n\000"
 418 0117 01       		.byte	0x1
 419 0118 4C       		.byte	0x4c
 420 0119 2C000000 		.4byte	0x2c
 421 011d 21000000 		.4byte	.LLST1
 422 0121 0B       		.uleb128 0xb
 423 0122 0A000000 		.4byte	.LVL2
 424 0126 6B020000 		.4byte	0x26b
ARM GAS  C:\Users\ADMINI~1\AppData\Local\Temp\ccJPK3Zf.s 			page 14


 425 012a 0C       		.uleb128 0xc
 426 012b 01       		.uleb128 0x1
 427 012c 50       		.byte	0x50
 428 012d 03       		.uleb128 0x3
 429 012e F3       		.byte	0xf3
 430 012f 01       		.uleb128 0x1
 431 0130 50       		.byte	0x50
 432 0131 0C       		.uleb128 0xc
 433 0132 01       		.uleb128 0x1
 434 0133 51       		.byte	0x51
 435 0134 01       		.uleb128 0x1
 436 0135 30       		.byte	0x30
 437 0136 0C       		.uleb128 0xc
 438 0137 01       		.uleb128 0x1
 439 0138 52       		.byte	0x52
 440 0139 03       		.uleb128 0x3
 441 013a F3       		.byte	0xf3
 442 013b 01       		.uleb128 0x1
 443 013c 51       		.byte	0x51
 444 013d 00       		.byte	0
 445 013e 00       		.byte	0
 446 013f 09       		.uleb128 0x9
 447 0140 3D000000 		.4byte	.LASF21
 448 0144 01       		.byte	0x1
 449 0145 AD       		.byte	0xad
 450 0146 00000000 		.4byte	.LFB5
 451 014a 54000000 		.4byte	.LFE5-.LFB5
 452 014e 01       		.uleb128 0x1
 453 014f 9C       		.byte	0x9c
 454 0150 8A010000 		.4byte	0x18a
 455 0154 0D       		.uleb128 0xd
 456 0155 0E000000 		.4byte	.LVL3
 457 0159 74020000 		.4byte	0x274
 458 015d 67010000 		.4byte	0x167
 459 0161 0C       		.uleb128 0xc
 460 0162 01       		.uleb128 0x1
 461 0163 50       		.byte	0x50
 462 0164 01       		.uleb128 0x1
 463 0165 33       		.byte	0x33
 464 0166 00       		.byte	0
 465 0167 0D       		.uleb128 0xd
 466 0168 28000000 		.4byte	.LVL4
 467 016c 7F020000 		.4byte	0x27f
 468 0170 7A010000 		.4byte	0x17a
 469 0174 0C       		.uleb128 0xc
 470 0175 01       		.uleb128 0x1
 471 0176 50       		.byte	0x50
 472 0177 01       		.uleb128 0x1
 473 0178 38       		.byte	0x38
 474 0179 00       		.byte	0
 475 017a 0B       		.uleb128 0xb
 476 017b 2E000000 		.4byte	.LVL5
 477 017f 8A020000 		.4byte	0x28a
 478 0183 0C       		.uleb128 0xc
 479 0184 01       		.uleb128 0x1
 480 0185 50       		.byte	0x50
 481 0186 01       		.uleb128 0x1
ARM GAS  C:\Users\ADMINI~1\AppData\Local\Temp\ccJPK3Zf.s 			page 15


 482 0187 38       		.byte	0x38
 483 0188 00       		.byte	0
 484 0189 00       		.byte	0
 485 018a 0E       		.uleb128 0xe
 486 018b 36010000 		.4byte	.LASF33
 487 018f 01       		.byte	0x1
 488 0190 F6       		.byte	0xf6
 489 0191 54000000 		.4byte	.LFB7
 490 0195 94000000 		.4byte	.LFE7-.LFB7
 491 0199 01       		.uleb128 0x1
 492 019a 9C       		.byte	0x9c
 493 019b 6B020000 		.4byte	0x26b
 494 019f 0F       		.uleb128 0xf
 495 01a0 5E000000 		.4byte	.LBB2
 496 01a4 46000000 		.4byte	.LBE2-.LBB2
 497 01a8 58020000 		.4byte	0x258
 498 01ac 10       		.uleb128 0x10
 499 01ad 06       		.byte	0x6
 500 01ae 01       		.byte	0x1
 501 01af FF       		.byte	0xff
 502 01b0 CF010000 		.4byte	0x1cf
 503 01b4 11       		.uleb128 0x11
 504 01b5 43010000 		.4byte	.LASF22
 505 01b9 01       		.byte	0x1
 506 01ba 0001     		.2byte	0x100
 507 01bc 84000000 		.4byte	0x84
 508 01c0 00       		.byte	0
 509 01c1 11       		.uleb128 0x11
 510 01c2 61000000 		.4byte	.LASF23
 511 01c6 01       		.byte	0x1
 512 01c7 0101     		.2byte	0x101
 513 01c9 99000000 		.4byte	0x99
 514 01cd 04       		.byte	0x4
 515 01ce 00       		.byte	0
 516 01cf 06       		.uleb128 0x6
 517 01d0 F0010000 		.4byte	.LASF24
 518 01d4 01       		.byte	0x1
 519 01d5 0201     		.2byte	0x102
 520 01d7 AC010000 		.4byte	0x1ac
 521 01db 12       		.uleb128 0x12
 522 01dc EB010000 		.4byte	0x1eb
 523 01e0 EB010000 		.4byte	0x1eb
 524 01e4 13       		.uleb128 0x13
 525 01e5 7D000000 		.4byte	0x7d
 526 01e9 01       		.byte	0x1
 527 01ea 00       		.byte	0
 528 01eb 14       		.uleb128 0x14
 529 01ec CF010000 		.4byte	0x1cf
 530 01f0 15       		.uleb128 0x15
 531 01f1 2D000000 		.4byte	.LASF25
 532 01f5 01       		.byte	0x1
 533 01f6 0401     		.2byte	0x104
 534 01f8 02020000 		.4byte	0x202
 535 01fc 05       		.uleb128 0x5
 536 01fd 03       		.byte	0x3
 537 01fe 00000000 		.4byte	cfg_memset_list.4884
 538 0202 14       		.uleb128 0x14
ARM GAS  C:\Users\ADMINI~1\AppData\Local\Temp\ccJPK3Zf.s 			page 16


 539 0203 DB010000 		.4byte	0x1db
 540 0207 16       		.uleb128 0x16
 541 0208 6900     		.ascii	"i\000"
 542 020a 01       		.byte	0x1
 543 020b 0A01     		.2byte	0x10a
 544 020d 8D000000 		.4byte	0x8d
 545 0211 4D000000 		.4byte	.LLST2
 546 0215 17       		.uleb128 0x17
 547 0216 62000000 		.4byte	.LBB3
 548 021a 1C000000 		.4byte	.LBE3-.LBB3
 549 021e 16       		.uleb128 0x16
 550 021f 6D7300   		.ascii	"ms\000"
 551 0222 01       		.byte	0x1
 552 0223 0F01     		.2byte	0x10f
 553 0225 2D020000 		.4byte	0x22d
 554 0229 77000000 		.4byte	.LLST3
 555 022d 18       		.uleb128 0x18
 556 022e 04       		.byte	0x4
 557 022f EB010000 		.4byte	0x1eb
 558 0233 0B       		.uleb128 0xb
 559 0234 7E000000 		.4byte	.LVL8
 560 0238 F2000000 		.4byte	0xf2
 561 023c 0C       		.uleb128 0xc
 562 023d 01       		.uleb128 0x1
 563 023e 51       		.byte	0x51
 564 023f 15       		.uleb128 0x15
 565 0240 74       		.byte	0x74
 566 0241 00       		.sleb128 0
 567 0242 31       		.byte	0x31
 568 0243 24       		.byte	0x24
 569 0244 74       		.byte	0x74
 570 0245 00       		.sleb128 0
 571 0246 22       		.byte	0x22
 572 0247 31       		.byte	0x31
 573 0248 24       		.byte	0x24
 574 0249 03       		.byte	0x3
 575 024a 04000000 		.4byte	.LANCHOR0+4
 576 024e 22       		.byte	0x22
 577 024f 94       		.byte	0x94
 578 0250 02       		.byte	0x2
 579 0251 0A       		.byte	0xa
 580 0252 FFFF     		.2byte	0xffff
 581 0254 1A       		.byte	0x1a
 582 0255 00       		.byte	0
 583 0256 00       		.byte	0
 584 0257 00       		.byte	0
 585 0258 19       		.uleb128 0x19
 586 0259 BE000000 		.4byte	.LVL11
 587 025d 3F010000 		.4byte	0x13f
 588 0261 19       		.uleb128 0x19
 589 0262 C2000000 		.4byte	.LVL12
 590 0266 E1000000 		.4byte	0xe1
 591 026a 00       		.byte	0
 592 026b 1A       		.uleb128 0x1a
 593 026c 9B000000 		.4byte	.LASF34
 594 0270 9B000000 		.4byte	.LASF34
 595 0274 1B       		.uleb128 0x1b
ARM GAS  C:\Users\ADMINI~1\AppData\Local\Temp\ccJPK3Zf.s 			page 17


 596 0275 23020000 		.4byte	.LASF26
 597 0279 23020000 		.4byte	.LASF26
 598 027d 04       		.byte	0x4
 599 027e 6C       		.byte	0x6c
 600 027f 1B       		.uleb128 0x1b
 601 0280 1E000000 		.4byte	.LASF27
 602 0284 1E000000 		.4byte	.LASF27
 603 0288 04       		.byte	0x4
 604 0289 BD       		.byte	0xbd
 605 028a 1B       		.uleb128 0x1b
 606 028b A9000000 		.4byte	.LASF28
 607 028f A9000000 		.4byte	.LASF28
 608 0293 04       		.byte	0x4
 609 0294 C3       		.byte	0xc3
 610 0295 00       		.byte	0
 611              		.section	.debug_abbrev,"",%progbits
 612              	.Ldebug_abbrev0:
 613 0000 01       		.uleb128 0x1
 614 0001 11       		.uleb128 0x11
 615 0002 01       		.byte	0x1
 616 0003 25       		.uleb128 0x25
 617 0004 0E       		.uleb128 0xe
 618 0005 13       		.uleb128 0x13
 619 0006 0B       		.uleb128 0xb
 620 0007 03       		.uleb128 0x3
 621 0008 0E       		.uleb128 0xe
 622 0009 1B       		.uleb128 0x1b
 623 000a 0E       		.uleb128 0xe
 624 000b 55       		.uleb128 0x55
 625 000c 17       		.uleb128 0x17
 626 000d 11       		.uleb128 0x11
 627 000e 01       		.uleb128 0x1
 628 000f 10       		.uleb128 0x10
 629 0010 17       		.uleb128 0x17
 630 0011 00       		.byte	0
 631 0012 00       		.byte	0
 632 0013 02       		.uleb128 0x2
 633 0014 24       		.uleb128 0x24
 634 0015 00       		.byte	0
 635 0016 0B       		.uleb128 0xb
 636 0017 0B       		.uleb128 0xb
 637 0018 3E       		.uleb128 0x3e
 638 0019 0B       		.uleb128 0xb
 639 001a 03       		.uleb128 0x3
 640 001b 08       		.uleb128 0x8
 641 001c 00       		.byte	0
 642 001d 00       		.byte	0
 643 001e 03       		.uleb128 0x3
 644 001f 16       		.uleb128 0x16
 645 0020 00       		.byte	0
 646 0021 03       		.uleb128 0x3
 647 0022 0E       		.uleb128 0xe
 648 0023 3A       		.uleb128 0x3a
 649 0024 0B       		.uleb128 0xb
 650 0025 3B       		.uleb128 0x3b
 651 0026 0B       		.uleb128 0xb
 652 0027 49       		.uleb128 0x49
ARM GAS  C:\Users\ADMINI~1\AppData\Local\Temp\ccJPK3Zf.s 			page 18


 653 0028 13       		.uleb128 0x13
 654 0029 00       		.byte	0
 655 002a 00       		.byte	0
 656 002b 04       		.uleb128 0x4
 657 002c 24       		.uleb128 0x24
 658 002d 00       		.byte	0
 659 002e 0B       		.uleb128 0xb
 660 002f 0B       		.uleb128 0xb
 661 0030 3E       		.uleb128 0x3e
 662 0031 0B       		.uleb128 0xb
 663 0032 03       		.uleb128 0x3
 664 0033 0E       		.uleb128 0xe
 665 0034 00       		.byte	0
 666 0035 00       		.byte	0
 667 0036 05       		.uleb128 0x5
 668 0037 0F       		.uleb128 0xf
 669 0038 00       		.byte	0
 670 0039 0B       		.uleb128 0xb
 671 003a 0B       		.uleb128 0xb
 672 003b 00       		.byte	0
 673 003c 00       		.byte	0
 674 003d 06       		.uleb128 0x6
 675 003e 16       		.uleb128 0x16
 676 003f 00       		.byte	0
 677 0040 03       		.uleb128 0x3
 678 0041 0E       		.uleb128 0xe
 679 0042 3A       		.uleb128 0x3a
 680 0043 0B       		.uleb128 0xb
 681 0044 3B       		.uleb128 0x3b
 682 0045 05       		.uleb128 0x5
 683 0046 49       		.uleb128 0x49
 684 0047 13       		.uleb128 0x13
 685 0048 00       		.byte	0
 686 0049 00       		.byte	0
 687 004a 07       		.uleb128 0x7
 688 004b 35       		.uleb128 0x35
 689 004c 00       		.byte	0
 690 004d 49       		.uleb128 0x49
 691 004e 13       		.uleb128 0x13
 692 004f 00       		.byte	0
 693 0050 00       		.byte	0
 694 0051 08       		.uleb128 0x8
 695 0052 2E       		.uleb128 0x2e
 696 0053 00       		.byte	0
 697 0054 03       		.uleb128 0x3
 698 0055 0E       		.uleb128 0xe
 699 0056 3A       		.uleb128 0x3a
 700 0057 0B       		.uleb128 0xb
 701 0058 3B       		.uleb128 0x3b
 702 0059 0B       		.uleb128 0xb
 703 005a 27       		.uleb128 0x27
 704 005b 19       		.uleb128 0x19
 705 005c 11       		.uleb128 0x11
 706 005d 01       		.uleb128 0x1
 707 005e 12       		.uleb128 0x12
 708 005f 06       		.uleb128 0x6
 709 0060 40       		.uleb128 0x40
ARM GAS  C:\Users\ADMINI~1\AppData\Local\Temp\ccJPK3Zf.s 			page 19


 710 0061 18       		.uleb128 0x18
 711 0062 9742     		.uleb128 0x2117
 712 0064 19       		.uleb128 0x19
 713 0065 00       		.byte	0
 714 0066 00       		.byte	0
 715 0067 09       		.uleb128 0x9
 716 0068 2E       		.uleb128 0x2e
 717 0069 01       		.byte	0x1
 718 006a 03       		.uleb128 0x3
 719 006b 0E       		.uleb128 0xe
 720 006c 3A       		.uleb128 0x3a
 721 006d 0B       		.uleb128 0xb
 722 006e 3B       		.uleb128 0x3b
 723 006f 0B       		.uleb128 0xb
 724 0070 27       		.uleb128 0x27
 725 0071 19       		.uleb128 0x19
 726 0072 11       		.uleb128 0x11
 727 0073 01       		.uleb128 0x1
 728 0074 12       		.uleb128 0x12
 729 0075 06       		.uleb128 0x6
 730 0076 40       		.uleb128 0x40
 731 0077 18       		.uleb128 0x18
 732 0078 9742     		.uleb128 0x2117
 733 007a 19       		.uleb128 0x19
 734 007b 01       		.uleb128 0x1
 735 007c 13       		.uleb128 0x13
 736 007d 00       		.byte	0
 737 007e 00       		.byte	0
 738 007f 0A       		.uleb128 0xa
 739 0080 05       		.uleb128 0x5
 740 0081 00       		.byte	0
 741 0082 03       		.uleb128 0x3
 742 0083 08       		.uleb128 0x8
 743 0084 3A       		.uleb128 0x3a
 744 0085 0B       		.uleb128 0xb
 745 0086 3B       		.uleb128 0x3b
 746 0087 0B       		.uleb128 0xb
 747 0088 49       		.uleb128 0x49
 748 0089 13       		.uleb128 0x13
 749 008a 02       		.uleb128 0x2
 750 008b 17       		.uleb128 0x17
 751 008c 00       		.byte	0
 752 008d 00       		.byte	0
 753 008e 0B       		.uleb128 0xb
 754 008f 898201   		.uleb128 0x4109
 755 0092 01       		.byte	0x1
 756 0093 11       		.uleb128 0x11
 757 0094 01       		.uleb128 0x1
 758 0095 31       		.uleb128 0x31
 759 0096 13       		.uleb128 0x13
 760 0097 00       		.byte	0
 761 0098 00       		.byte	0
 762 0099 0C       		.uleb128 0xc
 763 009a 8A8201   		.uleb128 0x410a
 764 009d 00       		.byte	0
 765 009e 02       		.uleb128 0x2
 766 009f 18       		.uleb128 0x18
ARM GAS  C:\Users\ADMINI~1\AppData\Local\Temp\ccJPK3Zf.s 			page 20


 767 00a0 9142     		.uleb128 0x2111
 768 00a2 18       		.uleb128 0x18
 769 00a3 00       		.byte	0
 770 00a4 00       		.byte	0
 771 00a5 0D       		.uleb128 0xd
 772 00a6 898201   		.uleb128 0x4109
 773 00a9 01       		.byte	0x1
 774 00aa 11       		.uleb128 0x11
 775 00ab 01       		.uleb128 0x1
 776 00ac 31       		.uleb128 0x31
 777 00ad 13       		.uleb128 0x13
 778 00ae 01       		.uleb128 0x1
 779 00af 13       		.uleb128 0x13
 780 00b0 00       		.byte	0
 781 00b1 00       		.byte	0
 782 00b2 0E       		.uleb128 0xe
 783 00b3 2E       		.uleb128 0x2e
 784 00b4 01       		.byte	0x1
 785 00b5 3F       		.uleb128 0x3f
 786 00b6 19       		.uleb128 0x19
 787 00b7 03       		.uleb128 0x3
 788 00b8 0E       		.uleb128 0xe
 789 00b9 3A       		.uleb128 0x3a
 790 00ba 0B       		.uleb128 0xb
 791 00bb 3B       		.uleb128 0x3b
 792 00bc 0B       		.uleb128 0xb
 793 00bd 27       		.uleb128 0x27
 794 00be 19       		.uleb128 0x19
 795 00bf 11       		.uleb128 0x11
 796 00c0 01       		.uleb128 0x1
 797 00c1 12       		.uleb128 0x12
 798 00c2 06       		.uleb128 0x6
 799 00c3 40       		.uleb128 0x40
 800 00c4 18       		.uleb128 0x18
 801 00c5 9742     		.uleb128 0x2117
 802 00c7 19       		.uleb128 0x19
 803 00c8 01       		.uleb128 0x1
 804 00c9 13       		.uleb128 0x13
 805 00ca 00       		.byte	0
 806 00cb 00       		.byte	0
 807 00cc 0F       		.uleb128 0xf
 808 00cd 0B       		.uleb128 0xb
 809 00ce 01       		.byte	0x1
 810 00cf 11       		.uleb128 0x11
 811 00d0 01       		.uleb128 0x1
 812 00d1 12       		.uleb128 0x12
 813 00d2 06       		.uleb128 0x6
 814 00d3 01       		.uleb128 0x1
 815 00d4 13       		.uleb128 0x13
 816 00d5 00       		.byte	0
 817 00d6 00       		.byte	0
 818 00d7 10       		.uleb128 0x10
 819 00d8 13       		.uleb128 0x13
 820 00d9 01       		.byte	0x1
 821 00da 0B       		.uleb128 0xb
 822 00db 0B       		.uleb128 0xb
 823 00dc 3A       		.uleb128 0x3a
ARM GAS  C:\Users\ADMINI~1\AppData\Local\Temp\ccJPK3Zf.s 			page 21


 824 00dd 0B       		.uleb128 0xb
 825 00de 3B       		.uleb128 0x3b
 826 00df 0B       		.uleb128 0xb
 827 00e0 01       		.uleb128 0x1
 828 00e1 13       		.uleb128 0x13
 829 00e2 00       		.byte	0
 830 00e3 00       		.byte	0
 831 00e4 11       		.uleb128 0x11
 832 00e5 0D       		.uleb128 0xd
 833 00e6 00       		.byte	0
 834 00e7 03       		.uleb128 0x3
 835 00e8 0E       		.uleb128 0xe
 836 00e9 3A       		.uleb128 0x3a
 837 00ea 0B       		.uleb128 0xb
 838 00eb 3B       		.uleb128 0x3b
 839 00ec 05       		.uleb128 0x5
 840 00ed 49       		.uleb128 0x49
 841 00ee 13       		.uleb128 0x13
 842 00ef 38       		.uleb128 0x38
 843 00f0 0B       		.uleb128 0xb
 844 00f1 00       		.byte	0
 845 00f2 00       		.byte	0
 846 00f3 12       		.uleb128 0x12
 847 00f4 01       		.uleb128 0x1
 848 00f5 01       		.byte	0x1
 849 00f6 49       		.uleb128 0x49
 850 00f7 13       		.uleb128 0x13
 851 00f8 01       		.uleb128 0x1
 852 00f9 13       		.uleb128 0x13
 853 00fa 00       		.byte	0
 854 00fb 00       		.byte	0
 855 00fc 13       		.uleb128 0x13
 856 00fd 21       		.uleb128 0x21
 857 00fe 00       		.byte	0
 858 00ff 49       		.uleb128 0x49
 859 0100 13       		.uleb128 0x13
 860 0101 2F       		.uleb128 0x2f
 861 0102 0B       		.uleb128 0xb
 862 0103 00       		.byte	0
 863 0104 00       		.byte	0
 864 0105 14       		.uleb128 0x14
 865 0106 26       		.uleb128 0x26
 866 0107 00       		.byte	0
 867 0108 49       		.uleb128 0x49
 868 0109 13       		.uleb128 0x13
 869 010a 00       		.byte	0
 870 010b 00       		.byte	0
 871 010c 15       		.uleb128 0x15
 872 010d 34       		.uleb128 0x34
 873 010e 00       		.byte	0
 874 010f 03       		.uleb128 0x3
 875 0110 0E       		.uleb128 0xe
 876 0111 3A       		.uleb128 0x3a
 877 0112 0B       		.uleb128 0xb
 878 0113 3B       		.uleb128 0x3b
 879 0114 05       		.uleb128 0x5
 880 0115 49       		.uleb128 0x49
ARM GAS  C:\Users\ADMINI~1\AppData\Local\Temp\ccJPK3Zf.s 			page 22


 881 0116 13       		.uleb128 0x13
 882 0117 02       		.uleb128 0x2
 883 0118 18       		.uleb128 0x18
 884 0119 00       		.byte	0
 885 011a 00       		.byte	0
 886 011b 16       		.uleb128 0x16
 887 011c 34       		.uleb128 0x34
 888 011d 00       		.byte	0
 889 011e 03       		.uleb128 0x3
 890 011f 08       		.uleb128 0x8
 891 0120 3A       		.uleb128 0x3a
 892 0121 0B       		.uleb128 0xb
 893 0122 3B       		.uleb128 0x3b
 894 0123 05       		.uleb128 0x5
 895 0124 49       		.uleb128 0x49
 896 0125 13       		.uleb128 0x13
 897 0126 02       		.uleb128 0x2
 898 0127 17       		.uleb128 0x17
 899 0128 00       		.byte	0
 900 0129 00       		.byte	0
 901 012a 17       		.uleb128 0x17
 902 012b 0B       		.uleb128 0xb
 903 012c 01       		.byte	0x1
 904 012d 11       		.uleb128 0x11
 905 012e 01       		.uleb128 0x1
 906 012f 12       		.uleb128 0x12
 907 0130 06       		.uleb128 0x6
 908 0131 00       		.byte	0
 909 0132 00       		.byte	0
 910 0133 18       		.uleb128 0x18
 911 0134 0F       		.uleb128 0xf
 912 0135 00       		.byte	0
 913 0136 0B       		.uleb128 0xb
 914 0137 0B       		.uleb128 0xb
 915 0138 49       		.uleb128 0x49
 916 0139 13       		.uleb128 0x13
 917 013a 00       		.byte	0
 918 013b 00       		.byte	0
 919 013c 19       		.uleb128 0x19
 920 013d 898201   		.uleb128 0x4109
 921 0140 00       		.byte	0
 922 0141 11       		.uleb128 0x11
 923 0142 01       		.uleb128 0x1
 924 0143 31       		.uleb128 0x31
 925 0144 13       		.uleb128 0x13
 926 0145 00       		.byte	0
 927 0146 00       		.byte	0
 928 0147 1A       		.uleb128 0x1a
 929 0148 2E       		.uleb128 0x2e
 930 0149 00       		.byte	0
 931 014a 3F       		.uleb128 0x3f
 932 014b 19       		.uleb128 0x19
 933 014c 3C       		.uleb128 0x3c
 934 014d 19       		.uleb128 0x19
 935 014e 6E       		.uleb128 0x6e
 936 014f 0E       		.uleb128 0xe
 937 0150 03       		.uleb128 0x3
ARM GAS  C:\Users\ADMINI~1\AppData\Local\Temp\ccJPK3Zf.s 			page 23


 938 0151 0E       		.uleb128 0xe
 939 0152 00       		.byte	0
 940 0153 00       		.byte	0
 941 0154 1B       		.uleb128 0x1b
 942 0155 2E       		.uleb128 0x2e
 943 0156 00       		.byte	0
 944 0157 3F       		.uleb128 0x3f
 945 0158 19       		.uleb128 0x19
 946 0159 3C       		.uleb128 0x3c
 947 015a 19       		.uleb128 0x19
 948 015b 6E       		.uleb128 0x6e
 949 015c 0E       		.uleb128 0xe
 950 015d 03       		.uleb128 0x3
 951 015e 0E       		.uleb128 0xe
 952 015f 3A       		.uleb128 0x3a
 953 0160 0B       		.uleb128 0xb
 954 0161 3B       		.uleb128 0x3b
 955 0162 0B       		.uleb128 0xb
 956 0163 00       		.byte	0
 957 0164 00       		.byte	0
 958 0165 00       		.byte	0
 959              		.section	.debug_loc,"",%progbits
 960              	.Ldebug_loc0:
 961              	.LLST0:
 962 0000 00000000 		.4byte	.LVL0
 963 0004 09000000 		.4byte	.LVL2-1
 964 0008 0100     		.2byte	0x1
 965 000a 50       		.byte	0x50
 966 000b 09000000 		.4byte	.LVL2-1
 967 000f 0C000000 		.4byte	.LFE2
 968 0013 0400     		.2byte	0x4
 969 0015 F3       		.byte	0xf3
 970 0016 01       		.uleb128 0x1
 971 0017 50       		.byte	0x50
 972 0018 9F       		.byte	0x9f
 973 0019 00000000 		.4byte	0
 974 001d 00000000 		.4byte	0
 975              	.LLST1:
 976 0021 00000000 		.4byte	.LVL0
 977 0025 06000000 		.4byte	.LVL1
 978 0029 0100     		.2byte	0x1
 979 002b 51       		.byte	0x51
 980 002c 06000000 		.4byte	.LVL1
 981 0030 09000000 		.4byte	.LVL2-1
 982 0034 0100     		.2byte	0x1
 983 0036 52       		.byte	0x52
 984 0037 09000000 		.4byte	.LVL2-1
 985 003b 0C000000 		.4byte	.LFE2
 986 003f 0400     		.2byte	0x4
 987 0041 F3       		.byte	0xf3
 988 0042 01       		.uleb128 0x1
 989 0043 51       		.byte	0x51
 990 0044 9F       		.byte	0x9f
 991 0045 00000000 		.4byte	0
 992 0049 00000000 		.4byte	0
 993              	.LLST2:
 994 004d 5E000000 		.4byte	.LVL6
ARM GAS  C:\Users\ADMINI~1\AppData\Local\Temp\ccJPK3Zf.s 			page 24


 995 0051 62000000 		.4byte	.LVL7
 996 0055 0200     		.2byte	0x2
 997 0057 30       		.byte	0x30
 998 0058 9F       		.byte	0x9f
 999 0059 62000000 		.4byte	.LVL7
 1000 005d 80000000 		.4byte	.LVL9
 1001 0061 0100     		.2byte	0x1
 1002 0063 54       		.byte	0x54
 1003 0064 82000000 		.4byte	.LVL10
 1004 0068 C2000000 		.4byte	.LVL13
 1005 006c 0100     		.2byte	0x1
 1006 006e 54       		.byte	0x54
 1007 006f 00000000 		.4byte	0
 1008 0073 00000000 		.4byte	0
 1009              	.LLST3:
 1010 0077 62000000 		.4byte	.LVL7
 1011 007b 80000000 		.4byte	.LVL9
 1012 007f 0B00     		.2byte	0xb
 1013 0081 74       		.byte	0x74
 1014 0082 00       		.sleb128 0
 1015 0083 36       		.byte	0x36
 1016 0084 1E       		.byte	0x1e
 1017 0085 03       		.byte	0x3
 1018 0086 00000000 		.4byte	cfg_memset_list.4884
 1019 008a 22       		.byte	0x22
 1020 008b 9F       		.byte	0x9f
 1021 008c 80000000 		.4byte	.LVL9
 1022 0090 82000000 		.4byte	.LVL10
 1023 0094 0B00     		.2byte	0xb
 1024 0096 74       		.byte	0x74
 1025 0097 7F       		.sleb128 -1
 1026 0098 36       		.byte	0x36
 1027 0099 1E       		.byte	0x1e
 1028 009a 03       		.byte	0x3
 1029 009b 00000000 		.4byte	cfg_memset_list.4884
 1030 009f 22       		.byte	0x22
 1031 00a0 9F       		.byte	0x9f
 1032 00a1 00000000 		.4byte	0
 1033 00a5 00000000 		.4byte	0
 1034              		.section	.debug_aranges,"",%progbits
 1035 0000 34000000 		.4byte	0x34
 1036 0004 0200     		.2byte	0x2
 1037 0006 00000000 		.4byte	.Ldebug_info0
 1038 000a 04       		.byte	0x4
 1039 000b 00       		.byte	0
 1040 000c 0000     		.2byte	0
 1041 000e 0000     		.2byte	0
 1042 0010 00000000 		.4byte	.LFB6
 1043 0014 20000000 		.4byte	.LFE6-.LFB6
 1044 0018 00000000 		.4byte	.LFB2
 1045 001c 0C000000 		.4byte	.LFE2-.LFB2
 1046 0020 00000000 		.4byte	.LFB5
 1047 0024 54000000 		.4byte	.LFE5-.LFB5
 1048 0028 54000000 		.4byte	.LFB7
 1049 002c 94000000 		.4byte	.LFE7-.LFB7
 1050 0030 00000000 		.4byte	0
 1051 0034 00000000 		.4byte	0
ARM GAS  C:\Users\ADMINI~1\AppData\Local\Temp\ccJPK3Zf.s 			page 25


 1052              		.section	.debug_ranges,"",%progbits
 1053              	.Ldebug_ranges0:
 1054 0000 00000000 		.4byte	.LFB6
 1055 0004 20000000 		.4byte	.LFE6
 1056 0008 00000000 		.4byte	.LFB2
 1057 000c 0C000000 		.4byte	.LFE2
 1058 0010 00000000 		.4byte	.LFB5
 1059 0014 54000000 		.4byte	.LFE5
 1060 0018 54000000 		.4byte	.LFB7
 1061 001c E8000000 		.4byte	.LFE7
 1062 0020 00000000 		.4byte	0
 1063 0024 00000000 		.4byte	0
 1064              		.section	.debug_line,"",%progbits
 1065              	.Ldebug_line0:
 1066 0000 3F010000 		.section	.debug_str,"MS",%progbits,1
 1066      0200D600 
 1066      00000201 
 1066      FB0E0D00 
 1066      01010101 
 1067              	.LASF19:
 1068 0000 72656733 		.ascii	"reg32\000"
 1068      3200
 1069              	.LASF12:
 1070 0006 73697A65 		.ascii	"size_t\000"
 1070      5F7400
 1071              	.LASF32:
 1072 000d 416E616C 		.ascii	"AnalogSetDefault\000"
 1072      6F675365 
 1072      74446566 
 1072      61756C74 
 1072      00
 1073              	.LASF27:
 1074 001e 4379496E 		.ascii	"CyIntSetVector\000"
 1074      74536574 
 1074      56656374 
 1074      6F7200
 1075              	.LASF25:
 1076 002d 6366675F 		.ascii	"cfg_memset_list\000"
 1076      6D656D73 
 1076      65745F6C 
 1076      69737400 
 1077              	.LASF21:
 1078 003d 436C6F63 		.ascii	"ClockSetup\000"
 1078      6B536574 
 1078      757000
 1079              	.LASF6:
 1080 0048 73686F72 		.ascii	"short unsigned int\000"
 1080      7420756E 
 1080      7369676E 
 1080      65642069 
 1080      6E7400
 1081              	.LASF16:
 1082 005b 666C6F61 		.ascii	"float\000"
 1082      7400
 1083              	.LASF23:
 1084 0061 73697A65 		.ascii	"size\000"
 1084      00
ARM GAS  C:\Users\ADMINI~1\AppData\Local\Temp\ccJPK3Zf.s 			page 26


 1085              	.LASF18:
 1086 0066 72656738 		.ascii	"reg8\000"
 1086      00
 1087              	.LASF8:
 1088 006b 6C6F6E67 		.ascii	"long unsigned int\000"
 1088      20756E73 
 1088      69676E65 
 1088      6420696E 
 1088      7400
 1089              	.LASF13:
 1090 007d 75696E74 		.ascii	"uint8\000"
 1090      3800
 1091              	.LASF20:
 1092 0083 43594D45 		.ascii	"CYMEMZERO\000"
 1092      4D5A4552 
 1092      4F00
 1093              	.LASF4:
 1094 008d 756E7369 		.ascii	"unsigned char\000"
 1094      676E6564 
 1094      20636861 
 1094      7200
 1095              	.LASF34:
 1096 009b 6D656D73 		.ascii	"memset\000"
 1096      657400
 1097              	.LASF17:
 1098 00a2 646F7562 		.ascii	"double\000"
 1098      6C6500
 1099              	.LASF28:
 1100 00a9 4379496E 		.ascii	"CyIntEnable\000"
 1100      74456E61 
 1100      626C6500 
 1101              	.LASF31:
 1102 00b5 433A5C55 		.ascii	"C:\\Users\\Administrator\\Desktop\\Temporary Files\\"
 1102      73657273 
 1102      5C41646D 
 1102      696E6973 
 1102      74726174 
 1103 00e4 43797072 		.ascii	"Cypress_Lowpower\\Lowpower\\LowpowerMode\\Deepsleep"
 1103      6573735F 
 1103      4C6F7770 
 1103      6F776572 
 1103      5C4C6F77 
 1104 0114 2E637964 		.ascii	".cydsn\000"
 1104      736E00
 1105              	.LASF14:
 1106 011b 75696E74 		.ascii	"uint16\000"
 1106      313600
 1107              	.LASF15:
 1108 0122 75696E74 		.ascii	"uint32\000"
 1108      333200
 1109              	.LASF0:
 1110 0129 756E7369 		.ascii	"unsigned int\000"
 1110      676E6564 
 1110      20696E74 
 1110      00
 1111              	.LASF33:
 1112 0136 63796669 		.ascii	"cyfitter_cfg\000"
ARM GAS  C:\Users\ADMINI~1\AppData\Local\Temp\ccJPK3Zf.s 			page 27


 1112      74746572 
 1112      5F636667 
 1112      00
 1113              	.LASF22:
 1114 0143 61646472 		.ascii	"address\000"
 1114      65737300 
 1115              	.LASF9:
 1116 014b 6C6F6E67 		.ascii	"long long unsigned int\000"
 1116      206C6F6E 
 1116      6720756E 
 1116      7369676E 
 1116      65642069 
 1117              	.LASF29:
 1118 0162 474E5520 		.ascii	"GNU C11 5.4.1 20160609 (release) [ARM/embedded-5-br"
 1118      43313120 
 1118      352E342E 
 1118      31203230 
 1118      31363036 
 1119 0195 616E6368 		.ascii	"anch revision 237715] -mcpu=cortex-m0 -mthumb -g -O"
 1119      20726576 
 1119      6973696F 
 1119      6E203233 
 1119      37373135 
 1120 01c8 67202D66 		.ascii	"g -ffunction-sections -ffat-lto-objects\000"
 1120      66756E63 
 1120      74696F6E 
 1120      2D736563 
 1120      74696F6E 
 1121              	.LASF24:
 1122 01f0 6366675F 		.ascii	"cfg_memset_t\000"
 1122      6D656D73 
 1122      65745F74 
 1122      00
 1123              	.LASF10:
 1124 01fd 73697A65 		.ascii	"sizetype\000"
 1124      74797065 
 1124      00
 1125              	.LASF1:
 1126 0206 6C6F6E67 		.ascii	"long long int\000"
 1126      206C6F6E 
 1126      6720696E 
 1126      7400
 1127              	.LASF11:
 1128 0214 63686172 		.ascii	"char\000"
 1128      00
 1129              	.LASF5:
 1130 0219 73686F72 		.ascii	"short int\000"
 1130      7420696E 
 1130      7400
 1131              	.LASF26:
 1132 0223 43795379 		.ascii	"CySysClkWriteImoFreq\000"
 1132      73436C6B 
 1132      57726974 
 1132      65496D6F 
 1132      46726571 
 1133              	.LASF7:
 1134 0238 6C6F6E67 		.ascii	"long int\000"
ARM GAS  C:\Users\ADMINI~1\AppData\Local\Temp\ccJPK3Zf.s 			page 28


 1134      20696E74 
 1134      00
 1135              	.LASF2:
 1136 0241 6C6F6E67 		.ascii	"long double\000"
 1136      20646F75 
 1136      626C6500 
 1137              	.LASF3:
 1138 024d 7369676E 		.ascii	"signed char\000"
 1138      65642063 
 1138      68617200 
 1139              	.LASF30:
 1140 0259 47656E65 		.ascii	"Generated_Source\\PSoC4\\cyfitter_cfg.c\000"
 1140      72617465 
 1140      645F536F 
 1140      75726365 
 1140      5C50536F 
 1141              		.ident	"GCC: (GNU Tools for ARM Embedded Processors) 5.4.1 20160609 (release) [ARM/embedded-5-bran
