Archive member included to satisfy reference by file (symbol)

.\CortexM0\ARM_GCC_541\Debug\Deepsleep.a(SW_PM.o)
                              .\CortexM0\ARM_GCC_541\Debug\main.o (SW_Sleep)
.\CortexM0\ARM_GCC_541\Debug\Deepsleep.a(LED_Status.o)
                              .\CortexM0\ARM_GCC_541\Debug\main.o (LED_Status_Write)
.\CortexM0\ARM_GCC_541\Debug\Deepsleep.a(LED_Status_PM.o)
                              .\CortexM0\ARM_GCC_541\Debug\main.o (LED_Status_Sleep)
.\CortexM0\ARM_GCC_541\Debug\Deepsleep.a(isr_SW.o)
                              .\CortexM0\ARM_GCC_541\Debug\main.o (isr_SW_Start)
.\CortexM0\ARM_GCC_541\Debug\Deepsleep.a(CyLib.o)
                              .\CortexM0\ARM_GCC_541\Debug\cyfitter_cfg.o (CySysClkWriteImoFreq)
.\CortexM0\ARM_GCC_541\Debug\Deepsleep.a(cyPm.o)
                              .\CortexM0\ARM_GCC_541\Debug\main.o (CySysPmDeepSleep)
.\CortexM0\ARM_GCC_541\Debug\Deepsleep.a(CyLFClk.o)
                              .\CortexM0\ARM_GCC_541\Debug\cyfitter_cfg.o (CySysWdtIsr)
.\CortexM0\ARM_GCC_541\Debug\Deepsleep.a(CyBootAsmGnu.o)
                              .\CortexM0\ARM_GCC_541\Debug\Deepsleep.a(CyLib.o) (CyDelayCycles)
.\CortexM0\ARM_GCC_541\Debug\Deepsleep.a(SW.o)
                              .\CortexM0\ARM_GCC_541\Debug\Deepsleep.a(isr_SW.o) (SW_ClearInterrupt)
d:/program files (x86)/cypress/psoc creator/4.1/psoc creator/import/gnu/arm/5.4.1/bin/../lib/gcc/arm-none-eabi/5.4.1/armv6-m\libgcc.a(_udivsi3.o)
                              .\CortexM0\ARM_GCC_541\Debug\Deepsleep.a(CyLib.o) (__aeabi_uidiv)
d:/program files (x86)/cypress/psoc creator/4.1/psoc creator/import/gnu/arm/5.4.1/bin/../lib/gcc/arm-none-eabi/5.4.1/armv6-m\libgcc.a(_divsi3.o)
                              .\CortexM0\ARM_GCC_541\Debug\Deepsleep.a(CyLFClk.o) (__aeabi_idiv)
d:/program files (x86)/cypress/psoc creator/4.1/psoc creator/import/gnu/arm/5.4.1/bin/../lib/gcc/arm-none-eabi/5.4.1/armv6-m\libgcc.a(_dvmd_tls.o)
                              d:/program files (x86)/cypress/psoc creator/4.1/psoc creator/import/gnu/arm/5.4.1/bin/../lib/gcc/arm-none-eabi/5.4.1/armv6-m\libgcc.a(_udivsi3.o) (__aeabi_idiv0)
d:/program files (x86)/cypress/psoc creator/4.1/psoc creator/import/gnu/arm/5.4.1/bin/../lib/gcc/arm-none-eabi/5.4.1/../../../../arm-none-eabi/lib/armv6-m\libg_nano.a(lib_a-errno.o)
                              .\CortexM0\ARM_GCC_541\Debug\Cm0Start.o (__errno)
d:/program files (x86)/cypress/psoc creator/4.1/psoc creator/import/gnu/arm/5.4.1/bin/../lib/gcc/arm-none-eabi/5.4.1/../../../../arm-none-eabi/lib/armv6-m\libg_nano.a(lib_a-exit.o)
                              d:/program files (x86)/cypress/psoc creator/4.1/psoc creator/import/gnu/arm/5.4.1/bin/../lib/gcc/arm-none-eabi/5.4.1/../../../../arm-none-eabi/lib/armv6-m/crt0.o (exit)
d:/program files (x86)/cypress/psoc creator/4.1/psoc creator/import/gnu/arm/5.4.1/bin/../lib/gcc/arm-none-eabi/5.4.1/../../../../arm-none-eabi/lib/armv6-m\libg_nano.a(lib_a-impure.o)
                              d:/program files (x86)/cypress/psoc creator/4.1/psoc creator/import/gnu/arm/5.4.1/bin/../lib/gcc/arm-none-eabi/5.4.1/../../../../arm-none-eabi/lib/armv6-m\libg_nano.a(lib_a-exit.o) (_global_impure_ptr)
d:/program files (x86)/cypress/psoc creator/4.1/psoc creator/import/gnu/arm/5.4.1/bin/../lib/gcc/arm-none-eabi/5.4.1/../../../../arm-none-eabi/lib/armv6-m\libg_nano.a(lib_a-init.o)
                              d:/program files (x86)/cypress/psoc creator/4.1/psoc creator/import/gnu/arm/5.4.1/bin/../lib/gcc/arm-none-eabi/5.4.1/../../../../arm-none-eabi/lib/armv6-m/crt0.o (__libc_init_array)
d:/program files (x86)/cypress/psoc creator/4.1/psoc creator/import/gnu/arm/5.4.1/bin/../lib/gcc/arm-none-eabi/5.4.1/../../../../arm-none-eabi/lib/armv6-m\libg_nano.a(lib_a-memset.o)
                              d:/program files (x86)/cypress/psoc creator/4.1/psoc creator/import/gnu/arm/5.4.1/bin/../lib/gcc/arm-none-eabi/5.4.1/../../../../arm-none-eabi/lib/armv6-m/crt0.o (memset)

Discarded input sections

 .text          0x00000000        0x0 d:/program files (x86)/cypress/psoc creator/4.1/psoc creator/import/gnu/arm/5.4.1/bin/../lib/gcc/arm-none-eabi/5.4.1/armv6-m/crti.o
 .data          0x00000000        0x0 d:/program files (x86)/cypress/psoc creator/4.1/psoc creator/import/gnu/arm/5.4.1/bin/../lib/gcc/arm-none-eabi/5.4.1/armv6-m/crti.o
 .bss           0x00000000        0x0 d:/program files (x86)/cypress/psoc creator/4.1/psoc creator/import/gnu/arm/5.4.1/bin/../lib/gcc/arm-none-eabi/5.4.1/armv6-m/crti.o
 .data          0x00000000        0x4 d:/program files (x86)/cypress/psoc creator/4.1/psoc creator/import/gnu/arm/5.4.1/bin/../lib/gcc/arm-none-eabi/5.4.1/armv6-m/crtbegin.o
 .text          0x00000000       0x78 d:/program files (x86)/cypress/psoc creator/4.1/psoc creator/import/gnu/arm/5.4.1/bin/../lib/gcc/arm-none-eabi/5.4.1/../../../../arm-none-eabi/lib/armv6-m/crt0.o
 .data          0x00000000        0x0 d:/program files (x86)/cypress/psoc creator/4.1/psoc creator/import/gnu/arm/5.4.1/bin/../lib/gcc/arm-none-eabi/5.4.1/../../../../arm-none-eabi/lib/armv6-m/crt0.o
 .bss           0x00000000        0x0 d:/program files (x86)/cypress/psoc creator/4.1/psoc creator/import/gnu/arm/5.4.1/bin/../lib/gcc/arm-none-eabi/5.4.1/../../../../arm-none-eabi/lib/armv6-m/crt0.o
 .ARM.extab     0x00000000        0x0 d:/program files (x86)/cypress/psoc creator/4.1/psoc creator/import/gnu/arm/5.4.1/bin/../lib/gcc/arm-none-eabi/5.4.1/../../../../arm-none-eabi/lib/armv6-m/crt0.o
 .ARM.exidx     0x00000000        0x8 d:/program files (x86)/cypress/psoc creator/4.1/psoc creator/import/gnu/arm/5.4.1/bin/../lib/gcc/arm-none-eabi/5.4.1/../../../../arm-none-eabi/lib/armv6-m/crt0.o
 .text          0x00000000        0x0 .\CortexM0\ARM_GCC_541\Debug\main.o
 .data          0x00000000        0x0 .\CortexM0\ARM_GCC_541\Debug\main.o
 .bss           0x00000000        0x0 .\CortexM0\ARM_GCC_541\Debug\main.o
 .text          0x00000000        0x0 .\CortexM0\ARM_GCC_541\Debug\cyfitter_cfg.o
 .data          0x00000000        0x0 .\CortexM0\ARM_GCC_541\Debug\cyfitter_cfg.o
 .bss           0x00000000        0x0 .\CortexM0\ARM_GCC_541\Debug\cyfitter_cfg.o
 .text          0x00000000        0x0 .\CortexM0\ARM_GCC_541\Debug\cymetadata.o
 .data          0x00000000        0x0 .\CortexM0\ARM_GCC_541\Debug\cymetadata.o
 .bss           0x00000000        0x0 .\CortexM0\ARM_GCC_541\Debug\cymetadata.o
 .text          0x00000000        0x0 .\CortexM0\ARM_GCC_541\Debug\Cm0Start.o
 .data          0x00000000        0x4 .\CortexM0\ARM_GCC_541\Debug\Cm0Start.o
 .bss           0x00000000        0x0 .\CortexM0\ARM_GCC_541\Debug\Cm0Start.o
 .text._exit    0x00000000        0xc .\CortexM0\ARM_GCC_541\Debug\Cm0Start.o
 .text._sbrk    0x00000000       0x30 .\CortexM0\ARM_GCC_541\Debug\Cm0Start.o
 .text          0x00000000        0x0 .\CortexM0\ARM_GCC_541\Debug\Deepsleep.a(SW_PM.o)
 .data          0x00000000        0x0 .\CortexM0\ARM_GCC_541\Debug\Deepsleep.a(SW_PM.o)
 .text          0x00000000        0x0 .\CortexM0\ARM_GCC_541\Debug\Deepsleep.a(LED_Status.o)
 .data          0x00000000        0x0 .\CortexM0\ARM_GCC_541\Debug\Deepsleep.a(LED_Status.o)
 .bss           0x00000000        0x0 .\CortexM0\ARM_GCC_541\Debug\Deepsleep.a(LED_Status.o)
 .text.LED_Status_SetDriveMode
                0x00000000       0x18 .\CortexM0\ARM_GCC_541\Debug\Deepsleep.a(LED_Status.o)
 .text.LED_Status_Read
                0x00000000       0x10 .\CortexM0\ARM_GCC_541\Debug\Deepsleep.a(LED_Status.o)
 .text.LED_Status_ReadDataReg
                0x00000000       0x10 .\CortexM0\ARM_GCC_541\Debug\Deepsleep.a(LED_Status.o)
 .text.LED_Status_SetInterruptMode
                0x00000000       0x14 .\CortexM0\ARM_GCC_541\Debug\Deepsleep.a(LED_Status.o)
 .text.LED_Status_ClearInterrupt
                0x00000000       0x14 .\CortexM0\ARM_GCC_541\Debug\Deepsleep.a(LED_Status.o)
 .text          0x00000000        0x0 .\CortexM0\ARM_GCC_541\Debug\Deepsleep.a(LED_Status_PM.o)
 .data          0x00000000        0x0 .\CortexM0\ARM_GCC_541\Debug\Deepsleep.a(LED_Status_PM.o)
 .text          0x00000000        0x0 .\CortexM0\ARM_GCC_541\Debug\Deepsleep.a(isr_SW.o)
 .data          0x00000000        0x0 .\CortexM0\ARM_GCC_541\Debug\Deepsleep.a(isr_SW.o)
 .bss           0x00000000        0x0 .\CortexM0\ARM_GCC_541\Debug\Deepsleep.a(isr_SW.o)
 .text.isr_SW_GetVector
                0x00000000        0xc .\CortexM0\ARM_GCC_541\Debug\Deepsleep.a(isr_SW.o)
 .text.isr_SW_GetPriority
                0x00000000       0x10 .\CortexM0\ARM_GCC_541\Debug\Deepsleep.a(isr_SW.o)
 .text.isr_SW_GetState
                0x00000000       0x14 .\CortexM0\ARM_GCC_541\Debug\Deepsleep.a(isr_SW.o)
 .text.isr_SW_StartEx
                0x00000000       0x1c .\CortexM0\ARM_GCC_541\Debug\Deepsleep.a(isr_SW.o)
 .text.isr_SW_Stop
                0x00000000       0x14 .\CortexM0\ARM_GCC_541\Debug\Deepsleep.a(isr_SW.o)
 .text.isr_SW_SetPending
                0x00000000        0xc .\CortexM0\ARM_GCC_541\Debug\Deepsleep.a(isr_SW.o)
 .text          0x00000000        0x0 .\CortexM0\ARM_GCC_541\Debug\Deepsleep.a(CyLib.o)
 .bss           0x00000000       0x18 .\CortexM0\ARM_GCC_541\Debug\Deepsleep.a(CyLib.o)
 .text.CySysClkImoStart
                0x00000000       0x14 .\CortexM0\ARM_GCC_541\Debug\Deepsleep.a(CyLib.o)
 .text.CySysClkImoStop
                0x00000000       0x10 .\CortexM0\ARM_GCC_541\Debug\Deepsleep.a(CyLib.o)
 .text.CySysClkWriteHfclkDirect
                0x00000000       0x20 .\CortexM0\ARM_GCC_541\Debug\Deepsleep.a(CyLib.o)
 .text.CySysEnablePumpClock
                0x00000000       0x38 .\CortexM0\ARM_GCC_541\Debug\Deepsleep.a(CyLib.o)
 .text.CySysClkGetSysclkSource
                0x00000000       0x1c .\CortexM0\ARM_GCC_541\Debug\Deepsleep.a(CyLib.o)
 .text.CySysClkEcoReadStatus
                0x00000000       0x10 .\CortexM0\ARM_GCC_541\Debug\Deepsleep.a(CyLib.o)
 .text.CySysLvdDisable
                0x00000000       0x20 .\CortexM0\ARM_GCC_541\Debug\Deepsleep.a(CyLib.o)
 .text.CySysLvdGetInterruptSource
                0x00000000       0x10 .\CortexM0\ARM_GCC_541\Debug\Deepsleep.a(CyLib.o)
 .text.CySysLvdClearInterrupt
                0x00000000        0xc .\CortexM0\ARM_GCC_541\Debug\Deepsleep.a(CyLib.o)
 .text.CySysGetResetReason
                0x00000000       0x14 .\CortexM0\ARM_GCC_541\Debug\Deepsleep.a(CyLib.o)
 .text.CyDisableInts
                0x00000000       0x10 .\CortexM0\ARM_GCC_541\Debug\Deepsleep.a(CyLib.o)
 .text.CyEnableInts
                0x00000000        0xc .\CortexM0\ARM_GCC_541\Debug\Deepsleep.a(CyLib.o)
 .text.CyIntGetState
                0x00000000       0x18 .\CortexM0\ARM_GCC_541\Debug\Deepsleep.a(CyLib.o)
 .text.CyIntDisable
                0x00000000       0x14 .\CortexM0\ARM_GCC_541\Debug\Deepsleep.a(CyLib.o)
 .text.CyIntSetPending
                0x00000000       0x14 .\CortexM0\ARM_GCC_541\Debug\Deepsleep.a(CyLib.o)
 .text.CyIntClearPending
                0x00000000       0x14 .\CortexM0\ARM_GCC_541\Debug\Deepsleep.a(CyLib.o)
 .text.CySysClkWriteEcoDiv
                0x00000000       0x38 .\CortexM0\ARM_GCC_541\Debug\Deepsleep.a(CyLib.o)
 .text.CyIntSetSysVector
                0x00000000       0x20 .\CortexM0\ARM_GCC_541\Debug\Deepsleep.a(CyLib.o)
 .text.CyIntGetSysVector
                0x00000000       0x1c .\CortexM0\ARM_GCC_541\Debug\Deepsleep.a(CyLib.o)
 .text.CyIntGetVector
                0x00000000       0x20 .\CortexM0\ARM_GCC_541\Debug\Deepsleep.a(CyLib.o)
 .text.CyIntSetPriority
                0x00000000       0x4c .\CortexM0\ARM_GCC_541\Debug\Deepsleep.a(CyLib.o)
 .text.CyIntGetPriority
                0x00000000       0x2c .\CortexM0\ARM_GCC_541\Debug\Deepsleep.a(CyLib.o)
 .text.CySoftwareReset
                0x00000000       0x18 .\CortexM0\ARM_GCC_541\Debug\Deepsleep.a(CyLib.o)
 .text.CyDelayUs
                0x00000000       0x14 .\CortexM0\ARM_GCC_541\Debug\Deepsleep.a(CyLib.o)
 .text.CySysClkEcoStart
                0x00000000       0x54 .\CortexM0\ARM_GCC_541\Debug\Deepsleep.a(CyLib.o)
 .text.CySysLvdEnable
                0x00000000       0x44 .\CortexM0\ARM_GCC_541\Debug\Deepsleep.a(CyLib.o)
 .text.CyDelayFreq
                0x00000000       0x4c .\CortexM0\ARM_GCC_541\Debug\Deepsleep.a(CyLib.o)
 .text.CySysTickStop
                0x00000000       0x10 .\CortexM0\ARM_GCC_541\Debug\Deepsleep.a(CyLib.o)
 .text.CySysTickEnableInterrupt
                0x00000000       0x10 .\CortexM0\ARM_GCC_541\Debug\Deepsleep.a(CyLib.o)
 .text.CySysTickEnable
                0x00000000       0x18 .\CortexM0\ARM_GCC_541\Debug\Deepsleep.a(CyLib.o)
 .text.CySysTickDisableInterrupt
                0x00000000       0x10 .\CortexM0\ARM_GCC_541\Debug\Deepsleep.a(CyLib.o)
 .text.CySysTickSetReload
                0x00000000       0x10 .\CortexM0\ARM_GCC_541\Debug\Deepsleep.a(CyLib.o)
 .text.CySysTickGetReload
                0x00000000       0x10 .\CortexM0\ARM_GCC_541\Debug\Deepsleep.a(CyLib.o)
 .text.CySysTickGetValue
                0x00000000       0x10 .\CortexM0\ARM_GCC_541\Debug\Deepsleep.a(CyLib.o)
 .text.CySysTickSetClockSource
                0x00000000       0x20 .\CortexM0\ARM_GCC_541\Debug\Deepsleep.a(CyLib.o)
 .text.CySysTickGetClockSource
                0x00000000       0x10 .\CortexM0\ARM_GCC_541\Debug\Deepsleep.a(CyLib.o)
 .text.CySysTickGetCountFlag
                0x00000000       0x10 .\CortexM0\ARM_GCC_541\Debug\Deepsleep.a(CyLib.o)
 .text.CySysTickServiceCallbacks
                0x00000000       0x28 .\CortexM0\ARM_GCC_541\Debug\Deepsleep.a(CyLib.o)
 .text.CySysTickClear
                0x00000000        0xc .\CortexM0\ARM_GCC_541\Debug\Deepsleep.a(CyLib.o)
 .text.CySysTickInit
                0x00000000       0x44 .\CortexM0\ARM_GCC_541\Debug\Deepsleep.a(CyLib.o)
 .text.CySysTickStart
                0x00000000       0x20 .\CortexM0\ARM_GCC_541\Debug\Deepsleep.a(CyLib.o)
 .text.CySysTickSetCallback
                0x00000000       0x10 .\CortexM0\ARM_GCC_541\Debug\Deepsleep.a(CyLib.o)
 .text.CySysTickGetCallback
                0x00000000        0xc .\CortexM0\ARM_GCC_541\Debug\Deepsleep.a(CyLib.o)
 .text.CyGetUniqueId
                0x00000000       0x70 .\CortexM0\ARM_GCC_541\Debug\Deepsleep.a(CyLib.o)
 .text          0x00000000        0x0 .\CortexM0\ARM_GCC_541\Debug\Deepsleep.a(cyPm.o)
 .data          0x00000000        0x0 .\CortexM0\ARM_GCC_541\Debug\Deepsleep.a(cyPm.o)
 .bss           0x00000000        0x0 .\CortexM0\ARM_GCC_541\Debug\Deepsleep.a(cyPm.o)
 .text.CySysPmSleep
                0x00000000       0x1c .\CortexM0\ARM_GCC_541\Debug\Deepsleep.a(cyPm.o)
 .text.CySysPmHibernate
                0x00000000       0xb4 .\CortexM0\ARM_GCC_541\Debug\Deepsleep.a(cyPm.o)
 .text.CySysPmSetWakeupPolarity
                0x00000000       0x34 .\CortexM0\ARM_GCC_541\Debug\Deepsleep.a(cyPm.o)
 .text.CySysPmGetResetReason
                0x00000000       0x28 .\CortexM0\ARM_GCC_541\Debug\Deepsleep.a(cyPm.o)
 .text.CySysPmFreezeIo
                0x00000000       0x38 .\CortexM0\ARM_GCC_541\Debug\Deepsleep.a(cyPm.o)
 .text.CySysPmStop
                0x00000000       0x30 .\CortexM0\ARM_GCC_541\Debug\Deepsleep.a(cyPm.o)
 .text.CySysPmUnfreezeIo
                0x00000000       0x30 .\CortexM0\ARM_GCC_541\Debug\Deepsleep.a(cyPm.o)
 .text          0x00000000        0x0 .\CortexM0\ARM_GCC_541\Debug\Deepsleep.a(CyLFClk.o)
 .text.CySysClkIloEnabled
                0x00000000       0x14 .\CortexM0\ARM_GCC_541\Debug\Deepsleep.a(CyLFClk.o)
 .text.CySysClkGetLfclkSource
                0x00000000       0x10 .\CortexM0\ARM_GCC_541\Debug\Deepsleep.a(CyLFClk.o)
 .text.CySysClkIloStart
                0x00000000       0x14 .\CortexM0\ARM_GCC_541\Debug\Deepsleep.a(CyLFClk.o)
 .text.CySysClkIloStartMeasurement
                0x00000000       0x5c .\CortexM0\ARM_GCC_541\Debug\Deepsleep.a(CyLFClk.o)
 .text.CySysClkIloStopMeasurement
                0x00000000       0x14 .\CortexM0\ARM_GCC_541\Debug\Deepsleep.a(CyLFClk.o)
 .text.CySysClkIloCompensate
                0x00000000      0x104 .\CortexM0\ARM_GCC_541\Debug\Deepsleep.a(CyLFClk.o)
 .text.CySysClkIloUpdateTrimReg
                0x00000000       0xa8 .\CortexM0\ARM_GCC_541\Debug\Deepsleep.a(CyLFClk.o)
 .text.CySysClkIloTrim
                0x00000000       0xd8 .\CortexM0\ARM_GCC_541\Debug\Deepsleep.a(CyLFClk.o)
 .text.CySysClkIloRestoreFactoryTrim
                0x00000000       0x30 .\CortexM0\ARM_GCC_541\Debug\Deepsleep.a(CyLFClk.o)
 .text.CySysClkWcoStart
                0x00000000       0x40 .\CortexM0\ARM_GCC_541\Debug\Deepsleep.a(CyLFClk.o)
 .text.CySysClkWcoEnabled
                0x00000000       0x14 .\CortexM0\ARM_GCC_541\Debug\Deepsleep.a(CyLFClk.o)
 .text.CySysClkWcoSetPowerMode
                0x00000000       0x80 .\CortexM0\ARM_GCC_541\Debug\Deepsleep.a(CyLFClk.o)
 .text.CySysClkWcoClockOutSelect
                0x00000000       0x2c .\CortexM0\ARM_GCC_541\Debug\Deepsleep.a(CyLFClk.o)
 .text.CySysWdtGetEnabledStatus
                0x00000000       0x24 .\CortexM0\ARM_GCC_541\Debug\Deepsleep.a(CyLFClk.o)
 .text.CySysWdtSetMode
                0x00000000       0x38 .\CortexM0\ARM_GCC_541\Debug\Deepsleep.a(CyLFClk.o)
 .text.CySysClkLfclkPosedgeRestore
                0x00000000       0x2c .\CortexM0\ARM_GCC_541\Debug\Deepsleep.a(CyLFClk.o)
 .text.CySysWdtGetMode
                0x00000000       0x14 .\CortexM0\ARM_GCC_541\Debug\Deepsleep.a(CyLFClk.o)
 .text.CySysWdtSetClearOnMatch
                0x00000000       0x34 .\CortexM0\ARM_GCC_541\Debug\Deepsleep.a(CyLFClk.o)
 .text.CySysWdtGetClearOnMatch
                0x00000000       0x24 .\CortexM0\ARM_GCC_541\Debug\Deepsleep.a(CyLFClk.o)
 .text.CySysWdtEnable
                0x00000000       0x3c .\CortexM0\ARM_GCC_541\Debug\Deepsleep.a(CyLFClk.o)
 .text.CySysWdtDisable
                0x00000000       0x44 .\CortexM0\ARM_GCC_541\Debug\Deepsleep.a(CyLFClk.o)
 .text.CySysWdtSetCascade
                0x00000000       0x34 .\CortexM0\ARM_GCC_541\Debug\Deepsleep.a(CyLFClk.o)
 .text.CySysWdtGetCascade
                0x00000000       0x14 .\CortexM0\ARM_GCC_541\Debug\Deepsleep.a(CyLFClk.o)
 .text.CySysWdtSetMatch
                0x00000000       0x54 .\CortexM0\ARM_GCC_541\Debug\Deepsleep.a(CyLFClk.o)
 .text.CySysWdtSetToggleBit
                0x00000000       0x30 .\CortexM0\ARM_GCC_541\Debug\Deepsleep.a(CyLFClk.o)
 .text.CySysWdtGetToggleBit
                0x00000000       0x10 .\CortexM0\ARM_GCC_541\Debug\Deepsleep.a(CyLFClk.o)
 .text.CySysWdtGetMatch
                0x00000000       0x20 .\CortexM0\ARM_GCC_541\Debug\Deepsleep.a(CyLFClk.o)
 .text.CySysWdtGetCount
                0x00000000       0x3c .\CortexM0\ARM_GCC_541\Debug\Deepsleep.a(CyLFClk.o)
 .text.CySysClkLfclkPosedgeCatch
                0x00000000       0x74 .\CortexM0\ARM_GCC_541\Debug\Deepsleep.a(CyLFClk.o)
 .text.CySysClkIloStop
                0x00000000       0x4c .\CortexM0\ARM_GCC_541\Debug\Deepsleep.a(CyLFClk.o)
 .text.CySysClkSetLfclkSource
                0x00000000       0x38 .\CortexM0\ARM_GCC_541\Debug\Deepsleep.a(CyLFClk.o)
 .text.CySysClkWcoStop
                0x00000000       0x48 .\CortexM0\ARM_GCC_541\Debug\Deepsleep.a(CyLFClk.o)
 .text.CySysWdtGetInterruptSource
                0x00000000       0x14 .\CortexM0\ARM_GCC_541\Debug\Deepsleep.a(CyLFClk.o)
 .text.CySysWdtResetCounters
                0x00000000       0x20 .\CortexM0\ARM_GCC_541\Debug\Deepsleep.a(CyLFClk.o)
 .text.CySysWdtSetInterruptCallback
                0x00000000       0x20 .\CortexM0\ARM_GCC_541\Debug\Deepsleep.a(CyLFClk.o)
 .text.CySysWdtGetInterruptCallback
                0x00000000       0x20 .\CortexM0\ARM_GCC_541\Debug\Deepsleep.a(CyLFClk.o)
 .text.CySysWdtEnableCounterIsr
                0x00000000       0x34 .\CortexM0\ARM_GCC_541\Debug\Deepsleep.a(CyLFClk.o)
 .text.CySysWdtDisableCounterIsr
                0x00000000       0x28 .\CortexM0\ARM_GCC_541\Debug\Deepsleep.a(CyLFClk.o)
 .text.CySysWatchdogFeed
                0x00000000       0x60 .\CortexM0\ARM_GCC_541\Debug\Deepsleep.a(CyLFClk.o)
 .text.CySysTimerDelayUntilMatch
                0x00000000       0x6c .\CortexM0\ARM_GCC_541\Debug\Deepsleep.a(CyLFClk.o)
 .text.CySysTimerDelay
                0x00000000       0x3c .\CortexM0\ARM_GCC_541\Debug\Deepsleep.a(CyLFClk.o)
 .rodata        0x00000000        0xc .\CortexM0\ARM_GCC_541\Debug\Deepsleep.a(CyLFClk.o)
 .data          0x00000000        0x0 .\CortexM0\ARM_GCC_541\Debug\Deepsleep.a(CyBootAsmGnu.o)
 .bss           0x00000000        0x0 .\CortexM0\ARM_GCC_541\Debug\Deepsleep.a(CyBootAsmGnu.o)
 .text          0x00000000        0x0 .\CortexM0\ARM_GCC_541\Debug\Deepsleep.a(SW.o)
 .data          0x00000000        0x0 .\CortexM0\ARM_GCC_541\Debug\Deepsleep.a(SW.o)
 .bss           0x00000000        0x0 .\CortexM0\ARM_GCC_541\Debug\Deepsleep.a(SW.o)
 .text.SW_SetDriveMode
                0x00000000       0x18 .\CortexM0\ARM_GCC_541\Debug\Deepsleep.a(SW.o)
 .text.SW_Write
                0x00000000       0x18 .\CortexM0\ARM_GCC_541\Debug\Deepsleep.a(SW.o)
 .text.SW_Read  0x00000000       0x10 .\CortexM0\ARM_GCC_541\Debug\Deepsleep.a(SW.o)
 .text.SW_ReadDataReg
                0x00000000       0x10 .\CortexM0\ARM_GCC_541\Debug\Deepsleep.a(SW.o)
 .text.SW_SetInterruptMode
                0x00000000       0x14 .\CortexM0\ARM_GCC_541\Debug\Deepsleep.a(SW.o)
 .text          0x00000000      0x114 d:/program files (x86)/cypress/psoc creator/4.1/psoc creator/import/gnu/arm/5.4.1/bin/../lib/gcc/arm-none-eabi/5.4.1/armv6-m\libgcc.a(_udivsi3.o)
 .data          0x00000000        0x0 d:/program files (x86)/cypress/psoc creator/4.1/psoc creator/import/gnu/arm/5.4.1/bin/../lib/gcc/arm-none-eabi/5.4.1/armv6-m\libgcc.a(_udivsi3.o)
 .bss           0x00000000        0x0 d:/program files (x86)/cypress/psoc creator/4.1/psoc creator/import/gnu/arm/5.4.1/bin/../lib/gcc/arm-none-eabi/5.4.1/armv6-m\libgcc.a(_udivsi3.o)
 .text          0x00000000      0x1d4 d:/program files (x86)/cypress/psoc creator/4.1/psoc creator/import/gnu/arm/5.4.1/bin/../lib/gcc/arm-none-eabi/5.4.1/armv6-m\libgcc.a(_divsi3.o)
 .data          0x00000000        0x0 d:/program files (x86)/cypress/psoc creator/4.1/psoc creator/import/gnu/arm/5.4.1/bin/../lib/gcc/arm-none-eabi/5.4.1/armv6-m\libgcc.a(_divsi3.o)
 .bss           0x00000000        0x0 d:/program files (x86)/cypress/psoc creator/4.1/psoc creator/import/gnu/arm/5.4.1/bin/../lib/gcc/arm-none-eabi/5.4.1/armv6-m\libgcc.a(_divsi3.o)
 .text          0x00000000        0x4 d:/program files (x86)/cypress/psoc creator/4.1/psoc creator/import/gnu/arm/5.4.1/bin/../lib/gcc/arm-none-eabi/5.4.1/armv6-m\libgcc.a(_dvmd_tls.o)
 .data          0x00000000        0x0 d:/program files (x86)/cypress/psoc creator/4.1/psoc creator/import/gnu/arm/5.4.1/bin/../lib/gcc/arm-none-eabi/5.4.1/armv6-m\libgcc.a(_dvmd_tls.o)
 .bss           0x00000000        0x0 d:/program files (x86)/cypress/psoc creator/4.1/psoc creator/import/gnu/arm/5.4.1/bin/../lib/gcc/arm-none-eabi/5.4.1/armv6-m\libgcc.a(_dvmd_tls.o)
 .text          0x00000000        0x0 d:/program files (x86)/cypress/psoc creator/4.1/psoc creator/import/gnu/arm/5.4.1/bin/../lib/gcc/arm-none-eabi/5.4.1/../../../../arm-none-eabi/lib/armv6-m\libg_nano.a(lib_a-errno.o)
 .data          0x00000000        0x0 d:/program files (x86)/cypress/psoc creator/4.1/psoc creator/import/gnu/arm/5.4.1/bin/../lib/gcc/arm-none-eabi/5.4.1/../../../../arm-none-eabi/lib/armv6-m\libg_nano.a(lib_a-errno.o)
 .bss           0x00000000        0x0 d:/program files (x86)/cypress/psoc creator/4.1/psoc creator/import/gnu/arm/5.4.1/bin/../lib/gcc/arm-none-eabi/5.4.1/../../../../arm-none-eabi/lib/armv6-m\libg_nano.a(lib_a-errno.o)
 .text          0x00000000        0x0 d:/program files (x86)/cypress/psoc creator/4.1/psoc creator/import/gnu/arm/5.4.1/bin/../lib/gcc/arm-none-eabi/5.4.1/../../../../arm-none-eabi/lib/armv6-m\libg_nano.a(lib_a-exit.o)
 .data          0x00000000        0x0 d:/program files (x86)/cypress/psoc creator/4.1/psoc creator/import/gnu/arm/5.4.1/bin/../lib/gcc/arm-none-eabi/5.4.1/../../../../arm-none-eabi/lib/armv6-m\libg_nano.a(lib_a-exit.o)
 .bss           0x00000000        0x0 d:/program files (x86)/cypress/psoc creator/4.1/psoc creator/import/gnu/arm/5.4.1/bin/../lib/gcc/arm-none-eabi/5.4.1/../../../../arm-none-eabi/lib/armv6-m\libg_nano.a(lib_a-exit.o)
 .text.exit     0x00000000       0x2c d:/program files (x86)/cypress/psoc creator/4.1/psoc creator/import/gnu/arm/5.4.1/bin/../lib/gcc/arm-none-eabi/5.4.1/../../../../arm-none-eabi/lib/armv6-m\libg_nano.a(lib_a-exit.o)
 .text          0x00000000        0x0 d:/program files (x86)/cypress/psoc creator/4.1/psoc creator/import/gnu/arm/5.4.1/bin/../lib/gcc/arm-none-eabi/5.4.1/../../../../arm-none-eabi/lib/armv6-m\libg_nano.a(lib_a-impure.o)
 .data          0x00000000        0x0 d:/program files (x86)/cypress/psoc creator/4.1/psoc creator/import/gnu/arm/5.4.1/bin/../lib/gcc/arm-none-eabi/5.4.1/../../../../arm-none-eabi/lib/armv6-m\libg_nano.a(lib_a-impure.o)
 .bss           0x00000000        0x0 d:/program files (x86)/cypress/psoc creator/4.1/psoc creator/import/gnu/arm/5.4.1/bin/../lib/gcc/arm-none-eabi/5.4.1/../../../../arm-none-eabi/lib/armv6-m\libg_nano.a(lib_a-impure.o)
 .rodata._global_impure_ptr
                0x00000000        0x4 d:/program files (x86)/cypress/psoc creator/4.1/psoc creator/import/gnu/arm/5.4.1/bin/../lib/gcc/arm-none-eabi/5.4.1/../../../../arm-none-eabi/lib/armv6-m\libg_nano.a(lib_a-impure.o)
 .text          0x00000000        0x0 d:/program files (x86)/cypress/psoc creator/4.1/psoc creator/import/gnu/arm/5.4.1/bin/../lib/gcc/arm-none-eabi/5.4.1/../../../../arm-none-eabi/lib/armv6-m\libg_nano.a(lib_a-init.o)
 .data          0x00000000        0x0 d:/program files (x86)/cypress/psoc creator/4.1/psoc creator/import/gnu/arm/5.4.1/bin/../lib/gcc/arm-none-eabi/5.4.1/../../../../arm-none-eabi/lib/armv6-m\libg_nano.a(lib_a-init.o)
 .bss           0x00000000        0x0 d:/program files (x86)/cypress/psoc creator/4.1/psoc creator/import/gnu/arm/5.4.1/bin/../lib/gcc/arm-none-eabi/5.4.1/../../../../arm-none-eabi/lib/armv6-m\libg_nano.a(lib_a-init.o)
 .text          0x00000000        0x0 d:/program files (x86)/cypress/psoc creator/4.1/psoc creator/import/gnu/arm/5.4.1/bin/../lib/gcc/arm-none-eabi/5.4.1/../../../../arm-none-eabi/lib/armv6-m\libg_nano.a(lib_a-memset.o)
 .data          0x00000000        0x0 d:/program files (x86)/cypress/psoc creator/4.1/psoc creator/import/gnu/arm/5.4.1/bin/../lib/gcc/arm-none-eabi/5.4.1/../../../../arm-none-eabi/lib/armv6-m\libg_nano.a(lib_a-memset.o)
 .bss           0x00000000        0x0 d:/program files (x86)/cypress/psoc creator/4.1/psoc creator/import/gnu/arm/5.4.1/bin/../lib/gcc/arm-none-eabi/5.4.1/../../../../arm-none-eabi/lib/armv6-m\libg_nano.a(lib_a-memset.o)
 .text          0x00000000        0x0 d:/program files (x86)/cypress/psoc creator/4.1/psoc creator/import/gnu/arm/5.4.1/bin/../lib/gcc/arm-none-eabi/5.4.1/armv6-m/crtend.o
 .data          0x00000000        0x0 d:/program files (x86)/cypress/psoc creator/4.1/psoc creator/import/gnu/arm/5.4.1/bin/../lib/gcc/arm-none-eabi/5.4.1/armv6-m/crtend.o
 .bss           0x00000000        0x0 d:/program files (x86)/cypress/psoc creator/4.1/psoc creator/import/gnu/arm/5.4.1/bin/../lib/gcc/arm-none-eabi/5.4.1/armv6-m/crtend.o
 .text          0x00000000        0x0 d:/program files (x86)/cypress/psoc creator/4.1/psoc creator/import/gnu/arm/5.4.1/bin/../lib/gcc/arm-none-eabi/5.4.1/armv6-m/crtn.o
 .data          0x00000000        0x0 d:/program files (x86)/cypress/psoc creator/4.1/psoc creator/import/gnu/arm/5.4.1/bin/../lib/gcc/arm-none-eabi/5.4.1/armv6-m/crtn.o
 .bss           0x00000000        0x0 d:/program files (x86)/cypress/psoc creator/4.1/psoc creator/import/gnu/arm/5.4.1/bin/../lib/gcc/arm-none-eabi/5.4.1/armv6-m/crtn.o

Memory Configuration

Name             Origin             Length             Attributes
rom              0x00000000         0x00020000         xr
ram              0x20000000         0x00004000         xrw
*default*        0x00000000         0xffffffff

Linker script and memory map

LOAD d:/program files (x86)/cypress/psoc creator/4.1/psoc creator/import/gnu/arm/5.4.1/bin/../lib/gcc/arm-none-eabi/5.4.1/armv6-m/crti.o
LOAD d:/program files (x86)/cypress/psoc creator/4.1/psoc creator/import/gnu/arm/5.4.1/bin/../lib/gcc/arm-none-eabi/5.4.1/armv6-m/crtbegin.o
LOAD d:/program files (x86)/cypress/psoc creator/4.1/psoc creator/import/gnu/arm/5.4.1/bin/../lib/gcc/arm-none-eabi/5.4.1/../../../../arm-none-eabi/lib/armv6-m/crt0.o
START GROUP
LOAD .\CortexM0\ARM_GCC_541\Debug\main.o
LOAD .\CortexM0\ARM_GCC_541\Debug\cyfitter_cfg.o
LOAD .\CortexM0\ARM_GCC_541\Debug\cymetadata.o
LOAD .\CortexM0\ARM_GCC_541\Debug\Cm0Start.o
LOAD .\CortexM0\ARM_GCC_541\Debug\Deepsleep.a
LOAD D:\Program Files (x86)\Cypress\PSoC Creator\4.1\PSoC Creator\psoc\content\cycomponentlibrary\CyComponentLibrary.cylib\CortexM0\ARM_GCC_541\Debug\CyComponentLibrary.a
END GROUP
START GROUP
LOAD d:/program files (x86)/cypress/psoc creator/4.1/psoc creator/import/gnu/arm/5.4.1/bin/../lib/gcc/arm-none-eabi/5.4.1/armv6-m\libgcc.a
LOAD d:/program files (x86)/cypress/psoc creator/4.1/psoc creator/import/gnu/arm/5.4.1/bin/../lib/gcc/arm-none-eabi/5.4.1/../../../../arm-none-eabi/lib/armv6-m\libg_nano.a
LOAD d:/program files (x86)/cypress/psoc creator/4.1/psoc creator/import/gnu/arm/5.4.1/bin/../lib/gcc/arm-none-eabi/5.4.1/../../../../arm-none-eabi/lib/armv6-m\libc_nano.a
END GROUP
START GROUP
LOAD d:/program files (x86)/cypress/psoc creator/4.1/psoc creator/import/gnu/arm/5.4.1/bin/../lib/gcc/arm-none-eabi/5.4.1/armv6-m\libgcc.a
LOAD d:/program files (x86)/cypress/psoc creator/4.1/psoc creator/import/gnu/arm/5.4.1/bin/../lib/gcc/arm-none-eabi/5.4.1/../../../../arm-none-eabi/lib/armv6-m\libc_nano.a
END GROUP
LOAD d:/program files (x86)/cypress/psoc creator/4.1/psoc creator/import/gnu/arm/5.4.1/bin/../lib/gcc/arm-none-eabi/5.4.1/armv6-m/crtend.o
LOAD d:/program files (x86)/cypress/psoc creator/4.1/psoc creator/import/gnu/arm/5.4.1/bin/../lib/gcc/arm-none-eabi/5.4.1/armv6-m/crtn.o
START GROUP
LOAD d:/program files (x86)/cypress/psoc creator/4.1/psoc creator/import/gnu/arm/5.4.1/bin/../lib/gcc/arm-none-eabi/5.4.1/armv6-m\libgcc.a
LOAD d:/program files (x86)/cypress/psoc creator/4.1/psoc creator/import/gnu/arm/5.4.1/bin/../lib/gcc/arm-none-eabi/5.4.1/../../../../arm-none-eabi/lib/armv6-m\libc.a
LOAD d:/program files (x86)/cypress/psoc creator/4.1/psoc creator/import/gnu/arm/5.4.1/bin/../lib/gcc/arm-none-eabi/5.4.1/../../../../arm-none-eabi/lib/armv6-m\libnosys.a
END GROUP
                0x00000000                CY_APPL_ORIGIN = 0x0
                0x00000080                CY_FLASH_ROW_SIZE = 0x80
                0x00000001                CY_APPL_NUM = 0x1
                0x00000001                CY_APPL_MAX = 0x1
                0x00000040                CY_METADATA_SIZE = 0x40
                0x00000000                CY_APPL_LOADABLE = 0x0
                0x00000000                CY_CHECKSUM_EXCLUDE_SIZE = ALIGN (0x0, CY_FLASH_ROW_SIZE)
                0x00000000                CY_APP_FOR_STACK_AND_COPIER = 0x0
                [!provide]                PROVIDE (__cy_heap_start, _end)
                0x00000001                PROVIDE (__cy_region_num, ((__cy_regions_end - __cy_regions) / 0x10))
                0x20004000                PROVIDE (__cy_stack, (ORIGIN (ram) + LENGTH (ram)))
                [!provide]                PROVIDE (__cy_heap_end, (__cy_stack - 0x800))

.cybootloader   0x00000000        0x0
 *(.cybootloader)
                0x00000000                appl1_start = CY_APPL_ORIGIN?CY_APPL_ORIGIN:ALIGN (CY_FLASH_ROW_SIZE)
                0x0000ff80                appl2_start = (appl1_start + ALIGN ((((LENGTH (rom) - appl1_start) - (0x2 * CY_FLASH_ROW_SIZE)) / 0x2), CY_FLASH_ROW_SIZE))
                0x00000000                appl_start = (CY_APPL_NUM == 0x1)?appl1_start:appl2_start
                0x00000001                cy_project_type_bootloader = (appl_start == 0x0)?0x1:0x0
                0x00000000                cy_project_type_app_for_stack_and_copier = (CY_APP_FOR_STACK_AND_COPIER == 0x1)?0x1:0x0

.text           0x00000000      0x6d4
 CREATE_OBJECT_SYMBOLS
                0x00000000                PROVIDE (__cy_interrupt_vector, RomVectors)
 *(.romvectors)
 .romvectors    0x00000000       0x10 .\CortexM0\ARM_GCC_541\Debug\Cm0Start.o
                0x00000000                RomVectors
                0x00000001                ASSERT ((. != __cy_interrupt_vector), No interrupt vector)
                0x00000001                ASSERT (CY_APPL_ORIGIN?(SIZEOF (.cybootloader) <= CY_APPL_ORIGIN):0x1, Wrong image location)
                0x00000010                PROVIDE (__cy_reset, Reset)
 *(.text.Reset)
 .text.Reset    0x00000010        0x8 .\CortexM0\ARM_GCC_541\Debug\Cm0Start.o
                0x00000010                Reset
                0x00000001                ASSERT ((. != __cy_reset), No reset code)
 *(.psocinit)
 .psocinit      0x00000018       0xe8 .\CortexM0\ARM_GCC_541\Debug\cyfitter_cfg.o
                0x0000006c                cyfitter_cfg
                0x00000100                . = MAX (., 0x100)
 *(.text .text.* .gnu.linkonce.t.*)
 .text          0x00000100       0x60 d:/program files (x86)/cypress/psoc creator/4.1/psoc creator/import/gnu/arm/5.4.1/bin/../lib/gcc/arm-none-eabi/5.4.1/armv6-m/crtbegin.o
 .text.main     0x00000160       0x38 .\CortexM0\ARM_GCC_541\Debug\main.o
                0x00000160                main
 .text.AnalogSetDefault
                0x00000198       0x20 .\CortexM0\ARM_GCC_541\Debug\cyfitter_cfg.o
 .text.CYMEMZERO
                0x000001b8        0xc .\CortexM0\ARM_GCC_541\Debug\cyfitter_cfg.o
 .text.IntDefaultHandler
                0x000001c4       0x10 .\CortexM0\ARM_GCC_541\Debug\Cm0Start.o
                0x000001c4                IntDefaultHandler
 .text.Start_c  0x000001d4       0x48 .\CortexM0\ARM_GCC_541\Debug\Cm0Start.o
                0x000001d4                Start_c
 .text.initialize_psoc
                0x0000021c       0x4c .\CortexM0\ARM_GCC_541\Debug\Cm0Start.o
                0x0000021c                initialize_psoc
 .text.SW_Sleep
                0x00000268       0x14 .\CortexM0\ARM_GCC_541\Debug\Deepsleep.a(SW_PM.o)
                0x00000268                SW_Sleep
 .text.SW_Wakeup
                0x0000027c       0x14 .\CortexM0\ARM_GCC_541\Debug\Deepsleep.a(SW_PM.o)
                0x0000027c                SW_Wakeup
 .text.LED_Status_Write
                0x00000290       0x18 .\CortexM0\ARM_GCC_541\Debug\Deepsleep.a(LED_Status.o)
                0x00000290                LED_Status_Write
 .text.LED_Status_Sleep
                0x000002a8       0x14 .\CortexM0\ARM_GCC_541\Debug\Deepsleep.a(LED_Status_PM.o)
                0x000002a8                LED_Status_Sleep
 .text.LED_Status_Wakeup
                0x000002bc       0x14 .\CortexM0\ARM_GCC_541\Debug\Deepsleep.a(LED_Status_PM.o)
                0x000002bc                LED_Status_Wakeup
 .text.isr_SW_SetVector
                0x000002d0        0xc .\CortexM0\ARM_GCC_541\Debug\Deepsleep.a(isr_SW.o)
                0x000002d0                isr_SW_SetVector
 .text.isr_SW_SetPriority
                0x000002dc       0x24 .\CortexM0\ARM_GCC_541\Debug\Deepsleep.a(isr_SW.o)
                0x000002dc                isr_SW_SetPriority
 .text.isr_SW_Enable
                0x00000300        0xc .\CortexM0\ARM_GCC_541\Debug\Deepsleep.a(isr_SW.o)
                0x00000300                isr_SW_Enable
 .text.isr_SW_Disable
                0x0000030c        0xc .\CortexM0\ARM_GCC_541\Debug\Deepsleep.a(isr_SW.o)
                0x0000030c                isr_SW_Disable
 .text.isr_SW_Start
                0x00000318       0x1c .\CortexM0\ARM_GCC_541\Debug\Deepsleep.a(isr_SW.o)
                0x00000318                isr_SW_Start
 .text.isr_SW_ClearPending
                0x00000334        0xc .\CortexM0\ARM_GCC_541\Debug\Deepsleep.a(isr_SW.o)
                0x00000334                isr_SW_ClearPending
 .text.isr_SW_Interrupt
                0x00000340       0x2c .\CortexM0\ARM_GCC_541\Debug\Deepsleep.a(isr_SW.o)
                0x00000340                isr_SW_Interrupt
 .text.CySysClkWriteSysclkDiv
                0x0000036c       0x30 .\CortexM0\ARM_GCC_541\Debug\Deepsleep.a(CyLib.o)
                0x0000036c                CySysClkWriteSysclkDiv
 .text.CySysClkWriteImoFreq
                0x0000039c       0x64 .\CortexM0\ARM_GCC_541\Debug\Deepsleep.a(CyLib.o)
                0x0000039c                CySysClkWriteImoFreq
 .text.CySysClkEcoStop
                0x00000400       0x24 .\CortexM0\ARM_GCC_541\Debug\Deepsleep.a(CyLib.o)
                0x00000400                CySysClkEcoStop
 .text.CyIntEnable
                0x00000424       0x14 .\CortexM0\ARM_GCC_541\Debug\Deepsleep.a(CyLib.o)
                0x00000424                CyIntEnable
 .text.CyHalt   0x00000438        0x4 .\CortexM0\ARM_GCC_541\Debug\Deepsleep.a(CyLib.o)
                0x00000438                CyHalt
 .text.CyIntSetVector
                0x0000043c       0x24 .\CortexM0\ARM_GCC_541\Debug\Deepsleep.a(CyLib.o)
                0x0000043c                CyIntSetVector
 .text.CyDelay  0x00000460       0x30 .\CortexM0\ARM_GCC_541\Debug\Deepsleep.a(CyLib.o)
                0x00000460                CyDelay
 .text.CySysPmDeepSleep
                0x00000490       0x58 .\CortexM0\ARM_GCC_541\Debug\Deepsleep.a(cyPm.o)
                0x00000490                CySysPmDeepSleep
 .text.CySysWdtLocked
                0x000004e8       0x14 .\CortexM0\ARM_GCC_541\Debug\Deepsleep.a(CyLFClk.o)
 .text.CySysWdtLock
                0x000004fc       0x1c .\CortexM0\ARM_GCC_541\Debug\Deepsleep.a(CyLFClk.o)
                0x000004fc                CySysWdtLock
 .text.CySysWdtUnlock
                0x00000518       0x30 .\CortexM0\ARM_GCC_541\Debug\Deepsleep.a(CyLFClk.o)
                0x00000518                CySysWdtUnlock
 .text.CySysWdtClearInterrupt
                0x00000548       0x4c .\CortexM0\ARM_GCC_541\Debug\Deepsleep.a(CyLFClk.o)
                0x00000548                CySysWdtClearInterrupt
 .text.CySysWdtIsr
                0x00000594       0xa4 .\CortexM0\ARM_GCC_541\Debug\Deepsleep.a(CyLFClk.o)
                0x00000594                CySysWdtIsr
 .text          0x00000638       0x20 .\CortexM0\ARM_GCC_541\Debug\Deepsleep.a(CyBootAsmGnu.o)
                0x00000638                CyDelayCycles
                0x0000064a                CyEnterCriticalSection
                0x00000652                CyExitCriticalSection
 .text.SW_ClearInterrupt
                0x00000658       0x14 .\CortexM0\ARM_GCC_541\Debug\Deepsleep.a(SW.o)
                0x00000658                SW_ClearInterrupt
 .text.__errno  0x0000066c        0xc d:/program files (x86)/cypress/psoc creator/4.1/psoc creator/import/gnu/arm/5.4.1/bin/../lib/gcc/arm-none-eabi/5.4.1/../../../../arm-none-eabi/lib/armv6-m\libg_nano.a(lib_a-errno.o)
                0x0000066c                __errno
 .text.__libc_init_array
                0x00000678       0x4c d:/program files (x86)/cypress/psoc creator/4.1/psoc creator/import/gnu/arm/5.4.1/bin/../lib/gcc/arm-none-eabi/5.4.1/../../../../arm-none-eabi/lib/armv6-m\libg_nano.a(lib_a-init.o)
                0x00000678                __libc_init_array
 .text.memset   0x000006c4       0x10 d:/program files (x86)/cypress/psoc creator/4.1/psoc creator/import/gnu/arm/5.4.1/bin/../lib/gcc/arm-none-eabi/5.4.1/../../../../arm-none-eabi/lib/armv6-m\libg_nano.a(lib_a-memset.o)
                0x000006c4                memset
 *(.plt)
 *(.gnu.warning)
 *(.glue_7t)
 .glue_7t       0x000006d4        0x0 linker stubs
 *(.glue_7)
 .glue_7        0x000006d4        0x0 linker stubs
 *(.vfp11_veneer)
 .vfp11_veneer  0x000006d4        0x0 linker stubs
 *(.bootloader)
 *(.ARM.extab* .gnu.linkonce.armextab.*)
 *(.gcc_except_table)

.v4_bx          0x000006d4        0x0
 .v4_bx         0x000006d4        0x0 linker stubs

.iplt           0x000006d4        0x0
 .iplt          0x000006d4        0x0 d:/program files (x86)/cypress/psoc creator/4.1/psoc creator/import/gnu/arm/5.4.1/bin/../lib/gcc/arm-none-eabi/5.4.1/armv6-m/crtbegin.o

.eh_frame_hdr
 *(.eh_frame_hdr)

.eh_frame       0x000006d4        0x4
 *(.eh_frame)
 .eh_frame      0x000006d4        0x0 d:/program files (x86)/cypress/psoc creator/4.1/psoc creator/import/gnu/arm/5.4.1/bin/../lib/gcc/arm-none-eabi/5.4.1/armv6-m/crtbegin.o
 .eh_frame      0x000006d4        0x4 d:/program files (x86)/cypress/psoc creator/4.1/psoc creator/import/gnu/arm/5.4.1/bin/../lib/gcc/arm-none-eabi/5.4.1/armv6-m/crtend.o
                [!provide]                PROVIDE (__exidx_start, .)

.ARM.exidx
 *(.ARM.exidx* .gnu.linkonce.armexidx.*)
                0x000006d8                __exidx_end = .

.rodata         0x000006d8       0x70
 *(.rodata .rodata.* .gnu.linkonce.r.*)
 .rodata        0x000006d8        0xc .\CortexM0\ARM_GCC_541\Debug\cyfitter_cfg.o
 .rodata        0x000006e4       0x2e .\CortexM0\ARM_GCC_541\Debug\Deepsleep.a(CyLib.o)
                0x000006e4                cyImoFreqMhz2Reg
 .rodata.str1.1
                0x00000712        0x2 d:/program files (x86)/cypress/psoc creator/4.1/psoc creator/import/gnu/arm/5.4.1/bin/../lib/gcc/arm-none-eabi/5.4.1/../../../../arm-none-eabi/lib/armv6-m\libg_nano.a(lib_a-impure.o)
                0x00000714                . = ALIGN (0x4)
 *(.init)
 .init          0x00000714        0x4 d:/program files (x86)/cypress/psoc creator/4.1/psoc creator/import/gnu/arm/5.4.1/bin/../lib/gcc/arm-none-eabi/5.4.1/armv6-m/crti.o
                0x00000714                _init
 .init          0x00000718        0x8 d:/program files (x86)/cypress/psoc creator/4.1/psoc creator/import/gnu/arm/5.4.1/bin/../lib/gcc/arm-none-eabi/5.4.1/armv6-m/crtn.o
                0x00000720                . = ALIGN (0x4)
                0x00000720                __preinit_array_start = .
 *(.preinit_array)
                0x00000720                __preinit_array_end = .
                0x00000720                . = ALIGN (0x4)
                0x00000720                __init_array_start = .
 *(SORT(.init_array.*))
 *(.init_array)
 .init_array    0x00000720        0x4 d:/program files (x86)/cypress/psoc creator/4.1/psoc creator/import/gnu/arm/5.4.1/bin/../lib/gcc/arm-none-eabi/5.4.1/armv6-m/crtbegin.o
 .init_array    0x00000724        0x4 .\CortexM0\ARM_GCC_541\Debug\Cm0Start.o
                0x00000728                __init_array_end = .
                0x00000728                . = ALIGN (0x4)
 *(.fini)
 .fini          0x00000728        0x4 d:/program files (x86)/cypress/psoc creator/4.1/psoc creator/import/gnu/arm/5.4.1/bin/../lib/gcc/arm-none-eabi/5.4.1/armv6-m/crti.o
                0x00000728                _fini
 .fini          0x0000072c        0x8 d:/program files (x86)/cypress/psoc creator/4.1/psoc creator/import/gnu/arm/5.4.1/bin/../lib/gcc/arm-none-eabi/5.4.1/armv6-m/crtn.o
                0x00000734                . = ALIGN (0x4)
                0x00000734                __fini_array_start = .
 *(.fini_array)
 .fini_array    0x00000734        0x4 d:/program files (x86)/cypress/psoc creator/4.1/psoc creator/import/gnu/arm/5.4.1/bin/../lib/gcc/arm-none-eabi/5.4.1/armv6-m/crtbegin.o
 *(SORT(.fini_array.*))
                0x00000738                __fini_array_end = .
                0x00000738                . = ALIGN (0x4)
 *crtbegin.o(.ctors)
 *(EXCLUDE_FILE(*crtend.o) .ctors)
 *(SORT(.ctors.*))
 *crtend.o(.ctors)
                0x00000738                . = ALIGN (0x4)
 *crtbegin.o(.dtors)
 *(EXCLUDE_FILE(*crtend.o) .dtors)
 *(SORT(.dtors.*))
 *crtend.o(.dtors)
                0x00000738                . = ALIGN (0x4)
                0x00000738                __cy_regions = .
                0x00000738        0x4 LONG 0x748 __cy_region_init_ram
                0x0000073c        0x4 LONG 0x200000c0 __cy_region_start_data
                0x00000740        0x4 LONG 0x88 __cy_region_init_size_ram
                0x00000744        0x4 LONG 0x60 __cy_region_zero_size_ram
                0x00000748                __cy_regions_end = .
                0x00000748                . = ALIGN (0x8)
                0x00000748                _etext = .

.cy_checksum_exclude
                0x00000748        0x0
 *(.cy_checksum_exclude)

.ramvectors     0x20000000       0xc0
                0x20000000                __cy_region_start_ram = .
 *(.ramvectors)
 .ramvectors    0x20000000       0xc0 .\CortexM0\ARM_GCC_541\Debug\Cm0Start.o
                0x20000000                CyRamVectors

.noinit
 *(.noinit)

.data           0x200000c0       0x88 load address 0x00000748
                0x200000c0                __cy_region_start_data = .
 *(.jcr)
 .jcr           0x200000c0        0x0 d:/program files (x86)/cypress/psoc creator/4.1/psoc creator/import/gnu/arm/5.4.1/bin/../lib/gcc/arm-none-eabi/5.4.1/armv6-m/crtbegin.o
 .jcr           0x200000c0        0x4 d:/program files (x86)/cypress/psoc creator/4.1/psoc creator/import/gnu/arm/5.4.1/bin/../lib/gcc/arm-none-eabi/5.4.1/armv6-m/crtend.o
 *(.got.plt)
 *(.got)
 *(.shdata)
 *(.data .data.* .gnu.linkonce.d.*)
 .data          0x200000c4       0x14 .\CortexM0\ARM_GCC_541\Debug\Deepsleep.a(CyLib.o)
                0x200000c4                CySysClkPumpConfig
                0x200000c8                cydelay32kMs
                0x200000cc                cydelayFreqKhz
                0x200000d0                cydelayFreqMhz
                0x200000d4                cydelayFreqHz
 .data          0x200000d8        0x8 .\CortexM0\ARM_GCC_541\Debug\Deepsleep.a(CyLFClk.o)
 .data.impure_data
                0x200000e0       0x60 d:/program files (x86)/cypress/psoc creator/4.1/psoc creator/import/gnu/arm/5.4.1/bin/../lib/gcc/arm-none-eabi/5.4.1/../../../../arm-none-eabi/lib/armv6-m\libg_nano.a(lib_a-impure.o)
 .data._impure_ptr
                0x20000140        0x4 d:/program files (x86)/cypress/psoc creator/4.1/psoc creator/import/gnu/arm/5.4.1/bin/../lib/gcc/arm-none-eabi/5.4.1/../../../../arm-none-eabi/lib/armv6-m\libg_nano.a(lib_a-impure.o)
                0x20000140                _impure_ptr
                0x20000148                . = ALIGN (0x8)
 *fill*         0x20000144        0x4 
 *(.ram)
                0x20000148                _edata = .

.igot.plt       0x20000148        0x0 load address 0x000007d0
 .igot.plt      0x20000148        0x0 d:/program files (x86)/cypress/psoc creator/4.1/psoc creator/import/gnu/arm/5.4.1/bin/../lib/gcc/arm-none-eabi/5.4.1/armv6-m/crtbegin.o

.bss            0x20000148       0x60 load address 0x000007d0
                0x20000148                PROVIDE (__bss_start__, .)
 *(.shbss)
 *(.bss .bss.* .gnu.linkonce.b.*)
 .bss           0x20000148       0x1c d:/program files (x86)/cypress/psoc creator/4.1/psoc creator/import/gnu/arm/5.4.1/bin/../lib/gcc/arm-none-eabi/5.4.1/armv6-m/crtbegin.o
 .bss           0x20000164        0xc .\CortexM0\ARM_GCC_541\Debug\Deepsleep.a(SW_PM.o)
 .bss           0x20000170        0xc .\CortexM0\ARM_GCC_541\Debug\Deepsleep.a(LED_Status_PM.o)
 .bss           0x2000017c       0x28 .\CortexM0\ARM_GCC_541\Debug\Deepsleep.a(CyLFClk.o)
 *(COMMON)
                0x200001a8                . = ALIGN (0x8)
 *fill*         0x200001a4        0x4 
 *(.ram.b)
                0x200001a8                _end = .
                0x200001a8                __end = .
                0x200001a8                PROVIDE (end, .)
                0x200001a8                PROVIDE (__bss_end__, .)
                0x00000748                __cy_region_init_ram = LOADADDR (.data)
                0x00000088                __cy_region_init_size_ram = (_edata - ADDR (.data))
                0x00000060                __cy_region_zero_size_ram = (_end - _edata)

.heap           0x200001a8       0x80 load address 0x000007d0
                0x200001a8                . = _end
                0x20000228                . = (. + 0x80)
 *fill*         0x200001a8       0x80 
                0x20000228                __cy_heap_limit = .

.stack          0x20003800      0x800
                0x20003800                __cy_stack_limit = .
                0x20004000                . = (. + 0x800)
 *fill*         0x20003800      0x800 
                0x00000001                ASSERT ((__cy_stack_limit >= __cy_heap_limit), region RAM overflowed with stack)
                0x00000000                cy_checksum_exclude_size = (CY_APPL_LOADABLE == 0x1)?SIZEOF (.cy_checksum_exclude):0x0
                0x00000001                ASSERT ((cy_checksum_exclude_size <= CY_CHECKSUM_EXCLUDE_SIZE), CY_BOOT: Section .cy_checksum_exclude size exceedes specified limit.)
                0x0001ffc0                cyloadermeta_start = (cy_project_type_bootloader || cy_project_type_app_for_stack_and_copier)?(LENGTH (rom) - CY_METADATA_SIZE):0xf0000000

.cyloadermeta
 *(.cyloadermeta)
                0x0001ffc0                cyloadablemeta_start = cy_project_type_app_for_stack_and_copier?((LENGTH (rom) - CY_FLASH_ROW_SIZE) - CY_METADATA_SIZE):((LENGTH (rom) - (CY_FLASH_ROW_SIZE * (CY_APPL_NUM - 0x1))) - CY_METADATA_SIZE)

.cyloadablemeta
 *(.cyloadablemeta)

.cyflashprotect
                0x90400000       0x80
 *(.cyflashprotect)
 .cyflashprotect
                0x90400000       0x80 .\CortexM0\ARM_GCC_541\Debug\cymetadata.o
                0x90400000                cy_meta_flashprotect

.cymeta         0x90500000        0xc
 *(.cymeta)
 .cymeta        0x90500000        0xc .\CortexM0\ARM_GCC_541\Debug\cymetadata.o
                0x90500000                cy_metadata

.cychipprotect  0x90600000        0x1
 *(.cychipprotect)
 .cychipprotect
                0x90600000        0x1 .\CortexM0\ARM_GCC_541\Debug\cymetadata.o
                0x90600000                cy_meta_chipprotect

.rel.dyn        0x000007d0        0x0 load address 0x90600004
 .rel.iplt      0x000007d0        0x0 d:/program files (x86)/cypress/psoc creator/4.1/psoc creator/import/gnu/arm/5.4.1/bin/../lib/gcc/arm-none-eabi/5.4.1/armv6-m/crtbegin.o

.stab
 *(.stab)

.stabstr
 *(.stabstr)

.debug
 *(.debug)

.line
 *(.line)

.debug_srcinfo
 *(.debug_srcinfo)

.debug_sfnames
 *(.debug_sfnames)

.debug_aranges  0x00000000      0x5c8
 *(.debug_aranges)
 .debug_aranges
                0x00000000       0x20 .\CortexM0\ARM_GCC_541\Debug\main.o
 .debug_aranges
                0x00000020       0x38 .\CortexM0\ARM_GCC_541\Debug\cyfitter_cfg.o
 .debug_aranges
                0x00000058       0x18 .\CortexM0\ARM_GCC_541\Debug\cymetadata.o
 .debug_aranges
                0x00000070       0x48 .\CortexM0\ARM_GCC_541\Debug\Cm0Start.o
 .debug_aranges
                0x000000b8       0x28 .\CortexM0\ARM_GCC_541\Debug\Deepsleep.a(SW_PM.o)
 .debug_aranges
                0x000000e0       0x48 .\CortexM0\ARM_GCC_541\Debug\Deepsleep.a(LED_Status.o)
 .debug_aranges
                0x00000128       0x28 .\CortexM0\ARM_GCC_541\Debug\Deepsleep.a(LED_Status_PM.o)
 .debug_aranges
                0x00000150       0x80 .\CortexM0\ARM_GCC_541\Debug\Deepsleep.a(isr_SW.o)
 .debug_aranges
                0x000001d0      0x1b0 .\CortexM0\ARM_GCC_541\Debug\Deepsleep.a(CyLib.o)
 .debug_aranges
                0x00000380       0x58 .\CortexM0\ARM_GCC_541\Debug\Deepsleep.a(cyPm.o)
 .debug_aranges
                0x000003d8      0x188 .\CortexM0\ARM_GCC_541\Debug\Deepsleep.a(CyLFClk.o)
 .debug_aranges
                0x00000560       0x20 .\CortexM0\ARM_GCC_541\Debug\Deepsleep.a(CyBootAsmGnu.o)
 .debug_aranges
                0x00000580       0x48 .\CortexM0\ARM_GCC_541\Debug\Deepsleep.a(SW.o)

.debug_pubnames
 *(.debug_pubnames)

.debug_info     0x00000000     0x318d
 *(.debug_info .gnu.linkonce.wi.*)
 .debug_info    0x00000000      0x184 .\CortexM0\ARM_GCC_541\Debug\main.o
 .debug_info    0x00000184      0x296 .\CortexM0\ARM_GCC_541\Debug\cyfitter_cfg.o
 .debug_info    0x0000041a       0xf8 .\CortexM0\ARM_GCC_541\Debug\cymetadata.o
 .debug_info    0x00000512      0x3a2 .\CortexM0\ARM_GCC_541\Debug\Cm0Start.o
 .debug_info    0x000008b4      0x109 .\CortexM0\ARM_GCC_541\Debug\Deepsleep.a(SW_PM.o)
 .debug_info    0x000009bd      0x19d .\CortexM0\ARM_GCC_541\Debug\Deepsleep.a(LED_Status.o)
 .debug_info    0x00000b5a      0x109 .\CortexM0\ARM_GCC_541\Debug\Deepsleep.a(LED_Status_PM.o)
 .debug_info    0x00000c63      0x3b3 .\CortexM0\ARM_GCC_541\Debug\Deepsleep.a(isr_SW.o)
 .debug_info    0x00001016      0xbd0 .\CortexM0\ARM_GCC_541\Debug\Deepsleep.a(CyLib.o)
 .debug_info    0x00001be6      0x2e5 .\CortexM0\ARM_GCC_541\Debug\Deepsleep.a(cyPm.o)
 .debug_info    0x00001ecb     0x1071 .\CortexM0\ARM_GCC_541\Debug\Deepsleep.a(CyLFClk.o)
 .debug_info    0x00002f3c       0xb4 .\CortexM0\ARM_GCC_541\Debug\Deepsleep.a(CyBootAsmGnu.o)
 .debug_info    0x00002ff0      0x19d .\CortexM0\ARM_GCC_541\Debug\Deepsleep.a(SW.o)

.debug_abbrev   0x00000000      0xdc0
 *(.debug_abbrev)
 .debug_abbrev  0x00000000       0x7e .\CortexM0\ARM_GCC_541\Debug\main.o
 .debug_abbrev  0x0000007e      0x166 .\CortexM0\ARM_GCC_541\Debug\cyfitter_cfg.o
 .debug_abbrev  0x000001e4       0x5d .\CortexM0\ARM_GCC_541\Debug\cymetadata.o
 .debug_abbrev  0x00000241      0x1d7 .\CortexM0\ARM_GCC_541\Debug\Cm0Start.o
 .debug_abbrev  0x00000418       0x8e .\CortexM0\ARM_GCC_541\Debug\Deepsleep.a(SW_PM.o)
 .debug_abbrev  0x000004a6       0xc8 .\CortexM0\ARM_GCC_541\Debug\Deepsleep.a(LED_Status.o)
 .debug_abbrev  0x0000056e       0x8e .\CortexM0\ARM_GCC_541\Debug\Deepsleep.a(LED_Status_PM.o)
 .debug_abbrev  0x000005fc      0x198 .\CortexM0\ARM_GCC_541\Debug\Deepsleep.a(isr_SW.o)
 .debug_abbrev  0x00000794      0x1e0 .\CortexM0\ARM_GCC_541\Debug\Deepsleep.a(CyLib.o)
 .debug_abbrev  0x00000974      0x128 .\CortexM0\ARM_GCC_541\Debug\Deepsleep.a(cyPm.o)
 .debug_abbrev  0x00000a9c      0x248 .\CortexM0\ARM_GCC_541\Debug\Deepsleep.a(CyLFClk.o)
 .debug_abbrev  0x00000ce4       0x14 .\CortexM0\ARM_GCC_541\Debug\Deepsleep.a(CyBootAsmGnu.o)
 .debug_abbrev  0x00000cf8       0xc8 .\CortexM0\ARM_GCC_541\Debug\Deepsleep.a(SW.o)

.debug_line     0x00000000     0x159f
 *(.debug_line)
 .debug_line    0x00000000       0xa1 .\CortexM0\ARM_GCC_541\Debug\main.o
 .debug_line    0x000000a1      0x143 .\CortexM0\ARM_GCC_541\Debug\cyfitter_cfg.o
 .debug_line    0x000001e4      0x141 .\CortexM0\ARM_GCC_541\Debug\cymetadata.o
 .debug_line    0x00000325      0x236 .\CortexM0\ARM_GCC_541\Debug\Cm0Start.o
 .debug_line    0x0000055b       0x7b .\CortexM0\ARM_GCC_541\Debug\Deepsleep.a(SW_PM.o)
 .debug_line    0x000005d6       0xc2 .\CortexM0\ARM_GCC_541\Debug\Deepsleep.a(LED_Status.o)
 .debug_line    0x00000698       0x8b .\CortexM0\ARM_GCC_541\Debug\Deepsleep.a(LED_Status_PM.o)
 .debug_line    0x00000723      0x170 .\CortexM0\ARM_GCC_541\Debug\Deepsleep.a(isr_SW.o)
 .debug_line    0x00000893      0x4cc .\CortexM0\ARM_GCC_541\Debug\Deepsleep.a(CyLib.o)
 .debug_line    0x00000d5f      0x143 .\CortexM0\ARM_GCC_541\Debug\Deepsleep.a(cyPm.o)
 .debug_line    0x00000ea2      0x5db .\CortexM0\ARM_GCC_541\Debug\Deepsleep.a(CyLFClk.o)
 .debug_line    0x0000147d       0x68 .\CortexM0\ARM_GCC_541\Debug\Deepsleep.a(CyBootAsmGnu.o)
 .debug_line    0x000014e5       0xba .\CortexM0\ARM_GCC_541\Debug\Deepsleep.a(SW.o)

.debug_frame    0x00000000      0xe64
 *(.debug_frame)
 .debug_frame   0x00000000       0x2c .\CortexM0\ARM_GCC_541\Debug\main.o
 .debug_frame   0x0000002c       0x78 .\CortexM0\ARM_GCC_541\Debug\cyfitter_cfg.o
 .debug_frame   0x000000a4       0xbc .\CortexM0\ARM_GCC_541\Debug\Cm0Start.o
 .debug_frame   0x00000160       0x30 .\CortexM0\ARM_GCC_541\Debug\Deepsleep.a(SW_PM.o)
 .debug_frame   0x00000190       0x70 .\CortexM0\ARM_GCC_541\Debug\Deepsleep.a(LED_Status.o)
 .debug_frame   0x00000200       0x30 .\CortexM0\ARM_GCC_541\Debug\Deepsleep.a(LED_Status_PM.o)
 .debug_frame   0x00000230      0x11c .\CortexM0\ARM_GCC_541\Debug\Deepsleep.a(isr_SW.o)
 .debug_frame   0x0000034c      0x444 .\CortexM0\ARM_GCC_541\Debug\Deepsleep.a(CyLib.o)
 .debug_frame   0x00000790       0xe8 .\CortexM0\ARM_GCC_541\Debug\Deepsleep.a(cyPm.o)
 .debug_frame   0x00000878      0x4a8 .\CortexM0\ARM_GCC_541\Debug\Deepsleep.a(CyLFClk.o)
 .debug_frame   0x00000d20       0x70 .\CortexM0\ARM_GCC_541\Debug\Deepsleep.a(SW.o)
 .debug_frame   0x00000d90       0x20 d:/program files (x86)/cypress/psoc creator/4.1/psoc creator/import/gnu/arm/5.4.1/bin/../lib/gcc/arm-none-eabi/5.4.1/armv6-m\libgcc.a(_udivsi3.o)
 .debug_frame   0x00000db0       0x20 d:/program files (x86)/cypress/psoc creator/4.1/psoc creator/import/gnu/arm/5.4.1/bin/../lib/gcc/arm-none-eabi/5.4.1/armv6-m\libgcc.a(_divsi3.o)
 .debug_frame   0x00000dd0       0x20 d:/program files (x86)/cypress/psoc creator/4.1/psoc creator/import/gnu/arm/5.4.1/bin/../lib/gcc/arm-none-eabi/5.4.1/../../../../arm-none-eabi/lib/armv6-m\libg_nano.a(lib_a-errno.o)
 .debug_frame   0x00000df0       0x28 d:/program files (x86)/cypress/psoc creator/4.1/psoc creator/import/gnu/arm/5.4.1/bin/../lib/gcc/arm-none-eabi/5.4.1/../../../../arm-none-eabi/lib/armv6-m\libg_nano.a(lib_a-exit.o)
 .debug_frame   0x00000e18       0x2c d:/program files (x86)/cypress/psoc creator/4.1/psoc creator/import/gnu/arm/5.4.1/bin/../lib/gcc/arm-none-eabi/5.4.1/../../../../arm-none-eabi/lib/armv6-m\libg_nano.a(lib_a-init.o)
 .debug_frame   0x00000e44       0x20 d:/program files (x86)/cypress/psoc creator/4.1/psoc creator/import/gnu/arm/5.4.1/bin/../lib/gcc/arm-none-eabi/5.4.1/../../../../arm-none-eabi/lib/armv6-m\libg_nano.a(lib_a-memset.o)

.debug_str      0x00000000     0x1449
 *(.debug_str)
 .debug_str     0x00000000      0x1cc .\CortexM0\ARM_GCC_541\Debug\main.o
                                0x20c (size before relaxing)
 .debug_str     0x000001cc       0xd3 .\CortexM0\ARM_GCC_541\Debug\cyfitter_cfg.o
                                0x27f (size before relaxing)
 .debug_str     0x0000029f       0x63 .\CortexM0\ARM_GCC_541\Debug\cymetadata.o
                                0x1ec (size before relaxing)
 .debug_str     0x00000302      0x140 .\CortexM0\ARM_GCC_541\Debug\Cm0Start.o
                                0x325 (size before relaxing)
 .debug_str     0x00000442       0x5e .\CortexM0\ARM_GCC_541\Debug\Deepsleep.a(SW_PM.o)
                                0x1fe (size before relaxing)
 .debug_str     0x000004a0       0xc8 .\CortexM0\ARM_GCC_541\Debug\Deepsleep.a(LED_Status.o)
                                0x27d (size before relaxing)
 .debug_str     0x00000568       0x64 .\CortexM0\ARM_GCC_541\Debug\Deepsleep.a(LED_Status_PM.o)
                                0x226 (size before relaxing)
 .debug_str     0x000005cc      0x14d .\CortexM0\ARM_GCC_541\Debug\Deepsleep.a(isr_SW.o)
                                0x363 (size before relaxing)
 .debug_str     0x00000719      0x4e6 .\CortexM0\ARM_GCC_541\Debug\Deepsleep.a(CyLib.o)
                                0x75f (size before relaxing)
 .debug_str     0x00000bff       0xd3 .\CortexM0\ARM_GCC_541\Debug\Deepsleep.a(cyPm.o)
                                0x2f7 (size before relaxing)
 .debug_str     0x00000cd2      0x717 .\CortexM0\ARM_GCC_541\Debug\Deepsleep.a(CyLFClk.o)
                                0x95c (size before relaxing)
 .debug_str     0x000013e9       0x60 .\CortexM0\ARM_GCC_541\Debug\Deepsleep.a(SW.o)
                                0x245 (size before relaxing)

.debug_loc      0x00000000     0x179d
 *(.debug_loc)
 .debug_loc     0x00000000       0xa9 .\CortexM0\ARM_GCC_541\Debug\cyfitter_cfg.o
 .debug_loc     0x000000a9      0x14f .\CortexM0\ARM_GCC_541\Debug\Cm0Start.o
 .debug_loc     0x000001f8       0xa2 .\CortexM0\ARM_GCC_541\Debug\Deepsleep.a(LED_Status.o)
 .debug_loc     0x0000029a       0x82 .\CortexM0\ARM_GCC_541\Debug\Deepsleep.a(isr_SW.o)
 .debug_loc     0x0000031c      0x554 .\CortexM0\ARM_GCC_541\Debug\Deepsleep.a(CyLib.o)
 .debug_loc     0x00000870       0xe1 .\CortexM0\ARM_GCC_541\Debug\Deepsleep.a(cyPm.o)
 .debug_loc     0x00000951      0xdaa .\CortexM0\ARM_GCC_541\Debug\Deepsleep.a(CyLFClk.o)
 .debug_loc     0x000016fb       0xa2 .\CortexM0\ARM_GCC_541\Debug\Deepsleep.a(SW.o)

.debug_macinfo
 *(.debug_macinfo)

.debug_ranges   0x00000000      0x4e0
 *(.debug_ranges)
 .debug_ranges  0x00000000       0x10 .\CortexM0\ARM_GCC_541\Debug\main.o
 .debug_ranges  0x00000010       0x28 .\CortexM0\ARM_GCC_541\Debug\cyfitter_cfg.o
 .debug_ranges  0x00000038       0x38 .\CortexM0\ARM_GCC_541\Debug\Cm0Start.o
 .debug_ranges  0x00000070       0x18 .\CortexM0\ARM_GCC_541\Debug\Deepsleep.a(SW_PM.o)
 .debug_ranges  0x00000088       0x38 .\CortexM0\ARM_GCC_541\Debug\Deepsleep.a(LED_Status.o)
 .debug_ranges  0x000000c0       0x18 .\CortexM0\ARM_GCC_541\Debug\Deepsleep.a(LED_Status_PM.o)
 .debug_ranges  0x000000d8       0x70 .\CortexM0\ARM_GCC_541\Debug\Deepsleep.a(isr_SW.o)
 .debug_ranges  0x00000148      0x1a0 .\CortexM0\ARM_GCC_541\Debug\Deepsleep.a(CyLib.o)
 .debug_ranges  0x000002e8       0x48 .\CortexM0\ARM_GCC_541\Debug\Deepsleep.a(cyPm.o)
 .debug_ranges  0x00000330      0x178 .\CortexM0\ARM_GCC_541\Debug\Deepsleep.a(CyLFClk.o)
 .debug_ranges  0x000004a8       0x38 .\CortexM0\ARM_GCC_541\Debug\Deepsleep.a(SW.o)

.comment        0x00000000       0x6e
 .comment       0x00000000       0x6e .\CortexM0\ARM_GCC_541\Debug\main.o
                                 0x6f (size before relaxing)
 .comment       0x0000006e       0x6f .\CortexM0\ARM_GCC_541\Debug\cyfitter_cfg.o
 .comment       0x0000006e       0x6f .\CortexM0\ARM_GCC_541\Debug\cymetadata.o
 .comment       0x0000006e       0x6f .\CortexM0\ARM_GCC_541\Debug\Cm0Start.o
 .comment       0x0000006e       0x6f .\CortexM0\ARM_GCC_541\Debug\Deepsleep.a(SW_PM.o)
 .comment       0x0000006e       0x6f .\CortexM0\ARM_GCC_541\Debug\Deepsleep.a(LED_Status.o)
 .comment       0x0000006e       0x6f .\CortexM0\ARM_GCC_541\Debug\Deepsleep.a(LED_Status_PM.o)
 .comment       0x0000006e       0x6f .\CortexM0\ARM_GCC_541\Debug\Deepsleep.a(isr_SW.o)
 .comment       0x0000006e       0x6f .\CortexM0\ARM_GCC_541\Debug\Deepsleep.a(CyLib.o)
 .comment       0x0000006e       0x6f .\CortexM0\ARM_GCC_541\Debug\Deepsleep.a(cyPm.o)
 .comment       0x0000006e       0x6f .\CortexM0\ARM_GCC_541\Debug\Deepsleep.a(CyLFClk.o)
 .comment       0x0000006e       0x6f .\CortexM0\ARM_GCC_541\Debug\Deepsleep.a(SW.o)

.debug_weaknames
 *(.debug_weaknames)

.debug_funcnames
 *(.debug_funcnames)

.debug_typenames
 *(.debug_typenames)

.debug_varnames
 *(.debug_varnames)

.note.gnu.arm.ident
 *(.note.gnu.arm.ident)

.ARM.attributes
                0x00000000       0x28
 *(.ARM.attributes)
 .ARM.attributes
                0x00000000       0x1e d:/program files (x86)/cypress/psoc creator/4.1/psoc creator/import/gnu/arm/5.4.1/bin/../lib/gcc/arm-none-eabi/5.4.1/armv6-m/crti.o
 .ARM.attributes
                0x0000001e       0x2c d:/program files (x86)/cypress/psoc creator/4.1/psoc creator/import/gnu/arm/5.4.1/bin/../lib/gcc/arm-none-eabi/5.4.1/armv6-m/crtbegin.o
 .ARM.attributes
                0x0000004a       0x1b d:/program files (x86)/cypress/psoc creator/4.1/psoc creator/import/gnu/arm/5.4.1/bin/../lib/gcc/arm-none-eabi/5.4.1/../../../../arm-none-eabi/lib/armv6-m/crt0.o
 .ARM.attributes
                0x00000065       0x31 .\CortexM0\ARM_GCC_541\Debug\main.o
 .ARM.attributes
                0x00000096       0x31 .\CortexM0\ARM_GCC_541\Debug\cyfitter_cfg.o
 .ARM.attributes
                0x000000c7       0x31 .\CortexM0\ARM_GCC_541\Debug\cymetadata.o
 .ARM.attributes
                0x000000f8       0x31 .\CortexM0\ARM_GCC_541\Debug\Cm0Start.o
 .ARM.attributes
                0x00000129       0x31 .\CortexM0\ARM_GCC_541\Debug\Deepsleep.a(SW_PM.o)
 .ARM.attributes
                0x0000015a       0x31 .\CortexM0\ARM_GCC_541\Debug\Deepsleep.a(LED_Status.o)
 .ARM.attributes
                0x0000018b       0x31 .\CortexM0\ARM_GCC_541\Debug\Deepsleep.a(LED_Status_PM.o)
 .ARM.attributes
                0x000001bc       0x31 .\CortexM0\ARM_GCC_541\Debug\Deepsleep.a(isr_SW.o)
 .ARM.attributes
                0x000001ed       0x31 .\CortexM0\ARM_GCC_541\Debug\Deepsleep.a(CyLib.o)
 .ARM.attributes
                0x0000021e       0x31 .\CortexM0\ARM_GCC_541\Debug\Deepsleep.a(cyPm.o)
 .ARM.attributes
                0x0000024f       0x31 .\CortexM0\ARM_GCC_541\Debug\Deepsleep.a(CyLFClk.o)
 .ARM.attributes
                0x00000280       0x21 .\CortexM0\ARM_GCC_541\Debug\Deepsleep.a(CyBootAsmGnu.o)
 .ARM.attributes
                0x000002a1       0x31 .\CortexM0\ARM_GCC_541\Debug\Deepsleep.a(SW.o)
 .ARM.attributes
                0x000002d2       0x1e d:/program files (x86)/cypress/psoc creator/4.1/psoc creator/import/gnu/arm/5.4.1/bin/../lib/gcc/arm-none-eabi/5.4.1/armv6-m\libgcc.a(_udivsi3.o)
 .ARM.attributes
                0x000002f0       0x1e d:/program files (x86)/cypress/psoc creator/4.1/psoc creator/import/gnu/arm/5.4.1/bin/../lib/gcc/arm-none-eabi/5.4.1/armv6-m\libgcc.a(_divsi3.o)
 .ARM.attributes
                0x0000030e       0x1e d:/program files (x86)/cypress/psoc creator/4.1/psoc creator/import/gnu/arm/5.4.1/bin/../lib/gcc/arm-none-eabi/5.4.1/armv6-m\libgcc.a(_dvmd_tls.o)
 .ARM.attributes
                0x0000032c       0x2c d:/program files (x86)/cypress/psoc creator/4.1/psoc creator/import/gnu/arm/5.4.1/bin/../lib/gcc/arm-none-eabi/5.4.1/../../../../arm-none-eabi/lib/armv6-m\libg_nano.a(lib_a-errno.o)
 .ARM.attributes
                0x00000358       0x2c d:/program files (x86)/cypress/psoc creator/4.1/psoc creator/import/gnu/arm/5.4.1/bin/../lib/gcc/arm-none-eabi/5.4.1/../../../../arm-none-eabi/lib/armv6-m\libg_nano.a(lib_a-exit.o)
 .ARM.attributes
                0x00000384       0x2c d:/program files (x86)/cypress/psoc creator/4.1/psoc creator/import/gnu/arm/5.4.1/bin/../lib/gcc/arm-none-eabi/5.4.1/../../../../arm-none-eabi/lib/armv6-m\libg_nano.a(lib_a-impure.o)
 .ARM.attributes
                0x000003b0       0x2c d:/program files (x86)/cypress/psoc creator/4.1/psoc creator/import/gnu/arm/5.4.1/bin/../lib/gcc/arm-none-eabi/5.4.1/../../../../arm-none-eabi/lib/armv6-m\libg_nano.a(lib_a-init.o)
 .ARM.attributes
                0x000003dc       0x2c d:/program files (x86)/cypress/psoc creator/4.1/psoc creator/import/gnu/arm/5.4.1/bin/../lib/gcc/arm-none-eabi/5.4.1/../../../../arm-none-eabi/lib/armv6-m\libg_nano.a(lib_a-memset.o)
 .ARM.attributes
                0x00000408       0x2c d:/program files (x86)/cypress/psoc creator/4.1/psoc creator/import/gnu/arm/5.4.1/bin/../lib/gcc/arm-none-eabi/5.4.1/armv6-m/crtend.o
 .ARM.attributes
                0x00000434       0x1e d:/program files (x86)/cypress/psoc creator/4.1/psoc creator/import/gnu/arm/5.4.1/bin/../lib/gcc/arm-none-eabi/5.4.1/armv6-m/crtn.o

/DISCARD/
 *(.note.GNU-stack)
OUTPUT(C:\Users\Administrator\Desktop\Temporary Files\Cypress_Lowpower\Lowpower\LowpowerMode\Deepsleep.cydsn\CortexM0\ARM_GCC_541\Debug\Deepsleep.elf elf32-littlearm)
