ARM GAS  C:\Users\ADMINI~1\AppData\Local\Temp\ccnBzHVJ.s 			page 1


   1              		.syntax unified
   2              		.cpu cortex-m0
   3              		.fpu softvfp
   4              		.eabi_attribute 20, 1
   5              		.eabi_attribute 21, 1
   6              		.eabi_attribute 23, 3
   7              		.eabi_attribute 24, 1
   8              		.eabi_attribute 25, 1
   9              		.eabi_attribute 26, 1
  10              		.eabi_attribute 30, 1
  11              		.eabi_attribute 34, 0
  12              		.eabi_attribute 18, 4
  13              		.thumb
  14              		.syntax unified
  15              		.file	"cyfitter_cfg.c"
  16              		.text
  17              	.Ltext0:
  18              		.cfi_sections	.debug_frame
  19              		.section	.text.AnalogSetDefault,"ax",%progbits
  20              		.align	2
  21              		.code	16
  22              		.thumb_func
  23              		.type	AnalogSetDefault, %function
  24              	AnalogSetDefault:
  25              	.LFB6:
  26              		.file 1 "Generated_Source\\PSoC4\\cyfitter_cfg.c"
   1:Generated_Source\PSoC4/cyfitter_cfg.c **** 
   2:Generated_Source\PSoC4/cyfitter_cfg.c **** /*******************************************************************************
   3:Generated_Source\PSoC4/cyfitter_cfg.c **** * File Name: cyfitter_cfg.c
   4:Generated_Source\PSoC4/cyfitter_cfg.c **** * 
   5:Generated_Source\PSoC4/cyfitter_cfg.c **** * PSoC Creator  4.1
   6:Generated_Source\PSoC4/cyfitter_cfg.c **** *
   7:Generated_Source\PSoC4/cyfitter_cfg.c **** * Description:
   8:Generated_Source\PSoC4/cyfitter_cfg.c **** * This file contains device initialization code.
   9:Generated_Source\PSoC4/cyfitter_cfg.c **** * Except for the user defined sections in CyClockStartupError(), this file should not be modified.
  10:Generated_Source\PSoC4/cyfitter_cfg.c **** * This file is automatically generated by PSoC Creator.
  11:Generated_Source\PSoC4/cyfitter_cfg.c **** *
  12:Generated_Source\PSoC4/cyfitter_cfg.c **** ********************************************************************************
  13:Generated_Source\PSoC4/cyfitter_cfg.c **** * Copyright (c) 2007-2017 Cypress Semiconductor.  All rights reserved.
  14:Generated_Source\PSoC4/cyfitter_cfg.c **** * You may use this file only in accordance with the license, terms, conditions, 
  15:Generated_Source\PSoC4/cyfitter_cfg.c **** * disclaimers, and limitations in the end user license agreement accompanying 
  16:Generated_Source\PSoC4/cyfitter_cfg.c **** * the software package with which this file was provided.
  17:Generated_Source\PSoC4/cyfitter_cfg.c **** ********************************************************************************/
  18:Generated_Source\PSoC4/cyfitter_cfg.c **** 
  19:Generated_Source\PSoC4/cyfitter_cfg.c **** #include <string.h>
  20:Generated_Source\PSoC4/cyfitter_cfg.c **** #include "cytypes.h"
  21:Generated_Source\PSoC4/cyfitter_cfg.c **** #include "cydevice_trm.h"
  22:Generated_Source\PSoC4/cyfitter_cfg.c **** #include "cyfitter.h"
  23:Generated_Source\PSoC4/cyfitter_cfg.c **** #include "CyLib.h"
  24:Generated_Source\PSoC4/cyfitter_cfg.c **** #include "CyLFClk.h"
  25:Generated_Source\PSoC4/cyfitter_cfg.c **** #include "cyfitter_cfg.h"
  26:Generated_Source\PSoC4/cyfitter_cfg.c **** #include "cyapicallbacks.h"
  27:Generated_Source\PSoC4/cyfitter_cfg.c **** 
  28:Generated_Source\PSoC4/cyfitter_cfg.c **** 
  29:Generated_Source\PSoC4/cyfitter_cfg.c **** #if defined(__GNUC__) || defined(__ARMCC_VERSION)
  30:Generated_Source\PSoC4/cyfitter_cfg.c ****     #define CYPACKED 
  31:Generated_Source\PSoC4/cyfitter_cfg.c ****     #define CYPACKED_ATTR __attribute__ ((packed))
ARM GAS  C:\Users\ADMINI~1\AppData\Local\Temp\ccnBzHVJ.s 			page 2


  32:Generated_Source\PSoC4/cyfitter_cfg.c ****     #define CYALIGNED __attribute__ ((aligned))
  33:Generated_Source\PSoC4/cyfitter_cfg.c ****     #define CY_CFG_UNUSED __attribute__ ((unused))
  34:Generated_Source\PSoC4/cyfitter_cfg.c ****     #ifndef CY_CFG_SECTION
  35:Generated_Source\PSoC4/cyfitter_cfg.c ****         #define CY_CFG_SECTION __attribute__ ((section(".psocinit")))
  36:Generated_Source\PSoC4/cyfitter_cfg.c ****     #endif
  37:Generated_Source\PSoC4/cyfitter_cfg.c ****     
  38:Generated_Source\PSoC4/cyfitter_cfg.c ****     #if defined(__ARMCC_VERSION)
  39:Generated_Source\PSoC4/cyfitter_cfg.c ****         #define CY_CFG_MEMORY_BARRIER() __memory_changed()
  40:Generated_Source\PSoC4/cyfitter_cfg.c ****     #else
  41:Generated_Source\PSoC4/cyfitter_cfg.c ****         #define CY_CFG_MEMORY_BARRIER() __sync_synchronize()
  42:Generated_Source\PSoC4/cyfitter_cfg.c ****     #endif
  43:Generated_Source\PSoC4/cyfitter_cfg.c ****     
  44:Generated_Source\PSoC4/cyfitter_cfg.c **** #elif defined(__ICCARM__)
  45:Generated_Source\PSoC4/cyfitter_cfg.c ****     #include <intrinsics.h>
  46:Generated_Source\PSoC4/cyfitter_cfg.c **** 
  47:Generated_Source\PSoC4/cyfitter_cfg.c ****     #define CYPACKED __packed
  48:Generated_Source\PSoC4/cyfitter_cfg.c ****     #define CYPACKED_ATTR 
  49:Generated_Source\PSoC4/cyfitter_cfg.c ****     #define CYALIGNED _Pragma("data_alignment=4")
  50:Generated_Source\PSoC4/cyfitter_cfg.c ****     #define CY_CFG_UNUSED _Pragma("diag_suppress=Pe177")
  51:Generated_Source\PSoC4/cyfitter_cfg.c ****     #define CY_CFG_SECTION _Pragma("location=\".psocinit\"")
  52:Generated_Source\PSoC4/cyfitter_cfg.c ****     
  53:Generated_Source\PSoC4/cyfitter_cfg.c ****     #define CY_CFG_MEMORY_BARRIER() __DMB()
  54:Generated_Source\PSoC4/cyfitter_cfg.c ****     
  55:Generated_Source\PSoC4/cyfitter_cfg.c **** #else
  56:Generated_Source\PSoC4/cyfitter_cfg.c ****     #error Unsupported toolchain
  57:Generated_Source\PSoC4/cyfitter_cfg.c **** #endif
  58:Generated_Source\PSoC4/cyfitter_cfg.c **** 
  59:Generated_Source\PSoC4/cyfitter_cfg.c **** #ifndef CYCODE
  60:Generated_Source\PSoC4/cyfitter_cfg.c ****     #define CYCODE
  61:Generated_Source\PSoC4/cyfitter_cfg.c **** #endif
  62:Generated_Source\PSoC4/cyfitter_cfg.c **** #ifndef CYDATA
  63:Generated_Source\PSoC4/cyfitter_cfg.c ****     #define CYDATA
  64:Generated_Source\PSoC4/cyfitter_cfg.c **** #endif
  65:Generated_Source\PSoC4/cyfitter_cfg.c **** #ifndef CYFAR
  66:Generated_Source\PSoC4/cyfitter_cfg.c ****     #define CYFAR
  67:Generated_Source\PSoC4/cyfitter_cfg.c **** #endif
  68:Generated_Source\PSoC4/cyfitter_cfg.c **** #ifndef CYXDATA
  69:Generated_Source\PSoC4/cyfitter_cfg.c ****     #define CYXDATA
  70:Generated_Source\PSoC4/cyfitter_cfg.c **** #endif
  71:Generated_Source\PSoC4/cyfitter_cfg.c **** 
  72:Generated_Source\PSoC4/cyfitter_cfg.c **** 
  73:Generated_Source\PSoC4/cyfitter_cfg.c **** CY_CFG_UNUSED
  74:Generated_Source\PSoC4/cyfitter_cfg.c **** static void CYMEMZERO(void *s, size_t n);
  75:Generated_Source\PSoC4/cyfitter_cfg.c **** CY_CFG_UNUSED
  76:Generated_Source\PSoC4/cyfitter_cfg.c **** static void CYMEMZERO(void *s, size_t n)
  77:Generated_Source\PSoC4/cyfitter_cfg.c **** {
  78:Generated_Source\PSoC4/cyfitter_cfg.c **** 	(void)memset(s, 0, n);
  79:Generated_Source\PSoC4/cyfitter_cfg.c **** }
  80:Generated_Source\PSoC4/cyfitter_cfg.c **** CY_CFG_UNUSED
  81:Generated_Source\PSoC4/cyfitter_cfg.c **** static void CYCONFIGCPY(void *dest, const void *src, size_t n);
  82:Generated_Source\PSoC4/cyfitter_cfg.c **** CY_CFG_UNUSED
  83:Generated_Source\PSoC4/cyfitter_cfg.c **** static void CYCONFIGCPY(void *dest, const void *src, size_t n)
  84:Generated_Source\PSoC4/cyfitter_cfg.c **** {
  85:Generated_Source\PSoC4/cyfitter_cfg.c **** 	(void)memcpy(dest, src, n);
  86:Generated_Source\PSoC4/cyfitter_cfg.c **** }
  87:Generated_Source\PSoC4/cyfitter_cfg.c **** CY_CFG_UNUSED
  88:Generated_Source\PSoC4/cyfitter_cfg.c **** static void CYCONFIGCPYCODE(void *dest, const void *src, size_t n);
ARM GAS  C:\Users\ADMINI~1\AppData\Local\Temp\ccnBzHVJ.s 			page 3


  89:Generated_Source\PSoC4/cyfitter_cfg.c **** CY_CFG_UNUSED
  90:Generated_Source\PSoC4/cyfitter_cfg.c **** static void CYCONFIGCPYCODE(void *dest, const void *src, size_t n)
  91:Generated_Source\PSoC4/cyfitter_cfg.c **** {
  92:Generated_Source\PSoC4/cyfitter_cfg.c **** 	(void)memcpy(dest, src, n);
  93:Generated_Source\PSoC4/cyfitter_cfg.c **** }
  94:Generated_Source\PSoC4/cyfitter_cfg.c **** 
  95:Generated_Source\PSoC4/cyfitter_cfg.c **** 
  96:Generated_Source\PSoC4/cyfitter_cfg.c **** 
  97:Generated_Source\PSoC4/cyfitter_cfg.c **** 
  98:Generated_Source\PSoC4/cyfitter_cfg.c **** /* Clock startup error codes                                                   */
  99:Generated_Source\PSoC4/cyfitter_cfg.c **** #define CYCLOCKSTART_NO_ERROR    0u
 100:Generated_Source\PSoC4/cyfitter_cfg.c **** #define CYCLOCKSTART_XTAL_ERROR  1u
 101:Generated_Source\PSoC4/cyfitter_cfg.c **** #define CYCLOCKSTART_32KHZ_ERROR 2u
 102:Generated_Source\PSoC4/cyfitter_cfg.c **** #define CYCLOCKSTART_PLL_ERROR   3u
 103:Generated_Source\PSoC4/cyfitter_cfg.c **** #define CYCLOCKSTART_FLL_ERROR   4u
 104:Generated_Source\PSoC4/cyfitter_cfg.c **** 
 105:Generated_Source\PSoC4/cyfitter_cfg.c **** 
 106:Generated_Source\PSoC4/cyfitter_cfg.c **** #ifdef CY_NEED_CYCLOCKSTARTUPERROR
 107:Generated_Source\PSoC4/cyfitter_cfg.c **** /*******************************************************************************
 108:Generated_Source\PSoC4/cyfitter_cfg.c **** * Function Name: CyClockStartupError
 109:Generated_Source\PSoC4/cyfitter_cfg.c **** ********************************************************************************
 110:Generated_Source\PSoC4/cyfitter_cfg.c **** * Summary:
 111:Generated_Source\PSoC4/cyfitter_cfg.c **** *  If an error is encountered during clock configuration (crystal startup error,
 112:Generated_Source\PSoC4/cyfitter_cfg.c **** *  PLL lock error, etc.), the system will end up here.  Unless reimplemented by
 113:Generated_Source\PSoC4/cyfitter_cfg.c **** *  the customer, this function will stop in an infinite loop.
 114:Generated_Source\PSoC4/cyfitter_cfg.c **** *
 115:Generated_Source\PSoC4/cyfitter_cfg.c **** * Parameters:
 116:Generated_Source\PSoC4/cyfitter_cfg.c **** *   void
 117:Generated_Source\PSoC4/cyfitter_cfg.c **** *
 118:Generated_Source\PSoC4/cyfitter_cfg.c **** * Return:
 119:Generated_Source\PSoC4/cyfitter_cfg.c **** *   void
 120:Generated_Source\PSoC4/cyfitter_cfg.c **** *
 121:Generated_Source\PSoC4/cyfitter_cfg.c **** *******************************************************************************/
 122:Generated_Source\PSoC4/cyfitter_cfg.c **** CY_CFG_UNUSED
 123:Generated_Source\PSoC4/cyfitter_cfg.c **** static void CyClockStartupError(uint8 errorCode);
 124:Generated_Source\PSoC4/cyfitter_cfg.c **** CY_CFG_UNUSED
 125:Generated_Source\PSoC4/cyfitter_cfg.c **** static void CyClockStartupError(uint8 errorCode)
 126:Generated_Source\PSoC4/cyfitter_cfg.c **** {
 127:Generated_Source\PSoC4/cyfitter_cfg.c ****     /* To remove the compiler warning if errorCode not used. */
 128:Generated_Source\PSoC4/cyfitter_cfg.c **** #if defined(CY_PSOC3) && (CY_PSOC3)
 129:Generated_Source\PSoC4/cyfitter_cfg.c ****     errorCode = errorCode;
 130:Generated_Source\PSoC4/cyfitter_cfg.c **** #else
 131:Generated_Source\PSoC4/cyfitter_cfg.c ****     (void)errorCode;
 132:Generated_Source\PSoC4/cyfitter_cfg.c **** #endif /* CY_PSOC3 */
 133:Generated_Source\PSoC4/cyfitter_cfg.c **** 
 134:Generated_Source\PSoC4/cyfitter_cfg.c ****     /* If we have a clock startup error (bad MHz crystal, PLL lock, etc.),  */
 135:Generated_Source\PSoC4/cyfitter_cfg.c ****     /* we will end up here to allow the customer to implement something to  */
 136:Generated_Source\PSoC4/cyfitter_cfg.c ****     /* deal with the clock condition.                                       */
 137:Generated_Source\PSoC4/cyfitter_cfg.c **** 
 138:Generated_Source\PSoC4/cyfitter_cfg.c **** #ifdef CY_CFG_CLOCK_STARTUP_ERROR_CALLBACK
 139:Generated_Source\PSoC4/cyfitter_cfg.c ****     CY_CFG_Clock_Startup_ErrorCallback();
 140:Generated_Source\PSoC4/cyfitter_cfg.c **** #else
 141:Generated_Source\PSoC4/cyfitter_cfg.c ****     /*  If not using CY_CFG_CLOCK_STARTUP_ERROR_CALLBACK, place your clock startup code here. */
 142:Generated_Source\PSoC4/cyfitter_cfg.c ****     /* `#START CyClockStartupError` */
 143:Generated_Source\PSoC4/cyfitter_cfg.c **** 
 144:Generated_Source\PSoC4/cyfitter_cfg.c **** 
 145:Generated_Source\PSoC4/cyfitter_cfg.c **** 
ARM GAS  C:\Users\ADMINI~1\AppData\Local\Temp\ccnBzHVJ.s 			page 4


 146:Generated_Source\PSoC4/cyfitter_cfg.c ****     /* `#END` */
 147:Generated_Source\PSoC4/cyfitter_cfg.c **** 
 148:Generated_Source\PSoC4/cyfitter_cfg.c ****     while(1) {}
 149:Generated_Source\PSoC4/cyfitter_cfg.c **** #endif /* CY_CFG_CLOCK_STARTUP_ERROR_CALLBACK */
 150:Generated_Source\PSoC4/cyfitter_cfg.c **** }
 151:Generated_Source\PSoC4/cyfitter_cfg.c **** #endif
 152:Generated_Source\PSoC4/cyfitter_cfg.c **** 
 153:Generated_Source\PSoC4/cyfitter_cfg.c **** 
 154:Generated_Source\PSoC4/cyfitter_cfg.c **** 
 155:Generated_Source\PSoC4/cyfitter_cfg.c **** /*******************************************************************************
 156:Generated_Source\PSoC4/cyfitter_cfg.c **** * Function Name: ClockSetup
 157:Generated_Source\PSoC4/cyfitter_cfg.c **** ********************************************************************************
 158:Generated_Source\PSoC4/cyfitter_cfg.c **** *
 159:Generated_Source\PSoC4/cyfitter_cfg.c **** * Summary:
 160:Generated_Source\PSoC4/cyfitter_cfg.c **** *   Performs the initialization of all of the clocks in the device based on the
 161:Generated_Source\PSoC4/cyfitter_cfg.c **** *   settings in the Clock tab of the DWR.  This includes enabling the requested
 162:Generated_Source\PSoC4/cyfitter_cfg.c **** *   clocks and setting the necessary dividers to produce the desired frequency. 
 163:Generated_Source\PSoC4/cyfitter_cfg.c **** *
 164:Generated_Source\PSoC4/cyfitter_cfg.c **** * Parameters:
 165:Generated_Source\PSoC4/cyfitter_cfg.c **** *   void
 166:Generated_Source\PSoC4/cyfitter_cfg.c **** *
 167:Generated_Source\PSoC4/cyfitter_cfg.c **** * Return:
 168:Generated_Source\PSoC4/cyfitter_cfg.c **** *   void
 169:Generated_Source\PSoC4/cyfitter_cfg.c **** *
 170:Generated_Source\PSoC4/cyfitter_cfg.c **** *******************************************************************************/
 171:Generated_Source\PSoC4/cyfitter_cfg.c **** static void ClockSetup(void);
 172:Generated_Source\PSoC4/cyfitter_cfg.c **** CY_CFG_SECTION
 173:Generated_Source\PSoC4/cyfitter_cfg.c **** static void ClockSetup(void)
 174:Generated_Source\PSoC4/cyfitter_cfg.c **** {
 175:Generated_Source\PSoC4/cyfitter_cfg.c **** 
 176:Generated_Source\PSoC4/cyfitter_cfg.c **** 	/* Set Flash Cycles based on max possible frequency in case a glitch occurs during ClockSetup(). *
 177:Generated_Source\PSoC4/cyfitter_cfg.c **** 	CY_SET_REG32((void CYXDATA *)(CYREG_CPUSS_FLASH_CTL), (0x0012u));
 178:Generated_Source\PSoC4/cyfitter_cfg.c **** 
 179:Generated_Source\PSoC4/cyfitter_cfg.c **** 	/* Start the WCO */
 180:Generated_Source\PSoC4/cyfitter_cfg.c **** 	CySysClkWcoStart();
 181:Generated_Source\PSoC4/cyfitter_cfg.c **** 	CyDelayCycles(12000000u); /* WCO may take up to 500ms to start */
 182:Generated_Source\PSoC4/cyfitter_cfg.c **** 	(void)CySysClkWcoSetPowerMode(CY_SYS_CLK_WCO_LPM);    /* Switch to the low power mode */
 183:Generated_Source\PSoC4/cyfitter_cfg.c **** 
 184:Generated_Source\PSoC4/cyfitter_cfg.c **** 	/* Setup and trim IMO based on desired frequency. */
 185:Generated_Source\PSoC4/cyfitter_cfg.c **** 	CySysClkWriteImoFreq(6u);
 186:Generated_Source\PSoC4/cyfitter_cfg.c **** 	/* CYDEV_CLK_ILO_CONFIG Starting address: CYDEV_CLK_ILO_CONFIG */
 187:Generated_Source\PSoC4/cyfitter_cfg.c **** 	CY_SET_REG32((void *)(CYREG_CLK_ILO_CONFIG), 0x80000006u);
 188:Generated_Source\PSoC4/cyfitter_cfg.c **** 
 189:Generated_Source\PSoC4/cyfitter_cfg.c **** 	/* CYDEV_WDT_CONFIG Starting address: CYDEV_WDT_CONFIG */
 190:Generated_Source\PSoC4/cyfitter_cfg.c **** 	CY_SET_REG32((void *)(CYREG_WDT_CONFIG), 0x40000000u);
 191:Generated_Source\PSoC4/cyfitter_cfg.c **** 
 192:Generated_Source\PSoC4/cyfitter_cfg.c **** 
 193:Generated_Source\PSoC4/cyfitter_cfg.c **** 	/* Setup phase aligned clocks */
 194:Generated_Source\PSoC4/cyfitter_cfg.c **** 
 195:Generated_Source\PSoC4/cyfitter_cfg.c **** 	/* CYDEV_CLK_IMO_CONFIG Starting address: CYDEV_CLK_IMO_CONFIG */
 196:Generated_Source\PSoC4/cyfitter_cfg.c **** 	CY_SET_REG32((void *)(CYREG_CLK_IMO_CONFIG), 0x80000000u);
 197:Generated_Source\PSoC4/cyfitter_cfg.c **** 
 198:Generated_Source\PSoC4/cyfitter_cfg.c **** 	/* CYDEV_CLK_SELECT Starting address: CYDEV_CLK_SELECT */
 199:Generated_Source\PSoC4/cyfitter_cfg.c **** 	CY_SET_REG32((void *)(CYREG_CLK_SELECT), 0x00080000u);
 200:Generated_Source\PSoC4/cyfitter_cfg.c **** 
 201:Generated_Source\PSoC4/cyfitter_cfg.c **** 	(void)CyIntSetVector(8u, &CySysWdtIsr);
 202:Generated_Source\PSoC4/cyfitter_cfg.c **** 	CyIntEnable(8u);
ARM GAS  C:\Users\ADMINI~1\AppData\Local\Temp\ccnBzHVJ.s 			page 5


 203:Generated_Source\PSoC4/cyfitter_cfg.c **** 	CY_SET_REG32((void *)(CYREG_WDT_CONFIG), 0x40000000u);
 204:Generated_Source\PSoC4/cyfitter_cfg.c **** 	/* Set Flash Cycles based on newly configured 6.00MHz HFCLK. */
 205:Generated_Source\PSoC4/cyfitter_cfg.c **** 	CY_SET_REG32((void CYXDATA *)(CYREG_CPUSS_FLASH_CTL), (0x0000u));
 206:Generated_Source\PSoC4/cyfitter_cfg.c **** }
 207:Generated_Source\PSoC4/cyfitter_cfg.c **** 
 208:Generated_Source\PSoC4/cyfitter_cfg.c **** 
 209:Generated_Source\PSoC4/cyfitter_cfg.c **** /* Analog API Functions */
 210:Generated_Source\PSoC4/cyfitter_cfg.c **** 
 211:Generated_Source\PSoC4/cyfitter_cfg.c **** 
 212:Generated_Source\PSoC4/cyfitter_cfg.c **** /*******************************************************************************
 213:Generated_Source\PSoC4/cyfitter_cfg.c **** * Function Name: AnalogSetDefault
 214:Generated_Source\PSoC4/cyfitter_cfg.c **** ********************************************************************************
 215:Generated_Source\PSoC4/cyfitter_cfg.c **** *
 216:Generated_Source\PSoC4/cyfitter_cfg.c **** * Summary:
 217:Generated_Source\PSoC4/cyfitter_cfg.c **** *  Sets up the analog portions of the chip to default values based on chip
 218:Generated_Source\PSoC4/cyfitter_cfg.c **** *  configuration options from the project.
 219:Generated_Source\PSoC4/cyfitter_cfg.c **** *
 220:Generated_Source\PSoC4/cyfitter_cfg.c **** * Parameters:
 221:Generated_Source\PSoC4/cyfitter_cfg.c **** *  void
 222:Generated_Source\PSoC4/cyfitter_cfg.c **** *
 223:Generated_Source\PSoC4/cyfitter_cfg.c **** * Return:
 224:Generated_Source\PSoC4/cyfitter_cfg.c **** *  void
 225:Generated_Source\PSoC4/cyfitter_cfg.c **** *
 226:Generated_Source\PSoC4/cyfitter_cfg.c **** *******************************************************************************/
 227:Generated_Source\PSoC4/cyfitter_cfg.c **** static void AnalogSetDefault(void);
 228:Generated_Source\PSoC4/cyfitter_cfg.c **** static void AnalogSetDefault(void)
 229:Generated_Source\PSoC4/cyfitter_cfg.c **** {
  27              		.loc 1 229 0
  28              		.cfi_startproc
  29              		@ args = 0, pretend = 0, frame = 0
  30              		@ frame_needed = 0, uses_anonymous_args = 0
  31              		@ link register save eliminated.
 230:Generated_Source\PSoC4/cyfitter_cfg.c **** 	CY_SET_XTND_REG32((void CYFAR *)CYREG_CTBM0_DFT_CTRL, 0x00000003u);
  32              		.loc 1 230 0
  33 0000 0323     		movs	r3, #3
  34 0002 044A     		ldr	r2, .L2
  35 0004 1360     		str	r3, [r2]
 231:Generated_Source\PSoC4/cyfitter_cfg.c **** 	CY_SET_XTND_REG32((void CYFAR *)CYREG_CTBM1_DFT_CTRL, 0x00000003u);
  36              		.loc 1 231 0
  37 0006 044A     		ldr	r2, .L2+4
  38 0008 1360     		str	r3, [r2]
 232:Generated_Source\PSoC4/cyfitter_cfg.c **** 	CY_SET_XTND_REG32((void CYFAR *)CYREG_PASS_DSAB_DSAB_CTRL, 0x00000000u);
  39              		.loc 1 232 0
  40 000a 0022     		movs	r2, #0
  41 000c 034B     		ldr	r3, .L2+8
  42 000e 1A60     		str	r2, [r3]
 233:Generated_Source\PSoC4/cyfitter_cfg.c **** }
  43              		.loc 1 233 0
  44              		@ sp needed
  45 0010 7047     		bx	lr
  46              	.L3:
  47 0012 C046     		.align	2
  48              	.L2:
  49 0014 30003040 		.word	1076887600
  50 0018 30003140 		.word	1076953136
  51 001c 000E3F40 		.word	1077874176
  52              		.cfi_endproc
ARM GAS  C:\Users\ADMINI~1\AppData\Local\Temp\ccnBzHVJ.s 			page 6


  53              	.LFE6:
  54              		.size	AnalogSetDefault, .-AnalogSetDefault
  55              		.section	.text.CYMEMZERO,"ax",%progbits
  56              		.align	2
  57              		.code	16
  58              		.thumb_func
  59              		.type	CYMEMZERO, %function
  60              	CYMEMZERO:
  61              	.LFB2:
  77:Generated_Source\PSoC4/cyfitter_cfg.c **** 	(void)memset(s, 0, n);
  62              		.loc 1 77 0
  63              		.cfi_startproc
  64              		@ args = 0, pretend = 0, frame = 0
  65              		@ frame_needed = 0, uses_anonymous_args = 0
  66              	.LVL0:
  67 0000 10B5     		push	{r4, lr}
  68              		.cfi_def_cfa_offset 8
  69              		.cfi_offset 4, -8
  70              		.cfi_offset 14, -4
  71 0002 0A00     		movs	r2, r1
  78:Generated_Source\PSoC4/cyfitter_cfg.c **** }
  72              		.loc 1 78 0
  73 0004 0021     		movs	r1, #0
  74              	.LVL1:
  75 0006 FFF7FEFF 		bl	memset
  76              	.LVL2:
  79:Generated_Source\PSoC4/cyfitter_cfg.c **** CY_CFG_UNUSED
  77              		.loc 1 79 0
  78              		@ sp needed
  79 000a 10BD     		pop	{r4, pc}
  80              		.cfi_endproc
  81              	.LFE2:
  82              		.size	CYMEMZERO, .-CYMEMZERO
  83              		.section	.psocinit,"ax",%progbits
  84              		.align	2
  85              		.code	16
  86              		.thumb_func
  87              		.type	ClockSetup, %function
  88              	ClockSetup:
  89              	.LFB5:
 174:Generated_Source\PSoC4/cyfitter_cfg.c **** 
  90              		.loc 1 174 0
  91              		.cfi_startproc
  92              		@ args = 0, pretend = 0, frame = 0
  93              		@ frame_needed = 0, uses_anonymous_args = 0
  94 0000 70B5     		push	{r4, r5, r6, lr}
  95              		.cfi_def_cfa_offset 16
  96              		.cfi_offset 4, -16
  97              		.cfi_offset 5, -12
  98              		.cfi_offset 6, -8
  99              		.cfi_offset 14, -4
 177:Generated_Source\PSoC4/cyfitter_cfg.c **** 
 100              		.loc 1 177 0
 101 0002 134C     		ldr	r4, .L6
 102 0004 1223     		movs	r3, #18
 103 0006 2360     		str	r3, [r4]
 180:Generated_Source\PSoC4/cyfitter_cfg.c **** 	CyDelayCycles(12000000u); /* WCO may take up to 500ms to start */
ARM GAS  C:\Users\ADMINI~1\AppData\Local\Temp\ccnBzHVJ.s 			page 7


 104              		.loc 1 180 0
 105 0008 FFF7FEFF 		bl	CySysClkWcoStart
 106              	.LVL3:
 181:Generated_Source\PSoC4/cyfitter_cfg.c **** 	(void)CySysClkWcoSetPowerMode(CY_SYS_CLK_WCO_LPM);    /* Switch to the low power mode */
 107              		.loc 1 181 0
 108 000c 1148     		ldr	r0, .L6+4
 109 000e FFF7FEFF 		bl	CyDelayCycles
 110              	.LVL4:
 182:Generated_Source\PSoC4/cyfitter_cfg.c **** 
 111              		.loc 1 182 0
 112 0012 0120     		movs	r0, #1
 113 0014 FFF7FEFF 		bl	CySysClkWcoSetPowerMode
 114              	.LVL5:
 185:Generated_Source\PSoC4/cyfitter_cfg.c **** 	/* CYDEV_CLK_ILO_CONFIG Starting address: CYDEV_CLK_ILO_CONFIG */
 115              		.loc 1 185 0
 116 0018 0620     		movs	r0, #6
 117 001a FFF7FEFF 		bl	CySysClkWriteImoFreq
 118              	.LVL6:
 187:Generated_Source\PSoC4/cyfitter_cfg.c **** 
 119              		.loc 1 187 0
 120 001e 0E4A     		ldr	r2, .L6+8
 121 0020 0E4B     		ldr	r3, .L6+12
 122 0022 1A60     		str	r2, [r3]
 190:Generated_Source\PSoC4/cyfitter_cfg.c **** 
 123              		.loc 1 190 0
 124 0024 0E4D     		ldr	r5, .L6+16
 125 0026 8026     		movs	r6, #128
 126 0028 F605     		lsls	r6, r6, #23
 127 002a 2E60     		str	r6, [r5]
 196:Generated_Source\PSoC4/cyfitter_cfg.c **** 
 128              		.loc 1 196 0
 129 002c 063A     		subs	r2, r2, #6
 130 002e 0D4B     		ldr	r3, .L6+20
 131 0030 1A60     		str	r2, [r3]
 199:Generated_Source\PSoC4/cyfitter_cfg.c **** 
 132              		.loc 1 199 0
 133 0032 8022     		movs	r2, #128
 134 0034 1203     		lsls	r2, r2, #12
 135 0036 0C4B     		ldr	r3, .L6+24
 136 0038 1A60     		str	r2, [r3]
 201:Generated_Source\PSoC4/cyfitter_cfg.c **** 	CyIntEnable(8u);
 137              		.loc 1 201 0
 138 003a 0C49     		ldr	r1, .L6+28
 139 003c 0820     		movs	r0, #8
 140 003e FFF7FEFF 		bl	CyIntSetVector
 141              	.LVL7:
 202:Generated_Source\PSoC4/cyfitter_cfg.c **** 	CY_SET_REG32((void *)(CYREG_WDT_CONFIG), 0x40000000u);
 142              		.loc 1 202 0
 143 0042 0820     		movs	r0, #8
 144 0044 FFF7FEFF 		bl	CyIntEnable
 145              	.LVL8:
 203:Generated_Source\PSoC4/cyfitter_cfg.c **** 	/* Set Flash Cycles based on newly configured 6.00MHz HFCLK. */
 146              		.loc 1 203 0
 147 0048 2E60     		str	r6, [r5]
 205:Generated_Source\PSoC4/cyfitter_cfg.c **** }
 148              		.loc 1 205 0
 149 004a 0023     		movs	r3, #0
ARM GAS  C:\Users\ADMINI~1\AppData\Local\Temp\ccnBzHVJ.s 			page 8


 150 004c 2360     		str	r3, [r4]
 206:Generated_Source\PSoC4/cyfitter_cfg.c **** 
 151              		.loc 1 206 0
 152              		@ sp needed
 153 004e 70BD     		pop	{r4, r5, r6, pc}
 154              	.L7:
 155              		.align	2
 156              	.L6:
 157 0050 30001040 		.word	1074790448
 158 0054 001BB700 		.word	12000000
 159 0058 06000080 		.word	-2147483642
 160 005c 04010B40 		.word	1074462980
 161 0060 0C020B40 		.word	1074463244
 162 0064 08010B40 		.word	1074462984
 163 0068 00010B40 		.word	1074462976
 164 006c 00000000 		.word	CySysWdtIsr
 165              		.cfi_endproc
 166              	.LFE5:
 167              		.size	ClockSetup, .-ClockSetup
 168              		.align	2
 169              		.global	cyfitter_cfg
 170              		.code	16
 171              		.thumb_func
 172              		.type	cyfitter_cfg, %function
 173              	cyfitter_cfg:
 174              	.LFB7:
 234:Generated_Source\PSoC4/cyfitter_cfg.c **** 
 235:Generated_Source\PSoC4/cyfitter_cfg.c **** 
 236:Generated_Source\PSoC4/cyfitter_cfg.c **** 
 237:Generated_Source\PSoC4/cyfitter_cfg.c **** 
 238:Generated_Source\PSoC4/cyfitter_cfg.c **** /*******************************************************************************
 239:Generated_Source\PSoC4/cyfitter_cfg.c **** * Function Name: cyfitter_cfg
 240:Generated_Source\PSoC4/cyfitter_cfg.c **** ********************************************************************************
 241:Generated_Source\PSoC4/cyfitter_cfg.c **** * Summary:
 242:Generated_Source\PSoC4/cyfitter_cfg.c **** *  This function is called by the start-up code for the selected device. It
 243:Generated_Source\PSoC4/cyfitter_cfg.c **** *  performs all of the necessary device configuration based on the design
 244:Generated_Source\PSoC4/cyfitter_cfg.c **** *  settings.  This includes settings from the Design Wide Resources (DWR) such
 245:Generated_Source\PSoC4/cyfitter_cfg.c **** *  as Clocks and Pins as well as any component configuration that is necessary.
 246:Generated_Source\PSoC4/cyfitter_cfg.c **** *
 247:Generated_Source\PSoC4/cyfitter_cfg.c **** * Parameters:
 248:Generated_Source\PSoC4/cyfitter_cfg.c **** *   void
 249:Generated_Source\PSoC4/cyfitter_cfg.c **** *
 250:Generated_Source\PSoC4/cyfitter_cfg.c **** * Return:
 251:Generated_Source\PSoC4/cyfitter_cfg.c **** *   void
 252:Generated_Source\PSoC4/cyfitter_cfg.c **** *
 253:Generated_Source\PSoC4/cyfitter_cfg.c **** *******************************************************************************/
 254:Generated_Source\PSoC4/cyfitter_cfg.c **** CY_CFG_SECTION
 255:Generated_Source\PSoC4/cyfitter_cfg.c **** void cyfitter_cfg(void)
 256:Generated_Source\PSoC4/cyfitter_cfg.c **** {
 175              		.loc 1 256 0
 176              		.cfi_startproc
 177              		@ args = 0, pretend = 0, frame = 0
 178              		@ frame_needed = 0, uses_anonymous_args = 0
 179 0070 10B5     		push	{r4, lr}
 180              		.cfi_def_cfa_offset 8
 181              		.cfi_offset 4, -8
 182              		.cfi_offset 14, -4
ARM GAS  C:\Users\ADMINI~1\AppData\Local\Temp\ccnBzHVJ.s 			page 9


 257:Generated_Source\PSoC4/cyfitter_cfg.c **** 	/* Disable interrupts by default. Let user enable if/when they want. */
 258:Generated_Source\PSoC4/cyfitter_cfg.c **** 	CyGlobalIntDisable;
 183              		.loc 1 258 0
 184              		.syntax divided
 185              	@ 258 "Generated_Source\PSoC4\cyfitter_cfg.c" 1
 186 0072 72B6     		CPSID   i
 187              	@ 0 "" 2
 259:Generated_Source\PSoC4/cyfitter_cfg.c **** 
 260:Generated_Source\PSoC4/cyfitter_cfg.c **** 	CY_SET_REG32((void *)(CYREG_BLE_BLESS_LL_DSM_CTRL), 0x00000000u);
 188              		.loc 1 260 0
 189              		.thumb
 190              		.syntax unified
 191 0074 0022     		movs	r2, #0
 192 0076 1A4B     		ldr	r3, .L11
 193 0078 1A60     		str	r2, [r3]
 194              	.LVL9:
 195              	.LBB2:
 261:Generated_Source\PSoC4/cyfitter_cfg.c **** 
 262:Generated_Source\PSoC4/cyfitter_cfg.c **** 	{
 263:Generated_Source\PSoC4/cyfitter_cfg.c **** 
 264:Generated_Source\PSoC4/cyfitter_cfg.c **** 		CYPACKED typedef struct {
 265:Generated_Source\PSoC4/cyfitter_cfg.c **** 			void CYFAR *address;
 266:Generated_Source\PSoC4/cyfitter_cfg.c **** 			uint16 size;
 267:Generated_Source\PSoC4/cyfitter_cfg.c **** 		} CYPACKED_ATTR cfg_memset_t;
 268:Generated_Source\PSoC4/cyfitter_cfg.c **** 
 269:Generated_Source\PSoC4/cyfitter_cfg.c **** 		static const cfg_memset_t CYCODE cfg_memset_list[] = {
 270:Generated_Source\PSoC4/cyfitter_cfg.c **** 			/* address, size */
 271:Generated_Source\PSoC4/cyfitter_cfg.c **** 			{(void CYFAR *)(CYDEV_UDB_P0_U0_BASE), 1024u},
 272:Generated_Source\PSoC4/cyfitter_cfg.c **** 			{(void CYFAR *)(CYDEV_UDB_DSI0_BASE), 1024u},
 273:Generated_Source\PSoC4/cyfitter_cfg.c **** 		};
 274:Generated_Source\PSoC4/cyfitter_cfg.c **** 
 275:Generated_Source\PSoC4/cyfitter_cfg.c **** 		uint8 CYDATA i;
 276:Generated_Source\PSoC4/cyfitter_cfg.c **** 
 277:Generated_Source\PSoC4/cyfitter_cfg.c **** 		/* Zero out critical memory blocks before beginning configuration */
 278:Generated_Source\PSoC4/cyfitter_cfg.c **** 		for (i = 0u; i < (sizeof(cfg_memset_list)/sizeof(cfg_memset_list[0])); i++)
 196              		.loc 1 278 0
 197 007a 0024     		movs	r4, #0
 198 007c 0FE0     		b	.L9
 199              	.LVL10:
 200              	.L10:
 201              	.LBB3:
 279:Generated_Source\PSoC4/cyfitter_cfg.c **** 		{
 280:Generated_Source\PSoC4/cyfitter_cfg.c **** 			const cfg_memset_t CYCODE * CYDATA ms = &cfg_memset_list[i];
 281:Generated_Source\PSoC4/cyfitter_cfg.c **** 			CYMEMZERO(ms->address, (size_t)(uint32)(ms->size));
 202              		.loc 1 281 0 discriminator 3
 203 007e 1948     		ldr	r0, .L11+4
 204 0080 6200     		lsls	r2, r4, #1
 205 0082 1319     		adds	r3, r2, r4
 206 0084 5900     		lsls	r1, r3, #1
 207 0086 0B00     		movs	r3, r1
 208 0088 4118     		adds	r1, r0, r1
 209 008a 8988     		ldrh	r1, [r1, #4]
 210 008c 1A5A     		ldrh	r2, [r3, r0]
 211 008e C318     		adds	r3, r0, r3
 212 0090 5888     		ldrh	r0, [r3, #2]
 213 0092 0004     		lsls	r0, r0, #16
 214 0094 1043     		orrs	r0, r2
ARM GAS  C:\Users\ADMINI~1\AppData\Local\Temp\ccnBzHVJ.s 			page 10


 215 0096 FFF7FEFF 		bl	CYMEMZERO
 216              	.LVL11:
 217              	.LBE3:
 278:Generated_Source\PSoC4/cyfitter_cfg.c **** 		{
 218              		.loc 1 278 0 discriminator 3
 219 009a 0134     		adds	r4, r4, #1
 220              	.LVL12:
 221 009c E4B2     		uxtb	r4, r4
 222              	.LVL13:
 223              	.L9:
 278:Generated_Source\PSoC4/cyfitter_cfg.c **** 		{
 224              		.loc 1 278 0 is_stmt 0 discriminator 1
 225 009e 012C     		cmp	r4, #1
 226 00a0 EDD9     		bls	.L10
 282:Generated_Source\PSoC4/cyfitter_cfg.c **** 		}
 283:Generated_Source\PSoC4/cyfitter_cfg.c **** 
 284:Generated_Source\PSoC4/cyfitter_cfg.c **** 		/* FORCED_HSIOM Starting address: CYDEV_HSIOM_PORT_SEL0 */
 285:Generated_Source\PSoC4/cyfitter_cfg.c **** 		CY_SET_REG32((void *)(CYREG_HSIOM_PORT_SEL0), 0x00000000u);
 227              		.loc 1 285 0 is_stmt 1
 228 00a2 0023     		movs	r3, #0
 229 00a4 104A     		ldr	r2, .L11+8
 230 00a6 1360     		str	r3, [r2]
 286:Generated_Source\PSoC4/cyfitter_cfg.c **** 
 287:Generated_Source\PSoC4/cyfitter_cfg.c **** 		/* IOPINS0_0 Starting address: CYDEV_GPIO_PRT0_PC */
 288:Generated_Source\PSoC4/cyfitter_cfg.c **** 		CY_SET_REG32((void *)(CYREG_GPIO_PRT0_PC), 0x00000000u);
 231              		.loc 1 288 0
 232 00a8 104A     		ldr	r2, .L11+12
 233 00aa 1360     		str	r3, [r2]
 289:Generated_Source\PSoC4/cyfitter_cfg.c **** 
 290:Generated_Source\PSoC4/cyfitter_cfg.c **** 		/* UDB_PA_2 Starting address: CYDEV_UDB_PA2_BASE */
 291:Generated_Source\PSoC4/cyfitter_cfg.c **** 		CY_SET_REG32((void *)(CYDEV_UDB_PA2_BASE), 0x00990000u);
 234              		.loc 1 291 0
 235 00ac 9922     		movs	r2, #153
 236 00ae 1204     		lsls	r2, r2, #16
 237 00b0 0F4B     		ldr	r3, .L11+16
 238 00b2 1A60     		str	r2, [r3]
 292:Generated_Source\PSoC4/cyfitter_cfg.c **** 
 293:Generated_Source\PSoC4/cyfitter_cfg.c **** 		/* Enable digital routing */
 294:Generated_Source\PSoC4/cyfitter_cfg.c **** 		CY_SET_XTND_REG8((void *)CYREG_UDB_UDBIF_BANK_CTL, (uint8)(CY_GET_XTND_REG8((void *)CYREG_UDB_UDB
 239              		.loc 1 294 0
 240 00b4 0F4A     		ldr	r2, .L11+20
 241 00b6 1178     		ldrb	r1, [r2]
 242 00b8 0623     		movs	r3, #6
 243 00ba 0B43     		orrs	r3, r1
 244 00bc DBB2     		uxtb	r3, r3
 245 00be 1370     		strb	r3, [r2]
 246              	.LBE2:
 295:Generated_Source\PSoC4/cyfitter_cfg.c **** 	}
 296:Generated_Source\PSoC4/cyfitter_cfg.c **** 
 297:Generated_Source\PSoC4/cyfitter_cfg.c **** 	/* Perform second pass device configuration. These items must be configured in specific order afte
 298:Generated_Source\PSoC4/cyfitter_cfg.c **** 	/* IOPINS0_2 Starting address: CYDEV_GPIO_PRT2_BASE */
 299:Generated_Source\PSoC4/cyfitter_cfg.c **** 	CY_SET_REG32((void *)(CYDEV_GPIO_PRT2_BASE), 0x000000C0u);
 247              		.loc 1 299 0
 248 00c0 C022     		movs	r2, #192
 249 00c2 0D4B     		ldr	r3, .L11+24
 250 00c4 1A60     		str	r2, [r3]
 300:Generated_Source\PSoC4/cyfitter_cfg.c **** 	CY_SET_REG32((void *)(CYREG_GPIO_PRT2_PC), 0x00580000u);
ARM GAS  C:\Users\ADMINI~1\AppData\Local\Temp\ccnBzHVJ.s 			page 11


 251              		.loc 1 300 0
 252 00c6 B022     		movs	r2, #176
 253 00c8 D203     		lsls	r2, r2, #15
 254 00ca 0C4B     		ldr	r3, .L11+28
 255 00cc 1A60     		str	r2, [r3]
 301:Generated_Source\PSoC4/cyfitter_cfg.c **** 	CY_SET_REG32((void *)(CYREG_GPIO_PRT2_INTR_CFG), 0x00004000u);
 256              		.loc 1 301 0
 257 00ce 8022     		movs	r2, #128
 258 00d0 D201     		lsls	r2, r2, #7
 259 00d2 0B4B     		ldr	r3, .L11+32
 260 00d4 1A60     		str	r2, [r3]
 302:Generated_Source\PSoC4/cyfitter_cfg.c **** 
 303:Generated_Source\PSoC4/cyfitter_cfg.c **** 
 304:Generated_Source\PSoC4/cyfitter_cfg.c **** 	/* Setup clocks based on selections from Clock DWR */
 305:Generated_Source\PSoC4/cyfitter_cfg.c **** 	ClockSetup();
 261              		.loc 1 305 0
 262 00d6 FFF793FF 		bl	ClockSetup
 263              	.LVL14:
 306:Generated_Source\PSoC4/cyfitter_cfg.c **** 
 307:Generated_Source\PSoC4/cyfitter_cfg.c **** 	/* Perform basic analog initialization to defaults */
 308:Generated_Source\PSoC4/cyfitter_cfg.c **** 	AnalogSetDefault();
 264              		.loc 1 308 0
 265 00da FFF7FEFF 		bl	AnalogSetDefault
 266              	.LVL15:
 309:Generated_Source\PSoC4/cyfitter_cfg.c **** 
 310:Generated_Source\PSoC4/cyfitter_cfg.c **** }
 267              		.loc 1 310 0
 268              		@ sp needed
 269              	.LVL16:
 270 00de 10BD     		pop	{r4, pc}
 271              	.L12:
 272              		.align	2
 273              	.L11:
 274 00e0 6CF02E40 		.word	1076818028
 275 00e4 00000000 		.word	.LANCHOR0
 276 00e8 00000240 		.word	1073872896
 277 00ec 08000440 		.word	1074003976
 278 00f0 20500F40 		.word	1074745376
 279 00f4 00700F40 		.word	1074753536
 280 00f8 00020440 		.word	1074004480
 281 00fc 08020440 		.word	1074004488
 282 0100 0C020440 		.word	1074004492
 283              		.cfi_endproc
 284              	.LFE7:
 285              		.size	cyfitter_cfg, .-cyfitter_cfg
 286              		.section	.rodata
 287              		.align	2
 288              		.set	.LANCHOR0,. + 0
 289              		.type	cfg_memset_list.4884, %object
 290              		.size	cfg_memset_list.4884, 12
 291              	cfg_memset_list.4884:
 292 0000 00300F40 		.word	1074737152
 293 0004 0004     		.short	1024
 294 0006 00400F40 		.4byte	1074741248
 295 000a 0004     		.short	1024
 296              		.text
 297              	.Letext0:
ARM GAS  C:\Users\ADMINI~1\AppData\Local\Temp\ccnBzHVJ.s 			page 12


 298              		.file 2 "d:\\program files (x86)\\cypress\\psoc creator\\4.1\\psoc creator\\import\\gnu\\arm\\5.4.
 299              		.file 3 "Generated_Source\\PSoC4\\cytypes.h"
 300              		.file 4 "Generated_Source\\PSoC4\\CyLFClk.h"
 301              		.file 5 "Generated_Source\\PSoC4\\CyLib.h"
 302              		.section	.debug_info,"",%progbits
 303              	.Ldebug_info0:
 304 0000 E7020000 		.4byte	0x2e7
 305 0004 0400     		.2byte	0x4
 306 0006 00000000 		.4byte	.Ldebug_abbrev0
 307 000a 04       		.byte	0x4
 308 000b 01       		.uleb128 0x1
 309 000c 99010000 		.4byte	.LASF32
 310 0010 0C       		.byte	0xc
 311 0011 90020000 		.4byte	.LASF33
 312 0015 FA000000 		.4byte	.LASF34
 313 0019 00000000 		.4byte	.Ldebug_ranges0+0
 314 001d 00000000 		.4byte	0
 315 0021 00000000 		.4byte	.Ldebug_line0
 316 0025 02       		.uleb128 0x2
 317 0026 04       		.byte	0x4
 318 0027 05       		.byte	0x5
 319 0028 696E7400 		.ascii	"int\000"
 320 002c 03       		.uleb128 0x3
 321 002d 14000000 		.4byte	.LASF12
 322 0031 02       		.byte	0x2
 323 0032 D8       		.byte	0xd8
 324 0033 37000000 		.4byte	0x37
 325 0037 04       		.uleb128 0x4
 326 0038 04       		.byte	0x4
 327 0039 07       		.byte	0x7
 328 003a 60010000 		.4byte	.LASF0
 329 003e 04       		.uleb128 0x4
 330 003f 08       		.byte	0x8
 331 0040 05       		.byte	0x5
 332 0041 3D020000 		.4byte	.LASF1
 333 0045 04       		.uleb128 0x4
 334 0046 08       		.byte	0x8
 335 0047 04       		.byte	0x4
 336 0048 78020000 		.4byte	.LASF2
 337 004c 04       		.uleb128 0x4
 338 004d 01       		.byte	0x1
 339 004e 06       		.byte	0x6
 340 004f 84020000 		.4byte	.LASF3
 341 0053 04       		.uleb128 0x4
 342 0054 01       		.byte	0x1
 343 0055 08       		.byte	0x8
 344 0056 C4000000 		.4byte	.LASF4
 345 005a 04       		.uleb128 0x4
 346 005b 02       		.byte	0x2
 347 005c 05       		.byte	0x5
 348 005d 50020000 		.4byte	.LASF5
 349 0061 04       		.uleb128 0x4
 350 0062 02       		.byte	0x2
 351 0063 07       		.byte	0x7
 352 0064 56000000 		.4byte	.LASF6
 353 0068 04       		.uleb128 0x4
 354 0069 04       		.byte	0x4
ARM GAS  C:\Users\ADMINI~1\AppData\Local\Temp\ccnBzHVJ.s 			page 13


 355 006a 05       		.byte	0x5
 356 006b 6F020000 		.4byte	.LASF7
 357 006f 04       		.uleb128 0x4
 358 0070 04       		.byte	0x4
 359 0071 07       		.byte	0x7
 360 0072 91000000 		.4byte	.LASF8
 361 0076 04       		.uleb128 0x4
 362 0077 08       		.byte	0x8
 363 0078 07       		.byte	0x7
 364 0079 82010000 		.4byte	.LASF9
 365 007d 04       		.uleb128 0x4
 366 007e 04       		.byte	0x4
 367 007f 07       		.byte	0x7
 368 0080 34020000 		.4byte	.LASF10
 369 0084 05       		.uleb128 0x5
 370 0085 04       		.byte	0x4
 371 0086 04       		.uleb128 0x4
 372 0087 01       		.byte	0x1
 373 0088 08       		.byte	0x8
 374 0089 4B020000 		.4byte	.LASF11
 375 008d 06       		.uleb128 0x6
 376 008e A3000000 		.4byte	.LASF13
 377 0092 03       		.byte	0x3
 378 0093 D201     		.2byte	0x1d2
 379 0095 53000000 		.4byte	0x53
 380 0099 06       		.uleb128 0x6
 381 009a EC000000 		.4byte	.LASF14
 382 009e 03       		.byte	0x3
 383 009f D301     		.2byte	0x1d3
 384 00a1 61000000 		.4byte	0x61
 385 00a5 06       		.uleb128 0x6
 386 00a6 F3000000 		.4byte	.LASF15
 387 00aa 03       		.byte	0x3
 388 00ab D401     		.2byte	0x1d4
 389 00ad 6F000000 		.4byte	0x6f
 390 00b1 04       		.uleb128 0x4
 391 00b2 04       		.byte	0x4
 392 00b3 04       		.byte	0x4
 393 00b4 69000000 		.4byte	.LASF16
 394 00b8 04       		.uleb128 0x4
 395 00b9 08       		.byte	0x8
 396 00ba 04       		.byte	0x4
 397 00bb D9000000 		.4byte	.LASF17
 398 00bf 06       		.uleb128 0x6
 399 00c0 8C000000 		.4byte	.LASF18
 400 00c4 03       		.byte	0x3
 401 00c5 7C02     		.2byte	0x27c
 402 00c7 CB000000 		.4byte	0xcb
 403 00cb 07       		.uleb128 0x7
 404 00cc 8D000000 		.4byte	0x8d
 405 00d0 06       		.uleb128 0x6
 406 00d1 0E000000 		.4byte	.LASF19
 407 00d5 03       		.byte	0x3
 408 00d6 7E02     		.2byte	0x27e
 409 00d8 DC000000 		.4byte	0xdc
 410 00dc 07       		.uleb128 0x7
 411 00dd A5000000 		.4byte	0xa5
ARM GAS  C:\Users\ADMINI~1\AppData\Local\Temp\ccnBzHVJ.s 			page 14


 412 00e1 08       		.uleb128 0x8
 413 00e2 1B000000 		.4byte	.LASF35
 414 00e6 01       		.byte	0x1
 415 00e7 E4       		.byte	0xe4
 416 00e8 00000000 		.4byte	.LFB6
 417 00ec 20000000 		.4byte	.LFE6-.LFB6
 418 00f0 01       		.uleb128 0x1
 419 00f1 9C       		.byte	0x9c
 420 00f2 09       		.uleb128 0x9
 421 00f3 BA000000 		.4byte	.LASF20
 422 00f7 01       		.byte	0x1
 423 00f8 4C       		.byte	0x4c
 424 00f9 00000000 		.4byte	.LFB2
 425 00fd 0C000000 		.4byte	.LFE2-.LFB2
 426 0101 01       		.uleb128 0x1
 427 0102 9C       		.byte	0x9c
 428 0103 3F010000 		.4byte	0x13f
 429 0107 0A       		.uleb128 0xa
 430 0108 7300     		.ascii	"s\000"
 431 010a 01       		.byte	0x1
 432 010b 4C       		.byte	0x4c
 433 010c 84000000 		.4byte	0x84
 434 0110 00000000 		.4byte	.LLST0
 435 0114 0A       		.uleb128 0xa
 436 0115 6E00     		.ascii	"n\000"
 437 0117 01       		.byte	0x1
 438 0118 4C       		.byte	0x4c
 439 0119 2C000000 		.4byte	0x2c
 440 011d 21000000 		.4byte	.LLST1
 441 0121 0B       		.uleb128 0xb
 442 0122 0A000000 		.4byte	.LVL2
 443 0126 9F020000 		.4byte	0x29f
 444 012a 0C       		.uleb128 0xc
 445 012b 01       		.uleb128 0x1
 446 012c 50       		.byte	0x50
 447 012d 03       		.uleb128 0x3
 448 012e F3       		.byte	0xf3
 449 012f 01       		.uleb128 0x1
 450 0130 50       		.byte	0x50
 451 0131 0C       		.uleb128 0xc
 452 0132 01       		.uleb128 0x1
 453 0133 51       		.byte	0x51
 454 0134 01       		.uleb128 0x1
 455 0135 30       		.byte	0x30
 456 0136 0C       		.uleb128 0xc
 457 0137 01       		.uleb128 0x1
 458 0138 52       		.byte	0x52
 459 0139 03       		.uleb128 0x3
 460 013a F3       		.byte	0xf3
 461 013b 01       		.uleb128 0x1
 462 013c 51       		.byte	0x51
 463 013d 00       		.byte	0
 464 013e 00       		.byte	0
 465 013f 09       		.uleb128 0x9
 466 0140 4B000000 		.4byte	.LASF21
 467 0144 01       		.byte	0x1
 468 0145 AD       		.byte	0xad
ARM GAS  C:\Users\ADMINI~1\AppData\Local\Temp\ccnBzHVJ.s 			page 15


 469 0146 00000000 		.4byte	.LFB5
 470 014a 70000000 		.4byte	.LFE5-.LFB5
 471 014e 01       		.uleb128 0x1
 472 014f 9C       		.byte	0x9c
 473 0150 BD010000 		.4byte	0x1bd
 474 0154 0D       		.uleb128 0xd
 475 0155 0C000000 		.4byte	.LVL3
 476 0159 A8020000 		.4byte	0x2a8
 477 015d 0E       		.uleb128 0xe
 478 015e 12000000 		.4byte	.LVL4
 479 0162 B3020000 		.4byte	0x2b3
 480 0166 74010000 		.4byte	0x174
 481 016a 0C       		.uleb128 0xc
 482 016b 01       		.uleb128 0x1
 483 016c 50       		.byte	0x50
 484 016d 05       		.uleb128 0x5
 485 016e 0C       		.byte	0xc
 486 016f 001BB700 		.4byte	0xb71b00
 487 0173 00       		.byte	0
 488 0174 0E       		.uleb128 0xe
 489 0175 18000000 		.4byte	.LVL5
 490 0179 BE020000 		.4byte	0x2be
 491 017d 87010000 		.4byte	0x187
 492 0181 0C       		.uleb128 0xc
 493 0182 01       		.uleb128 0x1
 494 0183 50       		.byte	0x50
 495 0184 01       		.uleb128 0x1
 496 0185 31       		.byte	0x31
 497 0186 00       		.byte	0
 498 0187 0E       		.uleb128 0xe
 499 0188 1E000000 		.4byte	.LVL6
 500 018c C9020000 		.4byte	0x2c9
 501 0190 9A010000 		.4byte	0x19a
 502 0194 0C       		.uleb128 0xc
 503 0195 01       		.uleb128 0x1
 504 0196 50       		.byte	0x50
 505 0197 01       		.uleb128 0x1
 506 0198 36       		.byte	0x36
 507 0199 00       		.byte	0
 508 019a 0E       		.uleb128 0xe
 509 019b 42000000 		.4byte	.LVL7
 510 019f D4020000 		.4byte	0x2d4
 511 01a3 AD010000 		.4byte	0x1ad
 512 01a7 0C       		.uleb128 0xc
 513 01a8 01       		.uleb128 0x1
 514 01a9 50       		.byte	0x50
 515 01aa 01       		.uleb128 0x1
 516 01ab 38       		.byte	0x38
 517 01ac 00       		.byte	0
 518 01ad 0B       		.uleb128 0xb
 519 01ae 48000000 		.4byte	.LVL8
 520 01b2 DF020000 		.4byte	0x2df
 521 01b6 0C       		.uleb128 0xc
 522 01b7 01       		.uleb128 0x1
 523 01b8 50       		.byte	0x50
 524 01b9 01       		.uleb128 0x1
 525 01ba 38       		.byte	0x38
ARM GAS  C:\Users\ADMINI~1\AppData\Local\Temp\ccnBzHVJ.s 			page 16


 526 01bb 00       		.byte	0
 527 01bc 00       		.byte	0
 528 01bd 0F       		.uleb128 0xf
 529 01be 6D010000 		.4byte	.LASF36
 530 01c2 01       		.byte	0x1
 531 01c3 FF       		.byte	0xff
 532 01c4 70000000 		.4byte	.LFB7
 533 01c8 94000000 		.4byte	.LFE7-.LFB7
 534 01cc 01       		.uleb128 0x1
 535 01cd 9C       		.byte	0x9c
 536 01ce 9F020000 		.4byte	0x29f
 537 01d2 10       		.uleb128 0x10
 538 01d3 7A000000 		.4byte	.LBB2
 539 01d7 46000000 		.4byte	.LBE2-.LBB2
 540 01db 8C020000 		.4byte	0x28c
 541 01df 11       		.uleb128 0x11
 542 01e0 06       		.byte	0x6
 543 01e1 01       		.byte	0x1
 544 01e2 0801     		.2byte	0x108
 545 01e4 03020000 		.4byte	0x203
 546 01e8 12       		.uleb128 0x12
 547 01e9 7A010000 		.4byte	.LASF22
 548 01ed 01       		.byte	0x1
 549 01ee 0901     		.2byte	0x109
 550 01f0 84000000 		.4byte	0x84
 551 01f4 00       		.byte	0
 552 01f5 12       		.uleb128 0x12
 553 01f6 6F000000 		.4byte	.LASF23
 554 01fa 01       		.byte	0x1
 555 01fb 0A01     		.2byte	0x10a
 556 01fd 99000000 		.4byte	0x99
 557 0201 04       		.byte	0x4
 558 0202 00       		.byte	0
 559 0203 06       		.uleb128 0x6
 560 0204 27020000 		.4byte	.LASF24
 561 0208 01       		.byte	0x1
 562 0209 0B01     		.2byte	0x10b
 563 020b DF010000 		.4byte	0x1df
 564 020f 13       		.uleb128 0x13
 565 0210 1F020000 		.4byte	0x21f
 566 0214 1F020000 		.4byte	0x21f
 567 0218 14       		.uleb128 0x14
 568 0219 7D000000 		.4byte	0x7d
 569 021d 01       		.byte	0x1
 570 021e 00       		.byte	0
 571 021f 15       		.uleb128 0x15
 572 0220 03020000 		.4byte	0x203
 573 0224 16       		.uleb128 0x16
 574 0225 3B000000 		.4byte	.LASF25
 575 0229 01       		.byte	0x1
 576 022a 0D01     		.2byte	0x10d
 577 022c 36020000 		.4byte	0x236
 578 0230 05       		.uleb128 0x5
 579 0231 03       		.byte	0x3
 580 0232 00000000 		.4byte	cfg_memset_list.4884
 581 0236 15       		.uleb128 0x15
 582 0237 0F020000 		.4byte	0x20f
ARM GAS  C:\Users\ADMINI~1\AppData\Local\Temp\ccnBzHVJ.s 			page 17


 583 023b 17       		.uleb128 0x17
 584 023c 6900     		.ascii	"i\000"
 585 023e 01       		.byte	0x1
 586 023f 1301     		.2byte	0x113
 587 0241 8D000000 		.4byte	0x8d
 588 0245 4D000000 		.4byte	.LLST2
 589 0249 18       		.uleb128 0x18
 590 024a 7E000000 		.4byte	.LBB3
 591 024e 1C000000 		.4byte	.LBE3-.LBB3
 592 0252 17       		.uleb128 0x17
 593 0253 6D7300   		.ascii	"ms\000"
 594 0256 01       		.byte	0x1
 595 0257 1801     		.2byte	0x118
 596 0259 61020000 		.4byte	0x261
 597 025d 77000000 		.4byte	.LLST3
 598 0261 19       		.uleb128 0x19
 599 0262 04       		.byte	0x4
 600 0263 1F020000 		.4byte	0x21f
 601 0267 0B       		.uleb128 0xb
 602 0268 9A000000 		.4byte	.LVL11
 603 026c F2000000 		.4byte	0xf2
 604 0270 0C       		.uleb128 0xc
 605 0271 01       		.uleb128 0x1
 606 0272 51       		.byte	0x51
 607 0273 15       		.uleb128 0x15
 608 0274 74       		.byte	0x74
 609 0275 00       		.sleb128 0
 610 0276 31       		.byte	0x31
 611 0277 24       		.byte	0x24
 612 0278 74       		.byte	0x74
 613 0279 00       		.sleb128 0
 614 027a 22       		.byte	0x22
 615 027b 31       		.byte	0x31
 616 027c 24       		.byte	0x24
 617 027d 03       		.byte	0x3
 618 027e 04000000 		.4byte	.LANCHOR0+4
 619 0282 22       		.byte	0x22
 620 0283 94       		.byte	0x94
 621 0284 02       		.byte	0x2
 622 0285 0A       		.byte	0xa
 623 0286 FFFF     		.2byte	0xffff
 624 0288 1A       		.byte	0x1a
 625 0289 00       		.byte	0
 626 028a 00       		.byte	0
 627 028b 00       		.byte	0
 628 028c 0D       		.uleb128 0xd
 629 028d DA000000 		.4byte	.LVL14
 630 0291 3F010000 		.4byte	0x13f
 631 0295 0D       		.uleb128 0xd
 632 0296 DE000000 		.4byte	.LVL15
 633 029a E1000000 		.4byte	0xe1
 634 029e 00       		.byte	0
 635 029f 1A       		.uleb128 0x1a
 636 02a0 D2000000 		.4byte	.LASF37
 637 02a4 D2000000 		.4byte	.LASF37
 638 02a8 1B       		.uleb128 0x1b
 639 02a9 A9000000 		.4byte	.LASF26
ARM GAS  C:\Users\ADMINI~1\AppData\Local\Temp\ccnBzHVJ.s 			page 18


 640 02ad A9000000 		.4byte	.LASF26
 641 02b1 04       		.byte	0x4
 642 02b2 4E       		.byte	0x4e
 643 02b3 1B       		.uleb128 0x1b
 644 02b4 00000000 		.4byte	.LASF27
 645 02b8 00000000 		.4byte	.LASF27
 646 02bc 05       		.byte	0x5
 647 02bd DC       		.byte	0xdc
 648 02be 1B       		.uleb128 0x1b
 649 02bf 74000000 		.4byte	.LASF28
 650 02c3 74000000 		.4byte	.LASF28
 651 02c7 04       		.byte	0x4
 652 02c8 50       		.byte	0x50
 653 02c9 1B       		.uleb128 0x1b
 654 02ca 5A020000 		.4byte	.LASF29
 655 02ce 5A020000 		.4byte	.LASF29
 656 02d2 05       		.byte	0x5
 657 02d3 6C       		.byte	0x6c
 658 02d4 1B       		.uleb128 0x1b
 659 02d5 2C000000 		.4byte	.LASF30
 660 02d9 2C000000 		.4byte	.LASF30
 661 02dd 05       		.byte	0x5
 662 02de BD       		.byte	0xbd
 663 02df 1B       		.uleb128 0x1b
 664 02e0 E0000000 		.4byte	.LASF31
 665 02e4 E0000000 		.4byte	.LASF31
 666 02e8 05       		.byte	0x5
 667 02e9 C3       		.byte	0xc3
 668 02ea 00       		.byte	0
 669              		.section	.debug_abbrev,"",%progbits
 670              	.Ldebug_abbrev0:
 671 0000 01       		.uleb128 0x1
 672 0001 11       		.uleb128 0x11
 673 0002 01       		.byte	0x1
 674 0003 25       		.uleb128 0x25
 675 0004 0E       		.uleb128 0xe
 676 0005 13       		.uleb128 0x13
 677 0006 0B       		.uleb128 0xb
 678 0007 03       		.uleb128 0x3
 679 0008 0E       		.uleb128 0xe
 680 0009 1B       		.uleb128 0x1b
 681 000a 0E       		.uleb128 0xe
 682 000b 55       		.uleb128 0x55
 683 000c 17       		.uleb128 0x17
 684 000d 11       		.uleb128 0x11
 685 000e 01       		.uleb128 0x1
 686 000f 10       		.uleb128 0x10
 687 0010 17       		.uleb128 0x17
 688 0011 00       		.byte	0
 689 0012 00       		.byte	0
 690 0013 02       		.uleb128 0x2
 691 0014 24       		.uleb128 0x24
 692 0015 00       		.byte	0
 693 0016 0B       		.uleb128 0xb
 694 0017 0B       		.uleb128 0xb
 695 0018 3E       		.uleb128 0x3e
 696 0019 0B       		.uleb128 0xb
ARM GAS  C:\Users\ADMINI~1\AppData\Local\Temp\ccnBzHVJ.s 			page 19


 697 001a 03       		.uleb128 0x3
 698 001b 08       		.uleb128 0x8
 699 001c 00       		.byte	0
 700 001d 00       		.byte	0
 701 001e 03       		.uleb128 0x3
 702 001f 16       		.uleb128 0x16
 703 0020 00       		.byte	0
 704 0021 03       		.uleb128 0x3
 705 0022 0E       		.uleb128 0xe
 706 0023 3A       		.uleb128 0x3a
 707 0024 0B       		.uleb128 0xb
 708 0025 3B       		.uleb128 0x3b
 709 0026 0B       		.uleb128 0xb
 710 0027 49       		.uleb128 0x49
 711 0028 13       		.uleb128 0x13
 712 0029 00       		.byte	0
 713 002a 00       		.byte	0
 714 002b 04       		.uleb128 0x4
 715 002c 24       		.uleb128 0x24
 716 002d 00       		.byte	0
 717 002e 0B       		.uleb128 0xb
 718 002f 0B       		.uleb128 0xb
 719 0030 3E       		.uleb128 0x3e
 720 0031 0B       		.uleb128 0xb
 721 0032 03       		.uleb128 0x3
 722 0033 0E       		.uleb128 0xe
 723 0034 00       		.byte	0
 724 0035 00       		.byte	0
 725 0036 05       		.uleb128 0x5
 726 0037 0F       		.uleb128 0xf
 727 0038 00       		.byte	0
 728 0039 0B       		.uleb128 0xb
 729 003a 0B       		.uleb128 0xb
 730 003b 00       		.byte	0
 731 003c 00       		.byte	0
 732 003d 06       		.uleb128 0x6
 733 003e 16       		.uleb128 0x16
 734 003f 00       		.byte	0
 735 0040 03       		.uleb128 0x3
 736 0041 0E       		.uleb128 0xe
 737 0042 3A       		.uleb128 0x3a
 738 0043 0B       		.uleb128 0xb
 739 0044 3B       		.uleb128 0x3b
 740 0045 05       		.uleb128 0x5
 741 0046 49       		.uleb128 0x49
 742 0047 13       		.uleb128 0x13
 743 0048 00       		.byte	0
 744 0049 00       		.byte	0
 745 004a 07       		.uleb128 0x7
 746 004b 35       		.uleb128 0x35
 747 004c 00       		.byte	0
 748 004d 49       		.uleb128 0x49
 749 004e 13       		.uleb128 0x13
 750 004f 00       		.byte	0
 751 0050 00       		.byte	0
 752 0051 08       		.uleb128 0x8
 753 0052 2E       		.uleb128 0x2e
ARM GAS  C:\Users\ADMINI~1\AppData\Local\Temp\ccnBzHVJ.s 			page 20


 754 0053 00       		.byte	0
 755 0054 03       		.uleb128 0x3
 756 0055 0E       		.uleb128 0xe
 757 0056 3A       		.uleb128 0x3a
 758 0057 0B       		.uleb128 0xb
 759 0058 3B       		.uleb128 0x3b
 760 0059 0B       		.uleb128 0xb
 761 005a 27       		.uleb128 0x27
 762 005b 19       		.uleb128 0x19
 763 005c 11       		.uleb128 0x11
 764 005d 01       		.uleb128 0x1
 765 005e 12       		.uleb128 0x12
 766 005f 06       		.uleb128 0x6
 767 0060 40       		.uleb128 0x40
 768 0061 18       		.uleb128 0x18
 769 0062 9742     		.uleb128 0x2117
 770 0064 19       		.uleb128 0x19
 771 0065 00       		.byte	0
 772 0066 00       		.byte	0
 773 0067 09       		.uleb128 0x9
 774 0068 2E       		.uleb128 0x2e
 775 0069 01       		.byte	0x1
 776 006a 03       		.uleb128 0x3
 777 006b 0E       		.uleb128 0xe
 778 006c 3A       		.uleb128 0x3a
 779 006d 0B       		.uleb128 0xb
 780 006e 3B       		.uleb128 0x3b
 781 006f 0B       		.uleb128 0xb
 782 0070 27       		.uleb128 0x27
 783 0071 19       		.uleb128 0x19
 784 0072 11       		.uleb128 0x11
 785 0073 01       		.uleb128 0x1
 786 0074 12       		.uleb128 0x12
 787 0075 06       		.uleb128 0x6
 788 0076 40       		.uleb128 0x40
 789 0077 18       		.uleb128 0x18
 790 0078 9742     		.uleb128 0x2117
 791 007a 19       		.uleb128 0x19
 792 007b 01       		.uleb128 0x1
 793 007c 13       		.uleb128 0x13
 794 007d 00       		.byte	0
 795 007e 00       		.byte	0
 796 007f 0A       		.uleb128 0xa
 797 0080 05       		.uleb128 0x5
 798 0081 00       		.byte	0
 799 0082 03       		.uleb128 0x3
 800 0083 08       		.uleb128 0x8
 801 0084 3A       		.uleb128 0x3a
 802 0085 0B       		.uleb128 0xb
 803 0086 3B       		.uleb128 0x3b
 804 0087 0B       		.uleb128 0xb
 805 0088 49       		.uleb128 0x49
 806 0089 13       		.uleb128 0x13
 807 008a 02       		.uleb128 0x2
 808 008b 17       		.uleb128 0x17
 809 008c 00       		.byte	0
 810 008d 00       		.byte	0
ARM GAS  C:\Users\ADMINI~1\AppData\Local\Temp\ccnBzHVJ.s 			page 21


 811 008e 0B       		.uleb128 0xb
 812 008f 898201   		.uleb128 0x4109
 813 0092 01       		.byte	0x1
 814 0093 11       		.uleb128 0x11
 815 0094 01       		.uleb128 0x1
 816 0095 31       		.uleb128 0x31
 817 0096 13       		.uleb128 0x13
 818 0097 00       		.byte	0
 819 0098 00       		.byte	0
 820 0099 0C       		.uleb128 0xc
 821 009a 8A8201   		.uleb128 0x410a
 822 009d 00       		.byte	0
 823 009e 02       		.uleb128 0x2
 824 009f 18       		.uleb128 0x18
 825 00a0 9142     		.uleb128 0x2111
 826 00a2 18       		.uleb128 0x18
 827 00a3 00       		.byte	0
 828 00a4 00       		.byte	0
 829 00a5 0D       		.uleb128 0xd
 830 00a6 898201   		.uleb128 0x4109
 831 00a9 00       		.byte	0
 832 00aa 11       		.uleb128 0x11
 833 00ab 01       		.uleb128 0x1
 834 00ac 31       		.uleb128 0x31
 835 00ad 13       		.uleb128 0x13
 836 00ae 00       		.byte	0
 837 00af 00       		.byte	0
 838 00b0 0E       		.uleb128 0xe
 839 00b1 898201   		.uleb128 0x4109
 840 00b4 01       		.byte	0x1
 841 00b5 11       		.uleb128 0x11
 842 00b6 01       		.uleb128 0x1
 843 00b7 31       		.uleb128 0x31
 844 00b8 13       		.uleb128 0x13
 845 00b9 01       		.uleb128 0x1
 846 00ba 13       		.uleb128 0x13
 847 00bb 00       		.byte	0
 848 00bc 00       		.byte	0
 849 00bd 0F       		.uleb128 0xf
 850 00be 2E       		.uleb128 0x2e
 851 00bf 01       		.byte	0x1
 852 00c0 3F       		.uleb128 0x3f
 853 00c1 19       		.uleb128 0x19
 854 00c2 03       		.uleb128 0x3
 855 00c3 0E       		.uleb128 0xe
 856 00c4 3A       		.uleb128 0x3a
 857 00c5 0B       		.uleb128 0xb
 858 00c6 3B       		.uleb128 0x3b
 859 00c7 0B       		.uleb128 0xb
 860 00c8 27       		.uleb128 0x27
 861 00c9 19       		.uleb128 0x19
 862 00ca 11       		.uleb128 0x11
 863 00cb 01       		.uleb128 0x1
 864 00cc 12       		.uleb128 0x12
 865 00cd 06       		.uleb128 0x6
 866 00ce 40       		.uleb128 0x40
 867 00cf 18       		.uleb128 0x18
ARM GAS  C:\Users\ADMINI~1\AppData\Local\Temp\ccnBzHVJ.s 			page 22


 868 00d0 9742     		.uleb128 0x2117
 869 00d2 19       		.uleb128 0x19
 870 00d3 01       		.uleb128 0x1
 871 00d4 13       		.uleb128 0x13
 872 00d5 00       		.byte	0
 873 00d6 00       		.byte	0
 874 00d7 10       		.uleb128 0x10
 875 00d8 0B       		.uleb128 0xb
 876 00d9 01       		.byte	0x1
 877 00da 11       		.uleb128 0x11
 878 00db 01       		.uleb128 0x1
 879 00dc 12       		.uleb128 0x12
 880 00dd 06       		.uleb128 0x6
 881 00de 01       		.uleb128 0x1
 882 00df 13       		.uleb128 0x13
 883 00e0 00       		.byte	0
 884 00e1 00       		.byte	0
 885 00e2 11       		.uleb128 0x11
 886 00e3 13       		.uleb128 0x13
 887 00e4 01       		.byte	0x1
 888 00e5 0B       		.uleb128 0xb
 889 00e6 0B       		.uleb128 0xb
 890 00e7 3A       		.uleb128 0x3a
 891 00e8 0B       		.uleb128 0xb
 892 00e9 3B       		.uleb128 0x3b
 893 00ea 05       		.uleb128 0x5
 894 00eb 01       		.uleb128 0x1
 895 00ec 13       		.uleb128 0x13
 896 00ed 00       		.byte	0
 897 00ee 00       		.byte	0
 898 00ef 12       		.uleb128 0x12
 899 00f0 0D       		.uleb128 0xd
 900 00f1 00       		.byte	0
 901 00f2 03       		.uleb128 0x3
 902 00f3 0E       		.uleb128 0xe
 903 00f4 3A       		.uleb128 0x3a
 904 00f5 0B       		.uleb128 0xb
 905 00f6 3B       		.uleb128 0x3b
 906 00f7 05       		.uleb128 0x5
 907 00f8 49       		.uleb128 0x49
 908 00f9 13       		.uleb128 0x13
 909 00fa 38       		.uleb128 0x38
 910 00fb 0B       		.uleb128 0xb
 911 00fc 00       		.byte	0
 912 00fd 00       		.byte	0
 913 00fe 13       		.uleb128 0x13
 914 00ff 01       		.uleb128 0x1
 915 0100 01       		.byte	0x1
 916 0101 49       		.uleb128 0x49
 917 0102 13       		.uleb128 0x13
 918 0103 01       		.uleb128 0x1
 919 0104 13       		.uleb128 0x13
 920 0105 00       		.byte	0
 921 0106 00       		.byte	0
 922 0107 14       		.uleb128 0x14
 923 0108 21       		.uleb128 0x21
 924 0109 00       		.byte	0
ARM GAS  C:\Users\ADMINI~1\AppData\Local\Temp\ccnBzHVJ.s 			page 23


 925 010a 49       		.uleb128 0x49
 926 010b 13       		.uleb128 0x13
 927 010c 2F       		.uleb128 0x2f
 928 010d 0B       		.uleb128 0xb
 929 010e 00       		.byte	0
 930 010f 00       		.byte	0
 931 0110 15       		.uleb128 0x15
 932 0111 26       		.uleb128 0x26
 933 0112 00       		.byte	0
 934 0113 49       		.uleb128 0x49
 935 0114 13       		.uleb128 0x13
 936 0115 00       		.byte	0
 937 0116 00       		.byte	0
 938 0117 16       		.uleb128 0x16
 939 0118 34       		.uleb128 0x34
 940 0119 00       		.byte	0
 941 011a 03       		.uleb128 0x3
 942 011b 0E       		.uleb128 0xe
 943 011c 3A       		.uleb128 0x3a
 944 011d 0B       		.uleb128 0xb
 945 011e 3B       		.uleb128 0x3b
 946 011f 05       		.uleb128 0x5
 947 0120 49       		.uleb128 0x49
 948 0121 13       		.uleb128 0x13
 949 0122 02       		.uleb128 0x2
 950 0123 18       		.uleb128 0x18
 951 0124 00       		.byte	0
 952 0125 00       		.byte	0
 953 0126 17       		.uleb128 0x17
 954 0127 34       		.uleb128 0x34
 955 0128 00       		.byte	0
 956 0129 03       		.uleb128 0x3
 957 012a 08       		.uleb128 0x8
 958 012b 3A       		.uleb128 0x3a
 959 012c 0B       		.uleb128 0xb
 960 012d 3B       		.uleb128 0x3b
 961 012e 05       		.uleb128 0x5
 962 012f 49       		.uleb128 0x49
 963 0130 13       		.uleb128 0x13
 964 0131 02       		.uleb128 0x2
 965 0132 17       		.uleb128 0x17
 966 0133 00       		.byte	0
 967 0134 00       		.byte	0
 968 0135 18       		.uleb128 0x18
 969 0136 0B       		.uleb128 0xb
 970 0137 01       		.byte	0x1
 971 0138 11       		.uleb128 0x11
 972 0139 01       		.uleb128 0x1
 973 013a 12       		.uleb128 0x12
 974 013b 06       		.uleb128 0x6
 975 013c 00       		.byte	0
 976 013d 00       		.byte	0
 977 013e 19       		.uleb128 0x19
 978 013f 0F       		.uleb128 0xf
 979 0140 00       		.byte	0
 980 0141 0B       		.uleb128 0xb
 981 0142 0B       		.uleb128 0xb
ARM GAS  C:\Users\ADMINI~1\AppData\Local\Temp\ccnBzHVJ.s 			page 24


 982 0143 49       		.uleb128 0x49
 983 0144 13       		.uleb128 0x13
 984 0145 00       		.byte	0
 985 0146 00       		.byte	0
 986 0147 1A       		.uleb128 0x1a
 987 0148 2E       		.uleb128 0x2e
 988 0149 00       		.byte	0
 989 014a 3F       		.uleb128 0x3f
 990 014b 19       		.uleb128 0x19
 991 014c 3C       		.uleb128 0x3c
 992 014d 19       		.uleb128 0x19
 993 014e 6E       		.uleb128 0x6e
 994 014f 0E       		.uleb128 0xe
 995 0150 03       		.uleb128 0x3
 996 0151 0E       		.uleb128 0xe
 997 0152 00       		.byte	0
 998 0153 00       		.byte	0
 999 0154 1B       		.uleb128 0x1b
 1000 0155 2E       		.uleb128 0x2e
 1001 0156 00       		.byte	0
 1002 0157 3F       		.uleb128 0x3f
 1003 0158 19       		.uleb128 0x19
 1004 0159 3C       		.uleb128 0x3c
 1005 015a 19       		.uleb128 0x19
 1006 015b 6E       		.uleb128 0x6e
 1007 015c 0E       		.uleb128 0xe
 1008 015d 03       		.uleb128 0x3
 1009 015e 0E       		.uleb128 0xe
 1010 015f 3A       		.uleb128 0x3a
 1011 0160 0B       		.uleb128 0xb
 1012 0161 3B       		.uleb128 0x3b
 1013 0162 0B       		.uleb128 0xb
 1014 0163 00       		.byte	0
 1015 0164 00       		.byte	0
 1016 0165 00       		.byte	0
 1017              		.section	.debug_loc,"",%progbits
 1018              	.Ldebug_loc0:
 1019              	.LLST0:
 1020 0000 00000000 		.4byte	.LVL0
 1021 0004 09000000 		.4byte	.LVL2-1
 1022 0008 0100     		.2byte	0x1
 1023 000a 50       		.byte	0x50
 1024 000b 09000000 		.4byte	.LVL2-1
 1025 000f 0C000000 		.4byte	.LFE2
 1026 0013 0400     		.2byte	0x4
 1027 0015 F3       		.byte	0xf3
 1028 0016 01       		.uleb128 0x1
 1029 0017 50       		.byte	0x50
 1030 0018 9F       		.byte	0x9f
 1031 0019 00000000 		.4byte	0
 1032 001d 00000000 		.4byte	0
 1033              	.LLST1:
 1034 0021 00000000 		.4byte	.LVL0
 1035 0025 06000000 		.4byte	.LVL1
 1036 0029 0100     		.2byte	0x1
 1037 002b 51       		.byte	0x51
 1038 002c 06000000 		.4byte	.LVL1
ARM GAS  C:\Users\ADMINI~1\AppData\Local\Temp\ccnBzHVJ.s 			page 25


 1039 0030 09000000 		.4byte	.LVL2-1
 1040 0034 0100     		.2byte	0x1
 1041 0036 52       		.byte	0x52
 1042 0037 09000000 		.4byte	.LVL2-1
 1043 003b 0C000000 		.4byte	.LFE2
 1044 003f 0400     		.2byte	0x4
 1045 0041 F3       		.byte	0xf3
 1046 0042 01       		.uleb128 0x1
 1047 0043 51       		.byte	0x51
 1048 0044 9F       		.byte	0x9f
 1049 0045 00000000 		.4byte	0
 1050 0049 00000000 		.4byte	0
 1051              	.LLST2:
 1052 004d 7A000000 		.4byte	.LVL9
 1053 0051 7E000000 		.4byte	.LVL10
 1054 0055 0200     		.2byte	0x2
 1055 0057 30       		.byte	0x30
 1056 0058 9F       		.byte	0x9f
 1057 0059 7E000000 		.4byte	.LVL10
 1058 005d 9C000000 		.4byte	.LVL12
 1059 0061 0100     		.2byte	0x1
 1060 0063 54       		.byte	0x54
 1061 0064 9E000000 		.4byte	.LVL13
 1062 0068 DE000000 		.4byte	.LVL16
 1063 006c 0100     		.2byte	0x1
 1064 006e 54       		.byte	0x54
 1065 006f 00000000 		.4byte	0
 1066 0073 00000000 		.4byte	0
 1067              	.LLST3:
 1068 0077 7E000000 		.4byte	.LVL10
 1069 007b 9C000000 		.4byte	.LVL12
 1070 007f 0B00     		.2byte	0xb
 1071 0081 74       		.byte	0x74
 1072 0082 00       		.sleb128 0
 1073 0083 36       		.byte	0x36
 1074 0084 1E       		.byte	0x1e
 1075 0085 03       		.byte	0x3
 1076 0086 00000000 		.4byte	cfg_memset_list.4884
 1077 008a 22       		.byte	0x22
 1078 008b 9F       		.byte	0x9f
 1079 008c 9C000000 		.4byte	.LVL12
 1080 0090 9E000000 		.4byte	.LVL13
 1081 0094 0B00     		.2byte	0xb
 1082 0096 74       		.byte	0x74
 1083 0097 7F       		.sleb128 -1
 1084 0098 36       		.byte	0x36
 1085 0099 1E       		.byte	0x1e
 1086 009a 03       		.byte	0x3
 1087 009b 00000000 		.4byte	cfg_memset_list.4884
 1088 009f 22       		.byte	0x22
 1089 00a0 9F       		.byte	0x9f
 1090 00a1 00000000 		.4byte	0
 1091 00a5 00000000 		.4byte	0
 1092              		.section	.debug_aranges,"",%progbits
 1093 0000 34000000 		.4byte	0x34
 1094 0004 0200     		.2byte	0x2
 1095 0006 00000000 		.4byte	.Ldebug_info0
ARM GAS  C:\Users\ADMINI~1\AppData\Local\Temp\ccnBzHVJ.s 			page 26


 1096 000a 04       		.byte	0x4
 1097 000b 00       		.byte	0
 1098 000c 0000     		.2byte	0
 1099 000e 0000     		.2byte	0
 1100 0010 00000000 		.4byte	.LFB6
 1101 0014 20000000 		.4byte	.LFE6-.LFB6
 1102 0018 00000000 		.4byte	.LFB2
 1103 001c 0C000000 		.4byte	.LFE2-.LFB2
 1104 0020 00000000 		.4byte	.LFB5
 1105 0024 70000000 		.4byte	.LFE5-.LFB5
 1106 0028 70000000 		.4byte	.LFB7
 1107 002c 94000000 		.4byte	.LFE7-.LFB7
 1108 0030 00000000 		.4byte	0
 1109 0034 00000000 		.4byte	0
 1110              		.section	.debug_ranges,"",%progbits
 1111              	.Ldebug_ranges0:
 1112 0000 00000000 		.4byte	.LFB6
 1113 0004 20000000 		.4byte	.LFE6
 1114 0008 00000000 		.4byte	.LFB2
 1115 000c 0C000000 		.4byte	.LFE2
 1116 0010 00000000 		.4byte	.LFB5
 1117 0014 70000000 		.4byte	.LFE5
 1118 0018 70000000 		.4byte	.LFB7
 1119 001c 04010000 		.4byte	.LFE7
 1120 0020 00000000 		.4byte	0
 1121 0024 00000000 		.4byte	0
 1122              		.section	.debug_line,"",%progbits
 1123              	.Ldebug_line0:
 1124 0000 51010000 		.section	.debug_str,"MS",%progbits,1
 1124      0200E300 
 1124      00000201 
 1124      FB0E0D00 
 1124      01010101 
 1125              	.LASF27:
 1126 0000 43794465 		.ascii	"CyDelayCycles\000"
 1126      6C617943 
 1126      79636C65 
 1126      7300
 1127              	.LASF19:
 1128 000e 72656733 		.ascii	"reg32\000"
 1128      3200
 1129              	.LASF12:
 1130 0014 73697A65 		.ascii	"size_t\000"
 1130      5F7400
 1131              	.LASF35:
 1132 001b 416E616C 		.ascii	"AnalogSetDefault\000"
 1132      6F675365 
 1132      74446566 
 1132      61756C74 
 1132      00
 1133              	.LASF30:
 1134 002c 4379496E 		.ascii	"CyIntSetVector\000"
 1134      74536574 
 1134      56656374 
 1134      6F7200
 1135              	.LASF25:
 1136 003b 6366675F 		.ascii	"cfg_memset_list\000"
ARM GAS  C:\Users\ADMINI~1\AppData\Local\Temp\ccnBzHVJ.s 			page 27


 1136      6D656D73 
 1136      65745F6C 
 1136      69737400 
 1137              	.LASF21:
 1138 004b 436C6F63 		.ascii	"ClockSetup\000"
 1138      6B536574 
 1138      757000
 1139              	.LASF6:
 1140 0056 73686F72 		.ascii	"short unsigned int\000"
 1140      7420756E 
 1140      7369676E 
 1140      65642069 
 1140      6E7400
 1141              	.LASF16:
 1142 0069 666C6F61 		.ascii	"float\000"
 1142      7400
 1143              	.LASF23:
 1144 006f 73697A65 		.ascii	"size\000"
 1144      00
 1145              	.LASF28:
 1146 0074 43795379 		.ascii	"CySysClkWcoSetPowerMode\000"
 1146      73436C6B 
 1146      57636F53 
 1146      6574506F 
 1146      7765724D 
 1147              	.LASF18:
 1148 008c 72656738 		.ascii	"reg8\000"
 1148      00
 1149              	.LASF8:
 1150 0091 6C6F6E67 		.ascii	"long unsigned int\000"
 1150      20756E73 
 1150      69676E65 
 1150      6420696E 
 1150      7400
 1151              	.LASF13:
 1152 00a3 75696E74 		.ascii	"uint8\000"
 1152      3800
 1153              	.LASF26:
 1154 00a9 43795379 		.ascii	"CySysClkWcoStart\000"
 1154      73436C6B 
 1154      57636F53 
 1154      74617274 
 1154      00
 1155              	.LASF20:
 1156 00ba 43594D45 		.ascii	"CYMEMZERO\000"
 1156      4D5A4552 
 1156      4F00
 1157              	.LASF4:
 1158 00c4 756E7369 		.ascii	"unsigned char\000"
 1158      676E6564 
 1158      20636861 
 1158      7200
 1159              	.LASF37:
 1160 00d2 6D656D73 		.ascii	"memset\000"
 1160      657400
 1161              	.LASF17:
 1162 00d9 646F7562 		.ascii	"double\000"
ARM GAS  C:\Users\ADMINI~1\AppData\Local\Temp\ccnBzHVJ.s 			page 28


 1162      6C6500
 1163              	.LASF31:
 1164 00e0 4379496E 		.ascii	"CyIntEnable\000"
 1164      74456E61 
 1164      626C6500 
 1165              	.LASF14:
 1166 00ec 75696E74 		.ascii	"uint16\000"
 1166      313600
 1167              	.LASF15:
 1168 00f3 75696E74 		.ascii	"uint32\000"
 1168      333200
 1169              	.LASF34:
 1170 00fa 433A5C55 		.ascii	"C:\\Users\\Administrator\\Desktop\\Temporary Files\\"
 1170      73657273 
 1170      5C41646D 
 1170      696E6973 
 1170      74726174 
 1171 0129 43797072 		.ascii	"Cypress_Lowpower\\Lowpower\\LowpowerMode\\Hibernate"
 1171      6573735F 
 1171      4C6F7770 
 1171      6F776572 
 1171      5C4C6F77 
 1172 0159 2E637964 		.ascii	".cydsn\000"
 1172      736E00
 1173              	.LASF0:
 1174 0160 756E7369 		.ascii	"unsigned int\000"
 1174      676E6564 
 1174      20696E74 
 1174      00
 1175              	.LASF36:
 1176 016d 63796669 		.ascii	"cyfitter_cfg\000"
 1176      74746572 
 1176      5F636667 
 1176      00
 1177              	.LASF22:
 1178 017a 61646472 		.ascii	"address\000"
 1178      65737300 
 1179              	.LASF9:
 1180 0182 6C6F6E67 		.ascii	"long long unsigned int\000"
 1180      206C6F6E 
 1180      6720756E 
 1180      7369676E 
 1180      65642069 
 1181              	.LASF32:
 1182 0199 474E5520 		.ascii	"GNU C11 5.4.1 20160609 (release) [ARM/embedded-5-br"
 1182      43313120 
 1182      352E342E 
 1182      31203230 
 1182      31363036 
 1183 01cc 616E6368 		.ascii	"anch revision 237715] -mcpu=cortex-m0 -mthumb -g -O"
 1183      20726576 
 1183      6973696F 
 1183      6E203233 
 1183      37373135 
 1184 01ff 67202D66 		.ascii	"g -ffunction-sections -ffat-lto-objects\000"
 1184      66756E63 
 1184      74696F6E 
ARM GAS  C:\Users\ADMINI~1\AppData\Local\Temp\ccnBzHVJ.s 			page 29


 1184      2D736563 
 1184      74696F6E 
 1185              	.LASF24:
 1186 0227 6366675F 		.ascii	"cfg_memset_t\000"
 1186      6D656D73 
 1186      65745F74 
 1186      00
 1187              	.LASF10:
 1188 0234 73697A65 		.ascii	"sizetype\000"
 1188      74797065 
 1188      00
 1189              	.LASF1:
 1190 023d 6C6F6E67 		.ascii	"long long int\000"
 1190      206C6F6E 
 1190      6720696E 
 1190      7400
 1191              	.LASF11:
 1192 024b 63686172 		.ascii	"char\000"
 1192      00
 1193              	.LASF5:
 1194 0250 73686F72 		.ascii	"short int\000"
 1194      7420696E 
 1194      7400
 1195              	.LASF29:
 1196 025a 43795379 		.ascii	"CySysClkWriteImoFreq\000"
 1196      73436C6B 
 1196      57726974 
 1196      65496D6F 
 1196      46726571 
 1197              	.LASF7:
 1198 026f 6C6F6E67 		.ascii	"long int\000"
 1198      20696E74 
 1198      00
 1199              	.LASF2:
 1200 0278 6C6F6E67 		.ascii	"long double\000"
 1200      20646F75 
 1200      626C6500 
 1201              	.LASF3:
 1202 0284 7369676E 		.ascii	"signed char\000"
 1202      65642063 
 1202      68617200 
 1203              	.LASF33:
 1204 0290 47656E65 		.ascii	"Generated_Source\\PSoC4\\cyfitter_cfg.c\000"
 1204      72617465 
 1204      645F536F 
 1204      75726365 
 1204      5C50536F 
 1205              		.ident	"GCC: (GNU Tools for ARM Embedded Processors) 5.4.1 20160609 (release) [ARM/embedded-5-bran
