Archive member included to satisfy reference by file (symbol)

.\CortexM0\ARM_GCC_541\Debug\sleep.a(LED_Status.o)
                              .\CortexM0\ARM_GCC_541\Debug\main.o (LED_Status_Write)
.\CortexM0\ARM_GCC_541\Debug\sleep.a(LED_Status_PM.o)
                              .\CortexM0\ARM_GCC_541\Debug\main.o (LED_Status_Sleep)
.\CortexM0\ARM_GCC_541\Debug\sleep.a(SW_PM.o)
                              .\CortexM0\ARM_GCC_541\Debug\main.o (SW_Sleep)
.\CortexM0\ARM_GCC_541\Debug\sleep.a(isr_Sw.o)
                              .\CortexM0\ARM_GCC_541\Debug\main.o (isr_Sw_Start)
.\CortexM0\ARM_GCC_541\Debug\sleep.a(CyLib.o)
                              .\CortexM0\ARM_GCC_541\Debug\cyfitter_cfg.o (CySysClkWriteImoFreq)
.\CortexM0\ARM_GCC_541\Debug\sleep.a(cyPm.o)
                              .\CortexM0\ARM_GCC_541\Debug\main.o (CySysPmSleep)
.\CortexM0\ARM_GCC_541\Debug\sleep.a(CyLFClk.o)
                              .\CortexM0\ARM_GCC_541\Debug\cyfitter_cfg.o (CySysWdtIsr)
.\CortexM0\ARM_GCC_541\Debug\sleep.a(CyBootAsmGnu.o)
                              .\CortexM0\ARM_GCC_541\Debug\sleep.a(CyLib.o) (CyDelayCycles)
.\CortexM0\ARM_GCC_541\Debug\sleep.a(SW.o)
                              .\CortexM0\ARM_GCC_541\Debug\sleep.a(isr_Sw.o) (SW_ClearInterrupt)
d:/program files (x86)/cypress/psoc creator/4.1/psoc creator/import/gnu/arm/5.4.1/bin/../lib/gcc/arm-none-eabi/5.4.1/armv6-m\libgcc.a(_udivsi3.o)
                              .\CortexM0\ARM_GCC_541\Debug\sleep.a(CyLib.o) (__aeabi_uidiv)
d:/program files (x86)/cypress/psoc creator/4.1/psoc creator/import/gnu/arm/5.4.1/bin/../lib/gcc/arm-none-eabi/5.4.1/armv6-m\libgcc.a(_divsi3.o)
                              .\CortexM0\ARM_GCC_541\Debug\sleep.a(CyLFClk.o) (__aeabi_idiv)
d:/program files (x86)/cypress/psoc creator/4.1/psoc creator/import/gnu/arm/5.4.1/bin/../lib/gcc/arm-none-eabi/5.4.1/armv6-m\libgcc.a(_dvmd_tls.o)
                              d:/program files (x86)/cypress/psoc creator/4.1/psoc creator/import/gnu/arm/5.4.1/bin/../lib/gcc/arm-none-eabi/5.4.1/armv6-m\libgcc.a(_udivsi3.o) (__aeabi_idiv0)
d:/program files (x86)/cypress/psoc creator/4.1/psoc creator/import/gnu/arm/5.4.1/bin/../lib/gcc/arm-none-eabi/5.4.1/../../../../arm-none-eabi/lib/armv6-m\libg_nano.a(lib_a-errno.o)
                              .\CortexM0\ARM_GCC_541\Debug\Cm0Start.o (__errno)
d:/program files (x86)/cypress/psoc creator/4.1/psoc creator/import/gnu/arm/5.4.1/bin/../lib/gcc/arm-none-eabi/5.4.1/../../../../arm-none-eabi/lib/armv6-m\libg_nano.a(lib_a-exit.o)
                              d:/program files (x86)/cypress/psoc creator/4.1/psoc creator/import/gnu/arm/5.4.1/bin/../lib/gcc/arm-none-eabi/5.4.1/../../../../arm-none-eabi/lib/armv6-m/crt0.o (exit)
d:/program files (x86)/cypress/psoc creator/4.1/psoc creator/import/gnu/arm/5.4.1/bin/../lib/gcc/arm-none-eabi/5.4.1/../../../../arm-none-eabi/lib/armv6-m\libg_nano.a(lib_a-impure.o)
                              d:/program files (x86)/cypress/psoc creator/4.1/psoc creator/import/gnu/arm/5.4.1/bin/../lib/gcc/arm-none-eabi/5.4.1/../../../../arm-none-eabi/lib/armv6-m\libg_nano.a(lib_a-exit.o) (_global_impure_ptr)
d:/program files (x86)/cypress/psoc creator/4.1/psoc creator/import/gnu/arm/5.4.1/bin/../lib/gcc/arm-none-eabi/5.4.1/../../../../arm-none-eabi/lib/armv6-m\libg_nano.a(lib_a-init.o)
                              d:/program files (x86)/cypress/psoc creator/4.1/psoc creator/import/gnu/arm/5.4.1/bin/../lib/gcc/arm-none-eabi/5.4.1/../../../../arm-none-eabi/lib/armv6-m/crt0.o (__libc_init_array)
d:/program files (x86)/cypress/psoc creator/4.1/psoc creator/import/gnu/arm/5.4.1/bin/../lib/gcc/arm-none-eabi/5.4.1/../../../../arm-none-eabi/lib/armv6-m\libg_nano.a(lib_a-memset.o)
                              d:/program files (x86)/cypress/psoc creator/4.1/psoc creator/import/gnu/arm/5.4.1/bin/../lib/gcc/arm-none-eabi/5.4.1/../../../../arm-none-eabi/lib/armv6-m/crt0.o (memset)

Discarded input sections

 .text          0x00000000        0x0 d:/program files (x86)/cypress/psoc creator/4.1/psoc creator/import/gnu/arm/5.4.1/bin/../lib/gcc/arm-none-eabi/5.4.1/armv6-m/crti.o
 .data          0x00000000        0x0 d:/program files (x86)/cypress/psoc creator/4.1/psoc creator/import/gnu/arm/5.4.1/bin/../lib/gcc/arm-none-eabi/5.4.1/armv6-m/crti.o
 .bss           0x00000000        0x0 d:/program files (x86)/cypress/psoc creator/4.1/psoc creator/import/gnu/arm/5.4.1/bin/../lib/gcc/arm-none-eabi/5.4.1/armv6-m/crti.o
 .data          0x00000000        0x4 d:/program files (x86)/cypress/psoc creator/4.1/psoc creator/import/gnu/arm/5.4.1/bin/../lib/gcc/arm-none-eabi/5.4.1/armv6-m/crtbegin.o
 .text          0x00000000       0x78 d:/program files (x86)/cypress/psoc creator/4.1/psoc creator/import/gnu/arm/5.4.1/bin/../lib/gcc/arm-none-eabi/5.4.1/../../../../arm-none-eabi/lib/armv6-m/crt0.o
 .data          0x00000000        0x0 d:/program files (x86)/cypress/psoc creator/4.1/psoc creator/import/gnu/arm/5.4.1/bin/../lib/gcc/arm-none-eabi/5.4.1/../../../../arm-none-eabi/lib/armv6-m/crt0.o
 .bss           0x00000000        0x0 d:/program files (x86)/cypress/psoc creator/4.1/psoc creator/import/gnu/arm/5.4.1/bin/../lib/gcc/arm-none-eabi/5.4.1/../../../../arm-none-eabi/lib/armv6-m/crt0.o
 .ARM.extab     0x00000000        0x0 d:/program files (x86)/cypress/psoc creator/4.1/psoc creator/import/gnu/arm/5.4.1/bin/../lib/gcc/arm-none-eabi/5.4.1/../../../../arm-none-eabi/lib/armv6-m/crt0.o
 .ARM.exidx     0x00000000        0x8 d:/program files (x86)/cypress/psoc creator/4.1/psoc creator/import/gnu/arm/5.4.1/bin/../lib/gcc/arm-none-eabi/5.4.1/../../../../arm-none-eabi/lib/armv6-m/crt0.o
 .text          0x00000000        0x0 .\CortexM0\ARM_GCC_541\Debug\main.o
 .data          0x00000000        0x0 .\CortexM0\ARM_GCC_541\Debug\main.o
 .bss           0x00000000        0x0 .\CortexM0\ARM_GCC_541\Debug\main.o
 .text          0x00000000        0x0 .\CortexM0\ARM_GCC_541\Debug\cyfitter_cfg.o
 .data          0x00000000        0x0 .\CortexM0\ARM_GCC_541\Debug\cyfitter_cfg.o
 .bss           0x00000000        0x0 .\CortexM0\ARM_GCC_541\Debug\cyfitter_cfg.o
 .text          0x00000000        0x0 .\CortexM0\ARM_GCC_541\Debug\cymetadata.o
 .data          0x00000000        0x0 .\CortexM0\ARM_GCC_541\Debug\cymetadata.o
 .bss           0x00000000        0x0 .\CortexM0\ARM_GCC_541\Debug\cymetadata.o
 .text          0x00000000        0x0 .\CortexM0\ARM_GCC_541\Debug\Cm0Start.o
 .data          0x00000000        0x4 .\CortexM0\ARM_GCC_541\Debug\Cm0Start.o
 .bss           0x00000000        0x0 .\CortexM0\ARM_GCC_541\Debug\Cm0Start.o
 .text._exit    0x00000000        0xc .\CortexM0\ARM_GCC_541\Debug\Cm0Start.o
 .text._sbrk    0x00000000       0x30 .\CortexM0\ARM_GCC_541\Debug\Cm0Start.o
 .text          0x00000000        0x0 .\CortexM0\ARM_GCC_541\Debug\sleep.a(LED_Status.o)
 .data          0x00000000        0x0 .\CortexM0\ARM_GCC_541\Debug\sleep.a(LED_Status.o)
 .bss           0x00000000        0x0 .\CortexM0\ARM_GCC_541\Debug\sleep.a(LED_Status.o)
 .text.LED_Status_SetDriveMode
                0x00000000       0x18 .\CortexM0\ARM_GCC_541\Debug\sleep.a(LED_Status.o)
 .text.LED_Status_Read
                0x00000000       0x10 .\CortexM0\ARM_GCC_541\Debug\sleep.a(LED_Status.o)
 .text.LED_Status_ReadDataReg
                0x00000000       0x10 .\CortexM0\ARM_GCC_541\Debug\sleep.a(LED_Status.o)
 .text.LED_Status_SetInterruptMode
                0x00000000       0x14 .\CortexM0\ARM_GCC_541\Debug\sleep.a(LED_Status.o)
 .text.LED_Status_ClearInterrupt
                0x00000000       0x14 .\CortexM0\ARM_GCC_541\Debug\sleep.a(LED_Status.o)
 .text          0x00000000        0x0 .\CortexM0\ARM_GCC_541\Debug\sleep.a(LED_Status_PM.o)
 .data          0x00000000        0x0 .\CortexM0\ARM_GCC_541\Debug\sleep.a(LED_Status_PM.o)
 .text          0x00000000        0x0 .\CortexM0\ARM_GCC_541\Debug\sleep.a(SW_PM.o)
 .data          0x00000000        0x0 .\CortexM0\ARM_GCC_541\Debug\sleep.a(SW_PM.o)
 .text          0x00000000        0x0 .\CortexM0\ARM_GCC_541\Debug\sleep.a(isr_Sw.o)
 .data          0x00000000        0x0 .\CortexM0\ARM_GCC_541\Debug\sleep.a(isr_Sw.o)
 .bss           0x00000000        0x0 .\CortexM0\ARM_GCC_541\Debug\sleep.a(isr_Sw.o)
 .text.isr_Sw_GetVector
                0x00000000        0xc .\CortexM0\ARM_GCC_541\Debug\sleep.a(isr_Sw.o)
 .text.isr_Sw_GetPriority
                0x00000000       0x10 .\CortexM0\ARM_GCC_541\Debug\sleep.a(isr_Sw.o)
 .text.isr_Sw_GetState
                0x00000000       0x14 .\CortexM0\ARM_GCC_541\Debug\sleep.a(isr_Sw.o)
 .text.isr_Sw_StartEx
                0x00000000       0x1c .\CortexM0\ARM_GCC_541\Debug\sleep.a(isr_Sw.o)
 .text.isr_Sw_Stop
                0x00000000       0x14 .\CortexM0\ARM_GCC_541\Debug\sleep.a(isr_Sw.o)
 .text.isr_Sw_SetPending
                0x00000000        0xc .\CortexM0\ARM_GCC_541\Debug\sleep.a(isr_Sw.o)
 .text          0x00000000        0x0 .\CortexM0\ARM_GCC_541\Debug\sleep.a(CyLib.o)
 .bss           0x00000000       0x18 .\CortexM0\ARM_GCC_541\Debug\sleep.a(CyLib.o)
 .text.CySysClkImoStart
                0x00000000       0x14 .\CortexM0\ARM_GCC_541\Debug\sleep.a(CyLib.o)
 .text.CySysClkImoStop
                0x00000000       0x10 .\CortexM0\ARM_GCC_541\Debug\sleep.a(CyLib.o)
 .text.CySysClkWriteHfclkDirect
                0x00000000       0x20 .\CortexM0\ARM_GCC_541\Debug\sleep.a(CyLib.o)
 .text.CySysEnablePumpClock
                0x00000000       0x38 .\CortexM0\ARM_GCC_541\Debug\sleep.a(CyLib.o)
 .text.CySysClkGetSysclkSource
                0x00000000       0x1c .\CortexM0\ARM_GCC_541\Debug\sleep.a(CyLib.o)
 .text.CySysClkWriteSysclkDiv
                0x00000000       0x30 .\CortexM0\ARM_GCC_541\Debug\sleep.a(CyLib.o)
 .text.CySysClkEcoStop
                0x00000000       0x24 .\CortexM0\ARM_GCC_541\Debug\sleep.a(CyLib.o)
 .text.CySysClkEcoReadStatus
                0x00000000       0x10 .\CortexM0\ARM_GCC_541\Debug\sleep.a(CyLib.o)
 .text.CySysLvdDisable
                0x00000000       0x20 .\CortexM0\ARM_GCC_541\Debug\sleep.a(CyLib.o)
 .text.CySysLvdGetInterruptSource
                0x00000000       0x10 .\CortexM0\ARM_GCC_541\Debug\sleep.a(CyLib.o)
 .text.CySysLvdClearInterrupt
                0x00000000        0xc .\CortexM0\ARM_GCC_541\Debug\sleep.a(CyLib.o)
 .text.CySysGetResetReason
                0x00000000       0x14 .\CortexM0\ARM_GCC_541\Debug\sleep.a(CyLib.o)
 .text.CyDisableInts
                0x00000000       0x10 .\CortexM0\ARM_GCC_541\Debug\sleep.a(CyLib.o)
 .text.CyEnableInts
                0x00000000        0xc .\CortexM0\ARM_GCC_541\Debug\sleep.a(CyLib.o)
 .text.CyIntGetState
                0x00000000       0x18 .\CortexM0\ARM_GCC_541\Debug\sleep.a(CyLib.o)
 .text.CyIntDisable
                0x00000000       0x14 .\CortexM0\ARM_GCC_541\Debug\sleep.a(CyLib.o)
 .text.CyIntSetPending
                0x00000000       0x14 .\CortexM0\ARM_GCC_541\Debug\sleep.a(CyLib.o)
 .text.CyIntClearPending
                0x00000000       0x14 .\CortexM0\ARM_GCC_541\Debug\sleep.a(CyLib.o)
 .text.CySysClkWriteEcoDiv
                0x00000000       0x38 .\CortexM0\ARM_GCC_541\Debug\sleep.a(CyLib.o)
 .text.CyIntSetSysVector
                0x00000000       0x20 .\CortexM0\ARM_GCC_541\Debug\sleep.a(CyLib.o)
 .text.CyIntGetSysVector
                0x00000000       0x1c .\CortexM0\ARM_GCC_541\Debug\sleep.a(CyLib.o)
 .text.CyIntGetVector
                0x00000000       0x20 .\CortexM0\ARM_GCC_541\Debug\sleep.a(CyLib.o)
 .text.CyIntSetPriority
                0x00000000       0x4c .\CortexM0\ARM_GCC_541\Debug\sleep.a(CyLib.o)
 .text.CyIntGetPriority
                0x00000000       0x2c .\CortexM0\ARM_GCC_541\Debug\sleep.a(CyLib.o)
 .text.CySoftwareReset
                0x00000000       0x18 .\CortexM0\ARM_GCC_541\Debug\sleep.a(CyLib.o)
 .text.CyDelayUs
                0x00000000       0x14 .\CortexM0\ARM_GCC_541\Debug\sleep.a(CyLib.o)
 .text.CySysClkEcoStart
                0x00000000       0x54 .\CortexM0\ARM_GCC_541\Debug\sleep.a(CyLib.o)
 .text.CySysLvdEnable
                0x00000000       0x44 .\CortexM0\ARM_GCC_541\Debug\sleep.a(CyLib.o)
 .text.CyDelayFreq
                0x00000000       0x4c .\CortexM0\ARM_GCC_541\Debug\sleep.a(CyLib.o)
 .text.CySysTickStop
                0x00000000       0x10 .\CortexM0\ARM_GCC_541\Debug\sleep.a(CyLib.o)
 .text.CySysTickEnableInterrupt
                0x00000000       0x10 .\CortexM0\ARM_GCC_541\Debug\sleep.a(CyLib.o)
 .text.CySysTickEnable
                0x00000000       0x18 .\CortexM0\ARM_GCC_541\Debug\sleep.a(CyLib.o)
 .text.CySysTickDisableInterrupt
                0x00000000       0x10 .\CortexM0\ARM_GCC_541\Debug\sleep.a(CyLib.o)
 .text.CySysTickSetReload
                0x00000000       0x10 .\CortexM0\ARM_GCC_541\Debug\sleep.a(CyLib.o)
 .text.CySysTickGetReload
                0x00000000       0x10 .\CortexM0\ARM_GCC_541\Debug\sleep.a(CyLib.o)
 .text.CySysTickGetValue
                0x00000000       0x10 .\CortexM0\ARM_GCC_541\Debug\sleep.a(CyLib.o)
 .text.CySysTickSetClockSource
                0x00000000       0x20 .\CortexM0\ARM_GCC_541\Debug\sleep.a(CyLib.o)
 .text.CySysTickGetClockSource
                0x00000000       0x10 .\CortexM0\ARM_GCC_541\Debug\sleep.a(CyLib.o)
 .text.CySysTickGetCountFlag
                0x00000000       0x10 .\CortexM0\ARM_GCC_541\Debug\sleep.a(CyLib.o)
 .text.CySysTickServiceCallbacks
                0x00000000       0x28 .\CortexM0\ARM_GCC_541\Debug\sleep.a(CyLib.o)
 .text.CySysTickClear
                0x00000000        0xc .\CortexM0\ARM_GCC_541\Debug\sleep.a(CyLib.o)
 .text.CySysTickInit
                0x00000000       0x44 .\CortexM0\ARM_GCC_541\Debug\sleep.a(CyLib.o)
 .text.CySysTickStart
                0x00000000       0x20 .\CortexM0\ARM_GCC_541\Debug\sleep.a(CyLib.o)
 .text.CySysTickSetCallback
                0x00000000       0x10 .\CortexM0\ARM_GCC_541\Debug\sleep.a(CyLib.o)
 .text.CySysTickGetCallback
                0x00000000        0xc .\CortexM0\ARM_GCC_541\Debug\sleep.a(CyLib.o)
 .text.CyGetUniqueId
                0x00000000       0x70 .\CortexM0\ARM_GCC_541\Debug\sleep.a(CyLib.o)
 .text          0x00000000        0x0 .\CortexM0\ARM_GCC_541\Debug\sleep.a(cyPm.o)
 .data          0x00000000        0x0 .\CortexM0\ARM_GCC_541\Debug\sleep.a(cyPm.o)
 .bss           0x00000000        0x0 .\CortexM0\ARM_GCC_541\Debug\sleep.a(cyPm.o)
 .text.CySysPmDeepSleep
                0x00000000       0x58 .\CortexM0\ARM_GCC_541\Debug\sleep.a(cyPm.o)
 .text.CySysPmHibernate
                0x00000000       0xb4 .\CortexM0\ARM_GCC_541\Debug\sleep.a(cyPm.o)
 .text.CySysPmSetWakeupPolarity
                0x00000000       0x34 .\CortexM0\ARM_GCC_541\Debug\sleep.a(cyPm.o)
 .text.CySysPmGetResetReason
                0x00000000       0x28 .\CortexM0\ARM_GCC_541\Debug\sleep.a(cyPm.o)
 .text.CySysPmFreezeIo
                0x00000000       0x38 .\CortexM0\ARM_GCC_541\Debug\sleep.a(cyPm.o)
 .text.CySysPmStop
                0x00000000       0x30 .\CortexM0\ARM_GCC_541\Debug\sleep.a(cyPm.o)
 .text.CySysPmUnfreezeIo
                0x00000000       0x30 .\CortexM0\ARM_GCC_541\Debug\sleep.a(cyPm.o)
 .text          0x00000000        0x0 .\CortexM0\ARM_GCC_541\Debug\sleep.a(CyLFClk.o)
 .text.CySysClkIloEnabled
                0x00000000       0x14 .\CortexM0\ARM_GCC_541\Debug\sleep.a(CyLFClk.o)
 .text.CySysClkGetLfclkSource
                0x00000000       0x10 .\CortexM0\ARM_GCC_541\Debug\sleep.a(CyLFClk.o)
 .text.CySysClkIloStart
                0x00000000       0x14 .\CortexM0\ARM_GCC_541\Debug\sleep.a(CyLFClk.o)
 .text.CySysClkIloStartMeasurement
                0x00000000       0x5c .\CortexM0\ARM_GCC_541\Debug\sleep.a(CyLFClk.o)
 .text.CySysClkIloStopMeasurement
                0x00000000       0x14 .\CortexM0\ARM_GCC_541\Debug\sleep.a(CyLFClk.o)
 .text.CySysClkIloCompensate
                0x00000000      0x104 .\CortexM0\ARM_GCC_541\Debug\sleep.a(CyLFClk.o)
 .text.CySysClkIloUpdateTrimReg
                0x00000000       0xa8 .\CortexM0\ARM_GCC_541\Debug\sleep.a(CyLFClk.o)
 .text.CySysClkIloTrim
                0x00000000       0xd8 .\CortexM0\ARM_GCC_541\Debug\sleep.a(CyLFClk.o)
 .text.CySysClkIloRestoreFactoryTrim
                0x00000000       0x30 .\CortexM0\ARM_GCC_541\Debug\sleep.a(CyLFClk.o)
 .text.CySysClkWcoStart
                0x00000000       0x40 .\CortexM0\ARM_GCC_541\Debug\sleep.a(CyLFClk.o)
 .text.CySysClkWcoEnabled
                0x00000000       0x14 .\CortexM0\ARM_GCC_541\Debug\sleep.a(CyLFClk.o)
 .text.CySysClkWcoSetPowerMode
                0x00000000       0x80 .\CortexM0\ARM_GCC_541\Debug\sleep.a(CyLFClk.o)
 .text.CySysClkWcoClockOutSelect
                0x00000000       0x2c .\CortexM0\ARM_GCC_541\Debug\sleep.a(CyLFClk.o)
 .text.CySysWdtGetEnabledStatus
                0x00000000       0x24 .\CortexM0\ARM_GCC_541\Debug\sleep.a(CyLFClk.o)
 .text.CySysWdtSetMode
                0x00000000       0x38 .\CortexM0\ARM_GCC_541\Debug\sleep.a(CyLFClk.o)
 .text.CySysClkLfclkPosedgeRestore
                0x00000000       0x2c .\CortexM0\ARM_GCC_541\Debug\sleep.a(CyLFClk.o)
 .text.CySysWdtGetMode
                0x00000000       0x14 .\CortexM0\ARM_GCC_541\Debug\sleep.a(CyLFClk.o)
 .text.CySysWdtSetClearOnMatch
                0x00000000       0x34 .\CortexM0\ARM_GCC_541\Debug\sleep.a(CyLFClk.o)
 .text.CySysWdtGetClearOnMatch
                0x00000000       0x24 .\CortexM0\ARM_GCC_541\Debug\sleep.a(CyLFClk.o)
 .text.CySysWdtEnable
                0x00000000       0x3c .\CortexM0\ARM_GCC_541\Debug\sleep.a(CyLFClk.o)
 .text.CySysWdtDisable
                0x00000000       0x44 .\CortexM0\ARM_GCC_541\Debug\sleep.a(CyLFClk.o)
 .text.CySysWdtSetCascade
                0x00000000       0x34 .\CortexM0\ARM_GCC_541\Debug\sleep.a(CyLFClk.o)
 .text.CySysWdtGetCascade
                0x00000000       0x14 .\CortexM0\ARM_GCC_541\Debug\sleep.a(CyLFClk.o)
 .text.CySysWdtSetMatch
                0x00000000       0x54 .\CortexM0\ARM_GCC_541\Debug\sleep.a(CyLFClk.o)
 .text.CySysWdtSetToggleBit
                0x00000000       0x30 .\CortexM0\ARM_GCC_541\Debug\sleep.a(CyLFClk.o)
 .text.CySysWdtGetToggleBit
                0x00000000       0x10 .\CortexM0\ARM_GCC_541\Debug\sleep.a(CyLFClk.o)
 .text.CySysWdtGetMatch
                0x00000000       0x20 .\CortexM0\ARM_GCC_541\Debug\sleep.a(CyLFClk.o)
 .text.CySysWdtGetCount
                0x00000000       0x3c .\CortexM0\ARM_GCC_541\Debug\sleep.a(CyLFClk.o)
 .text.CySysClkLfclkPosedgeCatch
                0x00000000       0x74 .\CortexM0\ARM_GCC_541\Debug\sleep.a(CyLFClk.o)
 .text.CySysClkIloStop
                0x00000000       0x4c .\CortexM0\ARM_GCC_541\Debug\sleep.a(CyLFClk.o)
 .text.CySysClkSetLfclkSource
                0x00000000       0x38 .\CortexM0\ARM_GCC_541\Debug\sleep.a(CyLFClk.o)
 .text.CySysClkWcoStop
                0x00000000       0x48 .\CortexM0\ARM_GCC_541\Debug\sleep.a(CyLFClk.o)
 .text.CySysWdtGetInterruptSource
                0x00000000       0x14 .\CortexM0\ARM_GCC_541\Debug\sleep.a(CyLFClk.o)
 .text.CySysWdtResetCounters
                0x00000000       0x20 .\CortexM0\ARM_GCC_541\Debug\sleep.a(CyLFClk.o)
 .text.CySysWdtSetInterruptCallback
                0x00000000       0x20 .\CortexM0\ARM_GCC_541\Debug\sleep.a(CyLFClk.o)
 .text.CySysWdtGetInterruptCallback
                0x00000000       0x20 .\CortexM0\ARM_GCC_541\Debug\sleep.a(CyLFClk.o)
 .text.CySysWdtEnableCounterIsr
                0x00000000       0x34 .\CortexM0\ARM_GCC_541\Debug\sleep.a(CyLFClk.o)
 .text.CySysWdtDisableCounterIsr
                0x00000000       0x28 .\CortexM0\ARM_GCC_541\Debug\sleep.a(CyLFClk.o)
 .text.CySysWatchdogFeed
                0x00000000       0x60 .\CortexM0\ARM_GCC_541\Debug\sleep.a(CyLFClk.o)
 .text.CySysTimerDelayUntilMatch
                0x00000000       0x6c .\CortexM0\ARM_GCC_541\Debug\sleep.a(CyLFClk.o)
 .text.CySysTimerDelay
                0x00000000       0x3c .\CortexM0\ARM_GCC_541\Debug\sleep.a(CyLFClk.o)
 .rodata        0x00000000        0xc .\CortexM0\ARM_GCC_541\Debug\sleep.a(CyLFClk.o)
 .data          0x00000000        0x0 .\CortexM0\ARM_GCC_541\Debug\sleep.a(CyBootAsmGnu.o)
 .bss           0x00000000        0x0 .\CortexM0\ARM_GCC_541\Debug\sleep.a(CyBootAsmGnu.o)
 .text          0x00000000        0x0 .\CortexM0\ARM_GCC_541\Debug\sleep.a(SW.o)
 .data          0x00000000        0x0 .\CortexM0\ARM_GCC_541\Debug\sleep.a(SW.o)
 .bss           0x00000000        0x0 .\CortexM0\ARM_GCC_541\Debug\sleep.a(SW.o)
 .text.SW_SetDriveMode
                0x00000000       0x18 .\CortexM0\ARM_GCC_541\Debug\sleep.a(SW.o)
 .text.SW_Write
                0x00000000       0x18 .\CortexM0\ARM_GCC_541\Debug\sleep.a(SW.o)
 .text.SW_Read  0x00000000       0x10 .\CortexM0\ARM_GCC_541\Debug\sleep.a(SW.o)
 .text.SW_ReadDataReg
                0x00000000       0x10 .\CortexM0\ARM_GCC_541\Debug\sleep.a(SW.o)
 .text.SW_SetInterruptMode
                0x00000000       0x14 .\CortexM0\ARM_GCC_541\Debug\sleep.a(SW.o)
 .text          0x00000000      0x114 d:/program files (x86)/cypress/psoc creator/4.1/psoc creator/import/gnu/arm/5.4.1/bin/../lib/gcc/arm-none-eabi/5.4.1/armv6-m\libgcc.a(_udivsi3.o)
 .data          0x00000000        0x0 d:/program files (x86)/cypress/psoc creator/4.1/psoc creator/import/gnu/arm/5.4.1/bin/../lib/gcc/arm-none-eabi/5.4.1/armv6-m\libgcc.a(_udivsi3.o)
 .bss           0x00000000        0x0 d:/program files (x86)/cypress/psoc creator/4.1/psoc creator/import/gnu/arm/5.4.1/bin/../lib/gcc/arm-none-eabi/5.4.1/armv6-m\libgcc.a(_udivsi3.o)
 .text          0x00000000      0x1d4 d:/program files (x86)/cypress/psoc creator/4.1/psoc creator/import/gnu/arm/5.4.1/bin/../lib/gcc/arm-none-eabi/5.4.1/armv6-m\libgcc.a(_divsi3.o)
 .data          0x00000000        0x0 d:/program files (x86)/cypress/psoc creator/4.1/psoc creator/import/gnu/arm/5.4.1/bin/../lib/gcc/arm-none-eabi/5.4.1/armv6-m\libgcc.a(_divsi3.o)
 .bss           0x00000000        0x0 d:/program files (x86)/cypress/psoc creator/4.1/psoc creator/import/gnu/arm/5.4.1/bin/../lib/gcc/arm-none-eabi/5.4.1/armv6-m\libgcc.a(_divsi3.o)
 .text          0x00000000        0x4 d:/program files (x86)/cypress/psoc creator/4.1/psoc creator/import/gnu/arm/5.4.1/bin/../lib/gcc/arm-none-eabi/5.4.1/armv6-m\libgcc.a(_dvmd_tls.o)
 .data          0x00000000        0x0 d:/program files (x86)/cypress/psoc creator/4.1/psoc creator/import/gnu/arm/5.4.1/bin/../lib/gcc/arm-none-eabi/5.4.1/armv6-m\libgcc.a(_dvmd_tls.o)
 .bss           0x00000000        0x0 d:/program files (x86)/cypress/psoc creator/4.1/psoc creator/import/gnu/arm/5.4.1/bin/../lib/gcc/arm-none-eabi/5.4.1/armv6-m\libgcc.a(_dvmd_tls.o)
 .text          0x00000000        0x0 d:/program files (x86)/cypress/psoc creator/4.1/psoc creator/import/gnu/arm/5.4.1/bin/../lib/gcc/arm-none-eabi/5.4.1/../../../../arm-none-eabi/lib/armv6-m\libg_nano.a(lib_a-errno.o)
 .data          0x00000000        0x0 d:/program files (x86)/cypress/psoc creator/4.1/psoc creator/import/gnu/arm/5.4.1/bin/../lib/gcc/arm-none-eabi/5.4.1/../../../../arm-none-eabi/lib/armv6-m\libg_nano.a(lib_a-errno.o)
 .bss           0x00000000        0x0 d:/program files (x86)/cypress/psoc creator/4.1/psoc creator/import/gnu/arm/5.4.1/bin/../lib/gcc/arm-none-eabi/5.4.1/../../../../arm-none-eabi/lib/armv6-m\libg_nano.a(lib_a-errno.o)
 .text          0x00000000        0x0 d:/program files (x86)/cypress/psoc creator/4.1/psoc creator/import/gnu/arm/5.4.1/bin/../lib/gcc/arm-none-eabi/5.4.1/../../../../arm-none-eabi/lib/armv6-m\libg_nano.a(lib_a-exit.o)
 .data          0x00000000        0x0 d:/program files (x86)/cypress/psoc creator/4.1/psoc creator/import/gnu/arm/5.4.1/bin/../lib/gcc/arm-none-eabi/5.4.1/../../../../arm-none-eabi/lib/armv6-m\libg_nano.a(lib_a-exit.o)
 .bss           0x00000000        0x0 d:/program files (x86)/cypress/psoc creator/4.1/psoc creator/import/gnu/arm/5.4.1/bin/../lib/gcc/arm-none-eabi/5.4.1/../../../../arm-none-eabi/lib/armv6-m\libg_nano.a(lib_a-exit.o)
 .text.exit     0x00000000       0x2c d:/program files (x86)/cypress/psoc creator/4.1/psoc creator/import/gnu/arm/5.4.1/bin/../lib/gcc/arm-none-eabi/5.4.1/../../../../arm-none-eabi/lib/armv6-m\libg_nano.a(lib_a-exit.o)
 .text          0x00000000        0x0 d:/program files (x86)/cypress/psoc creator/4.1/psoc creator/import/gnu/arm/5.4.1/bin/../lib/gcc/arm-none-eabi/5.4.1/../../../../arm-none-eabi/lib/armv6-m\libg_nano.a(lib_a-impure.o)
 .data          0x00000000        0x0 d:/program files (x86)/cypress/psoc creator/4.1/psoc creator/import/gnu/arm/5.4.1/bin/../lib/gcc/arm-none-eabi/5.4.1/../../../../arm-none-eabi/lib/armv6-m\libg_nano.a(lib_a-impure.o)
 .bss           0x00000000        0x0 d:/program files (x86)/cypress/psoc creator/4.1/psoc creator/import/gnu/arm/5.4.1/bin/../lib/gcc/arm-none-eabi/5.4.1/../../../../arm-none-eabi/lib/armv6-m\libg_nano.a(lib_a-impure.o)
 .rodata._global_impure_ptr
                0x00000000        0x4 d:/program files (x86)/cypress/psoc creator/4.1/psoc creator/import/gnu/arm/5.4.1/bin/../lib/gcc/arm-none-eabi/5.4.1/../../../../arm-none-eabi/lib/armv6-m\libg_nano.a(lib_a-impure.o)
 .text          0x00000000        0x0 d:/program files (x86)/cypress/psoc creator/4.1/psoc creator/import/gnu/arm/5.4.1/bin/../lib/gcc/arm-none-eabi/5.4.1/../../../../arm-none-eabi/lib/armv6-m\libg_nano.a(lib_a-init.o)
 .data          0x00000000        0x0 d:/program files (x86)/cypress/psoc creator/4.1/psoc creator/import/gnu/arm/5.4.1/bin/../lib/gcc/arm-none-eabi/5.4.1/../../../../arm-none-eabi/lib/armv6-m\libg_nano.a(lib_a-init.o)
 .bss           0x00000000        0x0 d:/program files (x86)/cypress/psoc creator/4.1/psoc creator/import/gnu/arm/5.4.1/bin/../lib/gcc/arm-none-eabi/5.4.1/../../../../arm-none-eabi/lib/armv6-m\libg_nano.a(lib_a-init.o)
 .text          0x00000000        0x0 d:/program files (x86)/cypress/psoc creator/4.1/psoc creator/import/gnu/arm/5.4.1/bin/../lib/gcc/arm-none-eabi/5.4.1/../../../../arm-none-eabi/lib/armv6-m\libg_nano.a(lib_a-memset.o)
 .data          0x00000000        0x0 d:/program files (x86)/cypress/psoc creator/4.1/psoc creator/import/gnu/arm/5.4.1/bin/../lib/gcc/arm-none-eabi/5.4.1/../../../../arm-none-eabi/lib/armv6-m\libg_nano.a(lib_a-memset.o)
 .bss           0x00000000        0x0 d:/program files (x86)/cypress/psoc creator/4.1/psoc creator/import/gnu/arm/5.4.1/bin/../lib/gcc/arm-none-eabi/5.4.1/../../../../arm-none-eabi/lib/armv6-m\libg_nano.a(lib_a-memset.o)
 .text          0x00000000        0x0 d:/program files (x86)/cypress/psoc creator/4.1/psoc creator/import/gnu/arm/5.4.1/bin/../lib/gcc/arm-none-eabi/5.4.1/armv6-m/crtend.o
 .data          0x00000000        0x0 d:/program files (x86)/cypress/psoc creator/4.1/psoc creator/import/gnu/arm/5.4.1/bin/../lib/gcc/arm-none-eabi/5.4.1/armv6-m/crtend.o
 .bss           0x00000000        0x0 d:/program files (x86)/cypress/psoc creator/4.1/psoc creator/import/gnu/arm/5.4.1/bin/../lib/gcc/arm-none-eabi/5.4.1/armv6-m/crtend.o
 .text          0x00000000        0x0 d:/program files (x86)/cypress/psoc creator/4.1/psoc creator/import/gnu/arm/5.4.1/bin/../lib/gcc/arm-none-eabi/5.4.1/armv6-m/crtn.o
 .data          0x00000000        0x0 d:/program files (x86)/cypress/psoc creator/4.1/psoc creator/import/gnu/arm/5.4.1/bin/../lib/gcc/arm-none-eabi/5.4.1/armv6-m/crtn.o
 .bss           0x00000000        0x0 d:/program files (x86)/cypress/psoc creator/4.1/psoc creator/import/gnu/arm/5.4.1/bin/../lib/gcc/arm-none-eabi/5.4.1/armv6-m/crtn.o

Memory Configuration

Name             Origin             Length             Attributes
rom              0x00000000         0x00020000         xr
ram              0x20000000         0x00004000         xrw
*default*        0x00000000         0xffffffff

Linker script and memory map

LOAD d:/program files (x86)/cypress/psoc creator/4.1/psoc creator/import/gnu/arm/5.4.1/bin/../lib/gcc/arm-none-eabi/5.4.1/armv6-m/crti.o
LOAD d:/program files (x86)/cypress/psoc creator/4.1/psoc creator/import/gnu/arm/5.4.1/bin/../lib/gcc/arm-none-eabi/5.4.1/armv6-m/crtbegin.o
LOAD d:/program files (x86)/cypress/psoc creator/4.1/psoc creator/import/gnu/arm/5.4.1/bin/../lib/gcc/arm-none-eabi/5.4.1/../../../../arm-none-eabi/lib/armv6-m/crt0.o
START GROUP
LOAD .\CortexM0\ARM_GCC_541\Debug\main.o
LOAD .\CortexM0\ARM_GCC_541\Debug\cyfitter_cfg.o
LOAD .\CortexM0\ARM_GCC_541\Debug\cymetadata.o
LOAD .\CortexM0\ARM_GCC_541\Debug\Cm0Start.o
LOAD .\CortexM0\ARM_GCC_541\Debug\sleep.a
LOAD D:\Program Files (x86)\Cypress\PSoC Creator\4.1\PSoC Creator\psoc\content\cycomponentlibrary\CyComponentLibrary.cylib\CortexM0\ARM_GCC_541\Debug\CyComponentLibrary.a
END GROUP
START GROUP
LOAD d:/program files (x86)/cypress/psoc creator/4.1/psoc creator/import/gnu/arm/5.4.1/bin/../lib/gcc/arm-none-eabi/5.4.1/armv6-m\libgcc.a
LOAD d:/program files (x86)/cypress/psoc creator/4.1/psoc creator/import/gnu/arm/5.4.1/bin/../lib/gcc/arm-none-eabi/5.4.1/../../../../arm-none-eabi/lib/armv6-m\libg_nano.a
LOAD d:/program files (x86)/cypress/psoc creator/4.1/psoc creator/import/gnu/arm/5.4.1/bin/../lib/gcc/arm-none-eabi/5.4.1/../../../../arm-none-eabi/lib/armv6-m\libc_nano.a
END GROUP
START GROUP
LOAD d:/program files (x86)/cypress/psoc creator/4.1/psoc creator/import/gnu/arm/5.4.1/bin/../lib/gcc/arm-none-eabi/5.4.1/armv6-m\libgcc.a
LOAD d:/program files (x86)/cypress/psoc creator/4.1/psoc creator/import/gnu/arm/5.4.1/bin/../lib/gcc/arm-none-eabi/5.4.1/../../../../arm-none-eabi/lib/armv6-m\libc_nano.a
END GROUP
LOAD d:/program files (x86)/cypress/psoc creator/4.1/psoc creator/import/gnu/arm/5.4.1/bin/../lib/gcc/arm-none-eabi/5.4.1/armv6-m/crtend.o
LOAD d:/program files (x86)/cypress/psoc creator/4.1/psoc creator/import/gnu/arm/5.4.1/bin/../lib/gcc/arm-none-eabi/5.4.1/armv6-m/crtn.o
START GROUP
LOAD d:/program files (x86)/cypress/psoc creator/4.1/psoc creator/import/gnu/arm/5.4.1/bin/../lib/gcc/arm-none-eabi/5.4.1/armv6-m\libgcc.a
LOAD d:/program files (x86)/cypress/psoc creator/4.1/psoc creator/import/gnu/arm/5.4.1/bin/../lib/gcc/arm-none-eabi/5.4.1/../../../../arm-none-eabi/lib/armv6-m\libc.a
LOAD d:/program files (x86)/cypress/psoc creator/4.1/psoc creator/import/gnu/arm/5.4.1/bin/../lib/gcc/arm-none-eabi/5.4.1/../../../../arm-none-eabi/lib/armv6-m\libnosys.a
END GROUP
                0x00000000                CY_APPL_ORIGIN = 0x0
                0x00000080                CY_FLASH_ROW_SIZE = 0x80
                0x00000001                CY_APPL_NUM = 0x1
                0x00000001                CY_APPL_MAX = 0x1
                0x00000040                CY_METADATA_SIZE = 0x40
                0x00000000                CY_APPL_LOADABLE = 0x0
                0x00000000                CY_CHECKSUM_EXCLUDE_SIZE = ALIGN (0x0, CY_FLASH_ROW_SIZE)
                0x00000000                CY_APP_FOR_STACK_AND_COPIER = 0x0
                [!provide]                PROVIDE (__cy_heap_start, _end)
                0x00000001                PROVIDE (__cy_region_num, ((__cy_regions_end - __cy_regions) / 0x10))
                0x20004000                PROVIDE (__cy_stack, (ORIGIN (ram) + LENGTH (ram)))
                [!provide]                PROVIDE (__cy_heap_end, (__cy_stack - 0x800))

.cybootloader   0x00000000        0x0
 *(.cybootloader)
                0x00000000                appl1_start = CY_APPL_ORIGIN?CY_APPL_ORIGIN:ALIGN (CY_FLASH_ROW_SIZE)
                0x0000ff80                appl2_start = (appl1_start + ALIGN ((((LENGTH (rom) - appl1_start) - (0x2 * CY_FLASH_ROW_SIZE)) / 0x2), CY_FLASH_ROW_SIZE))
                0x00000000                appl_start = (CY_APPL_NUM == 0x1)?appl1_start:appl2_start
                0x00000001                cy_project_type_bootloader = (appl_start == 0x0)?0x1:0x0
                0x00000000                cy_project_type_app_for_stack_and_copier = (CY_APP_FOR_STACK_AND_COPIER == 0x1)?0x1:0x0

.text           0x00000000      0x644
 CREATE_OBJECT_SYMBOLS
                0x00000000                PROVIDE (__cy_interrupt_vector, RomVectors)
 *(.romvectors)
 .romvectors    0x00000000       0x10 .\CortexM0\ARM_GCC_541\Debug\Cm0Start.o
                0x00000000                RomVectors
                0x00000001                ASSERT ((. != __cy_interrupt_vector), No interrupt vector)
                0x00000001                ASSERT (CY_APPL_ORIGIN?(SIZEOF (.cybootloader) <= CY_APPL_ORIGIN):0x1, Wrong image location)
                0x00000010                PROVIDE (__cy_reset, Reset)
 *(.text.Reset)
 .text.Reset    0x00000010        0x8 .\CortexM0\ARM_GCC_541\Debug\Cm0Start.o
                0x00000010                Reset
                0x00000001                ASSERT ((. != __cy_reset), No reset code)
 *(.psocinit)
 .psocinit      0x00000018       0xe0 .\CortexM0\ARM_GCC_541\Debug\cyfitter_cfg.o
                0x00000064                cyfitter_cfg
                0x00000100                . = MAX (., 0x100)
 *fill*         0x000000f8        0x8 
 *(.text .text.* .gnu.linkonce.t.*)
 .text          0x00000100       0x60 d:/program files (x86)/cypress/psoc creator/4.1/psoc creator/import/gnu/arm/5.4.1/bin/../lib/gcc/arm-none-eabi/5.4.1/armv6-m/crtbegin.o
 .text.main     0x00000160       0x34 .\CortexM0\ARM_GCC_541\Debug\main.o
                0x00000160                main
 .text.AnalogSetDefault
                0x00000194       0x20 .\CortexM0\ARM_GCC_541\Debug\cyfitter_cfg.o
 .text.CYMEMZERO
                0x000001b4        0xc .\CortexM0\ARM_GCC_541\Debug\cyfitter_cfg.o
 .text.IntDefaultHandler
                0x000001c0       0x10 .\CortexM0\ARM_GCC_541\Debug\Cm0Start.o
                0x000001c0                IntDefaultHandler
 .text.Start_c  0x000001d0       0x48 .\CortexM0\ARM_GCC_541\Debug\Cm0Start.o
                0x000001d0                Start_c
 .text.initialize_psoc
                0x00000218       0x4c .\CortexM0\ARM_GCC_541\Debug\Cm0Start.o
                0x00000218                initialize_psoc
 .text.LED_Status_Write
                0x00000264       0x18 .\CortexM0\ARM_GCC_541\Debug\sleep.a(LED_Status.o)
                0x00000264                LED_Status_Write
 .text.LED_Status_Sleep
                0x0000027c       0x14 .\CortexM0\ARM_GCC_541\Debug\sleep.a(LED_Status_PM.o)
                0x0000027c                LED_Status_Sleep
 .text.LED_Status_Wakeup
                0x00000290       0x14 .\CortexM0\ARM_GCC_541\Debug\sleep.a(LED_Status_PM.o)
                0x00000290                LED_Status_Wakeup
 .text.SW_Sleep
                0x000002a4       0x14 .\CortexM0\ARM_GCC_541\Debug\sleep.a(SW_PM.o)
                0x000002a4                SW_Sleep
 .text.SW_Wakeup
                0x000002b8       0x14 .\CortexM0\ARM_GCC_541\Debug\sleep.a(SW_PM.o)
                0x000002b8                SW_Wakeup
 .text.isr_Sw_SetVector
                0x000002cc        0xc .\CortexM0\ARM_GCC_541\Debug\sleep.a(isr_Sw.o)
                0x000002cc                isr_Sw_SetVector
 .text.isr_Sw_SetPriority
                0x000002d8       0x24 .\CortexM0\ARM_GCC_541\Debug\sleep.a(isr_Sw.o)
                0x000002d8                isr_Sw_SetPriority
 .text.isr_Sw_Enable
                0x000002fc        0xc .\CortexM0\ARM_GCC_541\Debug\sleep.a(isr_Sw.o)
                0x000002fc                isr_Sw_Enable
 .text.isr_Sw_Disable
                0x00000308        0xc .\CortexM0\ARM_GCC_541\Debug\sleep.a(isr_Sw.o)
                0x00000308                isr_Sw_Disable
 .text.isr_Sw_Start
                0x00000314       0x1c .\CortexM0\ARM_GCC_541\Debug\sleep.a(isr_Sw.o)
                0x00000314                isr_Sw_Start
 .text.isr_Sw_ClearPending
                0x00000330        0xc .\CortexM0\ARM_GCC_541\Debug\sleep.a(isr_Sw.o)
                0x00000330                isr_Sw_ClearPending
 .text.isr_Sw_Interrupt
                0x0000033c       0x2c .\CortexM0\ARM_GCC_541\Debug\sleep.a(isr_Sw.o)
                0x0000033c                isr_Sw_Interrupt
 .text.CySysClkWriteImoFreq
                0x00000368       0x64 .\CortexM0\ARM_GCC_541\Debug\sleep.a(CyLib.o)
                0x00000368                CySysClkWriteImoFreq
 .text.CyIntEnable
                0x000003cc       0x14 .\CortexM0\ARM_GCC_541\Debug\sleep.a(CyLib.o)
                0x000003cc                CyIntEnable
 .text.CyHalt   0x000003e0        0x4 .\CortexM0\ARM_GCC_541\Debug\sleep.a(CyLib.o)
                0x000003e0                CyHalt
 .text.CyIntSetVector
                0x000003e4       0x24 .\CortexM0\ARM_GCC_541\Debug\sleep.a(CyLib.o)
                0x000003e4                CyIntSetVector
 .text.CyDelay  0x00000408       0x30 .\CortexM0\ARM_GCC_541\Debug\sleep.a(CyLib.o)
                0x00000408                CyDelay
 .text.CySysPmSleep
                0x00000438       0x1c .\CortexM0\ARM_GCC_541\Debug\sleep.a(cyPm.o)
                0x00000438                CySysPmSleep
 .text.CySysWdtLocked
                0x00000454       0x14 .\CortexM0\ARM_GCC_541\Debug\sleep.a(CyLFClk.o)
 .text.CySysWdtLock
                0x00000468       0x1c .\CortexM0\ARM_GCC_541\Debug\sleep.a(CyLFClk.o)
                0x00000468                CySysWdtLock
 .text.CySysWdtUnlock
                0x00000484       0x30 .\CortexM0\ARM_GCC_541\Debug\sleep.a(CyLFClk.o)
                0x00000484                CySysWdtUnlock
 .text.CySysWdtClearInterrupt
                0x000004b4       0x4c .\CortexM0\ARM_GCC_541\Debug\sleep.a(CyLFClk.o)
                0x000004b4                CySysWdtClearInterrupt
 .text.CySysWdtIsr
                0x00000500       0xa4 .\CortexM0\ARM_GCC_541\Debug\sleep.a(CyLFClk.o)
                0x00000500                CySysWdtIsr
 *fill*         0x000005a4        0x4 
 .text          0x000005a8       0x20 .\CortexM0\ARM_GCC_541\Debug\sleep.a(CyBootAsmGnu.o)
                0x000005a8                CyDelayCycles
                0x000005ba                CyEnterCriticalSection
                0x000005c2                CyExitCriticalSection
 .text.SW_ClearInterrupt
                0x000005c8       0x14 .\CortexM0\ARM_GCC_541\Debug\sleep.a(SW.o)
                0x000005c8                SW_ClearInterrupt
 .text.__errno  0x000005dc        0xc d:/program files (x86)/cypress/psoc creator/4.1/psoc creator/import/gnu/arm/5.4.1/bin/../lib/gcc/arm-none-eabi/5.4.1/../../../../arm-none-eabi/lib/armv6-m\libg_nano.a(lib_a-errno.o)
                0x000005dc                __errno
 .text.__libc_init_array
                0x000005e8       0x4c d:/program files (x86)/cypress/psoc creator/4.1/psoc creator/import/gnu/arm/5.4.1/bin/../lib/gcc/arm-none-eabi/5.4.1/../../../../arm-none-eabi/lib/armv6-m\libg_nano.a(lib_a-init.o)
                0x000005e8                __libc_init_array
 .text.memset   0x00000634       0x10 d:/program files (x86)/cypress/psoc creator/4.1/psoc creator/import/gnu/arm/5.4.1/bin/../lib/gcc/arm-none-eabi/5.4.1/../../../../arm-none-eabi/lib/armv6-m\libg_nano.a(lib_a-memset.o)
                0x00000634                memset
 *(.plt)
 *(.gnu.warning)
 *(.glue_7t)
 .glue_7t       0x00000644        0x0 linker stubs
 *(.glue_7)
 .glue_7        0x00000644        0x0 linker stubs
 *(.vfp11_veneer)
 .vfp11_veneer  0x00000644        0x0 linker stubs
 *(.bootloader)
 *(.ARM.extab* .gnu.linkonce.armextab.*)
 *(.gcc_except_table)

.v4_bx          0x00000644        0x0
 .v4_bx         0x00000644        0x0 linker stubs

.iplt           0x00000644        0x0
 .iplt          0x00000644        0x0 d:/program files (x86)/cypress/psoc creator/4.1/psoc creator/import/gnu/arm/5.4.1/bin/../lib/gcc/arm-none-eabi/5.4.1/armv6-m/crtbegin.o

.eh_frame_hdr
 *(.eh_frame_hdr)

.eh_frame       0x00000644        0x4
 *(.eh_frame)
 .eh_frame      0x00000644        0x0 d:/program files (x86)/cypress/psoc creator/4.1/psoc creator/import/gnu/arm/5.4.1/bin/../lib/gcc/arm-none-eabi/5.4.1/armv6-m/crtbegin.o
 .eh_frame      0x00000644        0x4 d:/program files (x86)/cypress/psoc creator/4.1/psoc creator/import/gnu/arm/5.4.1/bin/../lib/gcc/arm-none-eabi/5.4.1/armv6-m/crtend.o
                [!provide]                PROVIDE (__exidx_start, .)

.ARM.exidx
 *(.ARM.exidx* .gnu.linkonce.armexidx.*)
                0x00000648                __exidx_end = .

.rodata         0x00000648       0x70
 *(.rodata .rodata.* .gnu.linkonce.r.*)
 .rodata        0x00000648        0xc .\CortexM0\ARM_GCC_541\Debug\cyfitter_cfg.o
 .rodata        0x00000654       0x2e .\CortexM0\ARM_GCC_541\Debug\sleep.a(CyLib.o)
                0x00000654                cyImoFreqMhz2Reg
 .rodata.str1.1
                0x00000682        0x2 d:/program files (x86)/cypress/psoc creator/4.1/psoc creator/import/gnu/arm/5.4.1/bin/../lib/gcc/arm-none-eabi/5.4.1/../../../../arm-none-eabi/lib/armv6-m\libg_nano.a(lib_a-impure.o)
                0x00000684                . = ALIGN (0x4)
 *(.init)
 .init          0x00000684        0x4 d:/program files (x86)/cypress/psoc creator/4.1/psoc creator/import/gnu/arm/5.4.1/bin/../lib/gcc/arm-none-eabi/5.4.1/armv6-m/crti.o
                0x00000684                _init
 .init          0x00000688        0x8 d:/program files (x86)/cypress/psoc creator/4.1/psoc creator/import/gnu/arm/5.4.1/bin/../lib/gcc/arm-none-eabi/5.4.1/armv6-m/crtn.o
                0x00000690                . = ALIGN (0x4)
                0x00000690                __preinit_array_start = .
 *(.preinit_array)
                0x00000690                __preinit_array_end = .
                0x00000690                . = ALIGN (0x4)
                0x00000690                __init_array_start = .
 *(SORT(.init_array.*))
 *(.init_array)
 .init_array    0x00000690        0x4 d:/program files (x86)/cypress/psoc creator/4.1/psoc creator/import/gnu/arm/5.4.1/bin/../lib/gcc/arm-none-eabi/5.4.1/armv6-m/crtbegin.o
 .init_array    0x00000694        0x4 .\CortexM0\ARM_GCC_541\Debug\Cm0Start.o
                0x00000698                __init_array_end = .
                0x00000698                . = ALIGN (0x4)
 *(.fini)
 .fini          0x00000698        0x4 d:/program files (x86)/cypress/psoc creator/4.1/psoc creator/import/gnu/arm/5.4.1/bin/../lib/gcc/arm-none-eabi/5.4.1/armv6-m/crti.o
                0x00000698                _fini
 .fini          0x0000069c        0x8 d:/program files (x86)/cypress/psoc creator/4.1/psoc creator/import/gnu/arm/5.4.1/bin/../lib/gcc/arm-none-eabi/5.4.1/armv6-m/crtn.o
                0x000006a4                . = ALIGN (0x4)
                0x000006a4                __fini_array_start = .
 *(.fini_array)
 .fini_array    0x000006a4        0x4 d:/program files (x86)/cypress/psoc creator/4.1/psoc creator/import/gnu/arm/5.4.1/bin/../lib/gcc/arm-none-eabi/5.4.1/armv6-m/crtbegin.o
 *(SORT(.fini_array.*))
                0x000006a8                __fini_array_end = .
                0x000006a8                . = ALIGN (0x4)
 *crtbegin.o(.ctors)
 *(EXCLUDE_FILE(*crtend.o) .ctors)
 *(SORT(.ctors.*))
 *crtend.o(.ctors)
                0x000006a8                . = ALIGN (0x4)
 *crtbegin.o(.dtors)
 *(EXCLUDE_FILE(*crtend.o) .dtors)
 *(SORT(.dtors.*))
 *crtend.o(.dtors)
                0x000006a8                . = ALIGN (0x4)
                0x000006a8                __cy_regions = .
                0x000006a8        0x4 LONG 0x6b8 __cy_region_init_ram
                0x000006ac        0x4 LONG 0x200000c0 __cy_region_start_data
                0x000006b0        0x4 LONG 0x88 __cy_region_init_size_ram
                0x000006b4        0x4 LONG 0x60 __cy_region_zero_size_ram
                0x000006b8                __cy_regions_end = .
                0x000006b8                . = ALIGN (0x8)
                0x000006b8                _etext = .

.cy_checksum_exclude
                0x000006b8        0x0
 *(.cy_checksum_exclude)

.ramvectors     0x20000000       0xc0
                0x20000000                __cy_region_start_ram = .
 *(.ramvectors)
 .ramvectors    0x20000000       0xc0 .\CortexM0\ARM_GCC_541\Debug\Cm0Start.o
                0x20000000                CyRamVectors

.noinit
 *(.noinit)

.data           0x200000c0       0x88 load address 0x000006b8
                0x200000c0                __cy_region_start_data = .
 *(.jcr)
 .jcr           0x200000c0        0x0 d:/program files (x86)/cypress/psoc creator/4.1/psoc creator/import/gnu/arm/5.4.1/bin/../lib/gcc/arm-none-eabi/5.4.1/armv6-m/crtbegin.o
 .jcr           0x200000c0        0x4 d:/program files (x86)/cypress/psoc creator/4.1/psoc creator/import/gnu/arm/5.4.1/bin/../lib/gcc/arm-none-eabi/5.4.1/armv6-m/crtend.o
 *(.got.plt)
 *(.got)
 *(.shdata)
 *(.data .data.* .gnu.linkonce.d.*)
 .data          0x200000c4       0x14 .\CortexM0\ARM_GCC_541\Debug\sleep.a(CyLib.o)
                0x200000c4                CySysClkPumpConfig
                0x200000c8                cydelay32kMs
                0x200000cc                cydelayFreqKhz
                0x200000d0                cydelayFreqMhz
                0x200000d4                cydelayFreqHz
 .data          0x200000d8        0x8 .\CortexM0\ARM_GCC_541\Debug\sleep.a(CyLFClk.o)
 .data.impure_data
                0x200000e0       0x60 d:/program files (x86)/cypress/psoc creator/4.1/psoc creator/import/gnu/arm/5.4.1/bin/../lib/gcc/arm-none-eabi/5.4.1/../../../../arm-none-eabi/lib/armv6-m\libg_nano.a(lib_a-impure.o)
 .data._impure_ptr
                0x20000140        0x4 d:/program files (x86)/cypress/psoc creator/4.1/psoc creator/import/gnu/arm/5.4.1/bin/../lib/gcc/arm-none-eabi/5.4.1/../../../../arm-none-eabi/lib/armv6-m\libg_nano.a(lib_a-impure.o)
                0x20000140                _impure_ptr
                0x20000148                . = ALIGN (0x8)
 *fill*         0x20000144        0x4 
 *(.ram)
                0x20000148                _edata = .

.igot.plt       0x20000148        0x0 load address 0x00000740
 .igot.plt      0x20000148        0x0 d:/program files (x86)/cypress/psoc creator/4.1/psoc creator/import/gnu/arm/5.4.1/bin/../lib/gcc/arm-none-eabi/5.4.1/armv6-m/crtbegin.o

.bss            0x20000148       0x60 load address 0x00000740
                0x20000148                PROVIDE (__bss_start__, .)
 *(.shbss)
 *(.bss .bss.* .gnu.linkonce.b.*)
 .bss           0x20000148       0x1c d:/program files (x86)/cypress/psoc creator/4.1/psoc creator/import/gnu/arm/5.4.1/bin/../lib/gcc/arm-none-eabi/5.4.1/armv6-m/crtbegin.o
 .bss           0x20000164        0xc .\CortexM0\ARM_GCC_541\Debug\sleep.a(LED_Status_PM.o)
 .bss           0x20000170        0xc .\CortexM0\ARM_GCC_541\Debug\sleep.a(SW_PM.o)
 .bss           0x2000017c       0x28 .\CortexM0\ARM_GCC_541\Debug\sleep.a(CyLFClk.o)
 *(COMMON)
                0x200001a8                . = ALIGN (0x8)
 *fill*         0x200001a4        0x4 
 *(.ram.b)
                0x200001a8                _end = .
                0x200001a8                __end = .
                0x200001a8                PROVIDE (end, .)
                0x200001a8                PROVIDE (__bss_end__, .)
                0x000006b8                __cy_region_init_ram = LOADADDR (.data)
                0x00000088                __cy_region_init_size_ram = (_edata - ADDR (.data))
                0x00000060                __cy_region_zero_size_ram = (_end - _edata)

.heap           0x200001a8       0x80 load address 0x00000740
                0x200001a8                . = _end
                0x20000228                . = (. + 0x80)
 *fill*         0x200001a8       0x80 
                0x20000228                __cy_heap_limit = .

.stack          0x20003800      0x800
                0x20003800                __cy_stack_limit = .
                0x20004000                . = (. + 0x800)
 *fill*         0x20003800      0x800 
                0x00000001                ASSERT ((__cy_stack_limit >= __cy_heap_limit), region RAM overflowed with stack)
                0x00000000                cy_checksum_exclude_size = (CY_APPL_LOADABLE == 0x1)?SIZEOF (.cy_checksum_exclude):0x0
                0x00000001                ASSERT ((cy_checksum_exclude_size <= CY_CHECKSUM_EXCLUDE_SIZE), CY_BOOT: Section .cy_checksum_exclude size exceedes specified limit.)
                0x0001ffc0                cyloadermeta_start = (cy_project_type_bootloader || cy_project_type_app_for_stack_and_copier)?(LENGTH (rom) - CY_METADATA_SIZE):0xf0000000

.cyloadermeta
 *(.cyloadermeta)
                0x0001ffc0                cyloadablemeta_start = cy_project_type_app_for_stack_and_copier?((LENGTH (rom) - CY_FLASH_ROW_SIZE) - CY_METADATA_SIZE):((LENGTH (rom) - (CY_FLASH_ROW_SIZE * (CY_APPL_NUM - 0x1))) - CY_METADATA_SIZE)

.cyloadablemeta
 *(.cyloadablemeta)

.cyflashprotect
                0x90400000       0x80
 *(.cyflashprotect)
 .cyflashprotect
                0x90400000       0x80 .\CortexM0\ARM_GCC_541\Debug\cymetadata.o
                0x90400000                cy_meta_flashprotect

.cymeta         0x90500000        0xc
 *(.cymeta)
 .cymeta        0x90500000        0xc .\CortexM0\ARM_GCC_541\Debug\cymetadata.o
                0x90500000                cy_metadata

.cychipprotect  0x90600000        0x1
 *(.cychipprotect)
 .cychipprotect
                0x90600000        0x1 .\CortexM0\ARM_GCC_541\Debug\cymetadata.o
                0x90600000                cy_meta_chipprotect

.rel.dyn        0x00000740        0x0 load address 0x90600004
 .rel.iplt      0x00000740        0x0 d:/program files (x86)/cypress/psoc creator/4.1/psoc creator/import/gnu/arm/5.4.1/bin/../lib/gcc/arm-none-eabi/5.4.1/armv6-m/crtbegin.o

.stab
 *(.stab)

.stabstr
 *(.stabstr)

.debug
 *(.debug)

.line
 *(.line)

.debug_srcinfo
 *(.debug_srcinfo)

.debug_sfnames
 *(.debug_sfnames)

.debug_aranges  0x00000000      0x5c8
 *(.debug_aranges)
 .debug_aranges
                0x00000000       0x20 .\CortexM0\ARM_GCC_541\Debug\main.o
 .debug_aranges
                0x00000020       0x38 .\CortexM0\ARM_GCC_541\Debug\cyfitter_cfg.o
 .debug_aranges
                0x00000058       0x18 .\CortexM0\ARM_GCC_541\Debug\cymetadata.o
 .debug_aranges
                0x00000070       0x48 .\CortexM0\ARM_GCC_541\Debug\Cm0Start.o
 .debug_aranges
                0x000000b8       0x48 .\CortexM0\ARM_GCC_541\Debug\sleep.a(LED_Status.o)
 .debug_aranges
                0x00000100       0x28 .\CortexM0\ARM_GCC_541\Debug\sleep.a(LED_Status_PM.o)
 .debug_aranges
                0x00000128       0x28 .\CortexM0\ARM_GCC_541\Debug\sleep.a(SW_PM.o)
 .debug_aranges
                0x00000150       0x80 .\CortexM0\ARM_GCC_541\Debug\sleep.a(isr_Sw.o)
 .debug_aranges
                0x000001d0      0x1b0 .\CortexM0\ARM_GCC_541\Debug\sleep.a(CyLib.o)
 .debug_aranges
                0x00000380       0x58 .\CortexM0\ARM_GCC_541\Debug\sleep.a(cyPm.o)
 .debug_aranges
                0x000003d8      0x188 .\CortexM0\ARM_GCC_541\Debug\sleep.a(CyLFClk.o)
 .debug_aranges
                0x00000560       0x20 .\CortexM0\ARM_GCC_541\Debug\sleep.a(CyBootAsmGnu.o)
 .debug_aranges
                0x00000580       0x48 .\CortexM0\ARM_GCC_541\Debug\sleep.a(SW.o)

.debug_pubnames
 *(.debug_pubnames)

.debug_info     0x00000000     0x3175
 *(.debug_info .gnu.linkonce.wi.*)
 .debug_info    0x00000000      0x170 .\CortexM0\ARM_GCC_541\Debug\main.o
 .debug_info    0x00000170      0x296 .\CortexM0\ARM_GCC_541\Debug\cyfitter_cfg.o
 .debug_info    0x00000406       0xf8 .\CortexM0\ARM_GCC_541\Debug\cymetadata.o
 .debug_info    0x000004fe      0x3a2 .\CortexM0\ARM_GCC_541\Debug\Cm0Start.o
 .debug_info    0x000008a0      0x19d .\CortexM0\ARM_GCC_541\Debug\sleep.a(LED_Status.o)
 .debug_info    0x00000a3d      0x109 .\CortexM0\ARM_GCC_541\Debug\sleep.a(LED_Status_PM.o)
 .debug_info    0x00000b46      0x109 .\CortexM0\ARM_GCC_541\Debug\sleep.a(SW_PM.o)
 .debug_info    0x00000c4f      0x3b3 .\CortexM0\ARM_GCC_541\Debug\sleep.a(isr_Sw.o)
 .debug_info    0x00001002      0xbd0 .\CortexM0\ARM_GCC_541\Debug\sleep.a(CyLib.o)
 .debug_info    0x00001bd2      0x2e5 .\CortexM0\ARM_GCC_541\Debug\sleep.a(cyPm.o)
 .debug_info    0x00001eb7     0x1071 .\CortexM0\ARM_GCC_541\Debug\sleep.a(CyLFClk.o)
 .debug_info    0x00002f28       0xb0 .\CortexM0\ARM_GCC_541\Debug\sleep.a(CyBootAsmGnu.o)
 .debug_info    0x00002fd8      0x19d .\CortexM0\ARM_GCC_541\Debug\sleep.a(SW.o)

.debug_abbrev   0x00000000      0xdc0
 *(.debug_abbrev)
 .debug_abbrev  0x00000000       0x7e .\CortexM0\ARM_GCC_541\Debug\main.o
 .debug_abbrev  0x0000007e      0x166 .\CortexM0\ARM_GCC_541\Debug\cyfitter_cfg.o
 .debug_abbrev  0x000001e4       0x5d .\CortexM0\ARM_GCC_541\Debug\cymetadata.o
 .debug_abbrev  0x00000241      0x1d7 .\CortexM0\ARM_GCC_541\Debug\Cm0Start.o
 .debug_abbrev  0x00000418       0xc8 .\CortexM0\ARM_GCC_541\Debug\sleep.a(LED_Status.o)
 .debug_abbrev  0x000004e0       0x8e .\CortexM0\ARM_GCC_541\Debug\sleep.a(LED_Status_PM.o)
 .debug_abbrev  0x0000056e       0x8e .\CortexM0\ARM_GCC_541\Debug\sleep.a(SW_PM.o)
 .debug_abbrev  0x000005fc      0x198 .\CortexM0\ARM_GCC_541\Debug\sleep.a(isr_Sw.o)
 .debug_abbrev  0x00000794      0x1e0 .\CortexM0\ARM_GCC_541\Debug\sleep.a(CyLib.o)
 .debug_abbrev  0x00000974      0x128 .\CortexM0\ARM_GCC_541\Debug\sleep.a(cyPm.o)
 .debug_abbrev  0x00000a9c      0x248 .\CortexM0\ARM_GCC_541\Debug\sleep.a(CyLFClk.o)
 .debug_abbrev  0x00000ce4       0x14 .\CortexM0\ARM_GCC_541\Debug\sleep.a(CyBootAsmGnu.o)
 .debug_abbrev  0x00000cf8       0xc8 .\CortexM0\ARM_GCC_541\Debug\sleep.a(SW.o)

.debug_line     0x00000000     0x159c
 *(.debug_line)
 .debug_line    0x00000000       0x9e .\CortexM0\ARM_GCC_541\Debug\main.o
 .debug_line    0x0000009e      0x143 .\CortexM0\ARM_GCC_541\Debug\cyfitter_cfg.o
 .debug_line    0x000001e1      0x141 .\CortexM0\ARM_GCC_541\Debug\cymetadata.o
 .debug_line    0x00000322      0x236 .\CortexM0\ARM_GCC_541\Debug\Cm0Start.o
 .debug_line    0x00000558       0xc2 .\CortexM0\ARM_GCC_541\Debug\sleep.a(LED_Status.o)
 .debug_line    0x0000061a       0x8b .\CortexM0\ARM_GCC_541\Debug\sleep.a(LED_Status_PM.o)
 .debug_line    0x000006a5       0x7b .\CortexM0\ARM_GCC_541\Debug\sleep.a(SW_PM.o)
 .debug_line    0x00000720      0x170 .\CortexM0\ARM_GCC_541\Debug\sleep.a(isr_Sw.o)
 .debug_line    0x00000890      0x4cc .\CortexM0\ARM_GCC_541\Debug\sleep.a(CyLib.o)
 .debug_line    0x00000d5c      0x143 .\CortexM0\ARM_GCC_541\Debug\sleep.a(cyPm.o)
 .debug_line    0x00000e9f      0x5db .\CortexM0\ARM_GCC_541\Debug\sleep.a(CyLFClk.o)
 .debug_line    0x0000147a       0x68 .\CortexM0\ARM_GCC_541\Debug\sleep.a(CyBootAsmGnu.o)
 .debug_line    0x000014e2       0xba .\CortexM0\ARM_GCC_541\Debug\sleep.a(SW.o)

.debug_frame    0x00000000      0xe6c
 *(.debug_frame)
 .debug_frame   0x00000000       0x2c .\CortexM0\ARM_GCC_541\Debug\main.o
 .debug_frame   0x0000002c       0x80 .\CortexM0\ARM_GCC_541\Debug\cyfitter_cfg.o
 .debug_frame   0x000000ac       0xbc .\CortexM0\ARM_GCC_541\Debug\Cm0Start.o
 .debug_frame   0x00000168       0x70 .\CortexM0\ARM_GCC_541\Debug\sleep.a(LED_Status.o)
 .debug_frame   0x000001d8       0x30 .\CortexM0\ARM_GCC_541\Debug\sleep.a(LED_Status_PM.o)
 .debug_frame   0x00000208       0x30 .\CortexM0\ARM_GCC_541\Debug\sleep.a(SW_PM.o)
 .debug_frame   0x00000238      0x11c .\CortexM0\ARM_GCC_541\Debug\sleep.a(isr_Sw.o)
 .debug_frame   0x00000354      0x444 .\CortexM0\ARM_GCC_541\Debug\sleep.a(CyLib.o)
 .debug_frame   0x00000798       0xe8 .\CortexM0\ARM_GCC_541\Debug\sleep.a(cyPm.o)
 .debug_frame   0x00000880      0x4a8 .\CortexM0\ARM_GCC_541\Debug\sleep.a(CyLFClk.o)
 .debug_frame   0x00000d28       0x70 .\CortexM0\ARM_GCC_541\Debug\sleep.a(SW.o)
 .debug_frame   0x00000d98       0x20 d:/program files (x86)/cypress/psoc creator/4.1/psoc creator/import/gnu/arm/5.4.1/bin/../lib/gcc/arm-none-eabi/5.4.1/armv6-m\libgcc.a(_udivsi3.o)
 .debug_frame   0x00000db8       0x20 d:/program files (x86)/cypress/psoc creator/4.1/psoc creator/import/gnu/arm/5.4.1/bin/../lib/gcc/arm-none-eabi/5.4.1/armv6-m\libgcc.a(_divsi3.o)
 .debug_frame   0x00000dd8       0x20 d:/program files (x86)/cypress/psoc creator/4.1/psoc creator/import/gnu/arm/5.4.1/bin/../lib/gcc/arm-none-eabi/5.4.1/../../../../arm-none-eabi/lib/armv6-m\libg_nano.a(lib_a-errno.o)
 .debug_frame   0x00000df8       0x28 d:/program files (x86)/cypress/psoc creator/4.1/psoc creator/import/gnu/arm/5.4.1/bin/../lib/gcc/arm-none-eabi/5.4.1/../../../../arm-none-eabi/lib/armv6-m\libg_nano.a(lib_a-exit.o)
 .debug_frame   0x00000e20       0x2c d:/program files (x86)/cypress/psoc creator/4.1/psoc creator/import/gnu/arm/5.4.1/bin/../lib/gcc/arm-none-eabi/5.4.1/../../../../arm-none-eabi/lib/armv6-m\libg_nano.a(lib_a-init.o)
 .debug_frame   0x00000e4c       0x20 d:/program files (x86)/cypress/psoc creator/4.1/psoc creator/import/gnu/arm/5.4.1/bin/../lib/gcc/arm-none-eabi/5.4.1/../../../../arm-none-eabi/lib/armv6-m\libg_nano.a(lib_a-memset.o)

.debug_str      0x00000000     0x1445
 *(.debug_str)
 .debug_str     0x00000000      0x1b4 .\CortexM0\ARM_GCC_541\Debug\main.o
                                0x1f4 (size before relaxing)
 .debug_str     0x000001b4       0xd3 .\CortexM0\ARM_GCC_541\Debug\cyfitter_cfg.o
                                0x27b (size before relaxing)
 .debug_str     0x00000287       0x63 .\CortexM0\ARM_GCC_541\Debug\cymetadata.o
                                0x1e8 (size before relaxing)
 .debug_str     0x000002ea      0x140 .\CortexM0\ARM_GCC_541\Debug\Cm0Start.o
                                0x321 (size before relaxing)
 .debug_str     0x0000042a       0xc8 .\CortexM0\ARM_GCC_541\Debug\sleep.a(LED_Status.o)
                                0x279 (size before relaxing)
 .debug_str     0x000004f2       0x7e .\CortexM0\ARM_GCC_541\Debug\sleep.a(LED_Status_PM.o)
                                0x222 (size before relaxing)
 .debug_str     0x00000570       0x44 .\CortexM0\ARM_GCC_541\Debug\sleep.a(SW_PM.o)
                                0x1fa (size before relaxing)
 .debug_str     0x000005b4      0x14d .\CortexM0\ARM_GCC_541\Debug\sleep.a(isr_Sw.o)
                                0x35f (size before relaxing)
 .debug_str     0x00000701      0x4f6 .\CortexM0\ARM_GCC_541\Debug\sleep.a(CyLib.o)
                                0x75b (size before relaxing)
 .debug_str     0x00000bf7       0xd7 .\CortexM0\ARM_GCC_541\Debug\sleep.a(cyPm.o)
                                0x2f3 (size before relaxing)
 .debug_str     0x00000cce      0x717 .\CortexM0\ARM_GCC_541\Debug\sleep.a(CyLFClk.o)
                                0x958 (size before relaxing)
 .debug_str     0x000013e5       0x60 .\CortexM0\ARM_GCC_541\Debug\sleep.a(SW.o)
                                0x241 (size before relaxing)

.debug_loc      0x00000000     0x179d
 *(.debug_loc)
 .debug_loc     0x00000000       0xa9 .\CortexM0\ARM_GCC_541\Debug\cyfitter_cfg.o
 .debug_loc     0x000000a9      0x14f .\CortexM0\ARM_GCC_541\Debug\Cm0Start.o
 .debug_loc     0x000001f8       0xa2 .\CortexM0\ARM_GCC_541\Debug\sleep.a(LED_Status.o)
 .debug_loc     0x0000029a       0x82 .\CortexM0\ARM_GCC_541\Debug\sleep.a(isr_Sw.o)
 .debug_loc     0x0000031c      0x554 .\CortexM0\ARM_GCC_541\Debug\sleep.a(CyLib.o)
 .debug_loc     0x00000870       0xe1 .\CortexM0\ARM_GCC_541\Debug\sleep.a(cyPm.o)
 .debug_loc     0x00000951      0xdaa .\CortexM0\ARM_GCC_541\Debug\sleep.a(CyLFClk.o)
 .debug_loc     0x000016fb       0xa2 .\CortexM0\ARM_GCC_541\Debug\sleep.a(SW.o)

.debug_macinfo
 *(.debug_macinfo)

.debug_ranges   0x00000000      0x4e0
 *(.debug_ranges)
 .debug_ranges  0x00000000       0x10 .\CortexM0\ARM_GCC_541\Debug\main.o
 .debug_ranges  0x00000010       0x28 .\CortexM0\ARM_GCC_541\Debug\cyfitter_cfg.o
 .debug_ranges  0x00000038       0x38 .\CortexM0\ARM_GCC_541\Debug\Cm0Start.o
 .debug_ranges  0x00000070       0x38 .\CortexM0\ARM_GCC_541\Debug\sleep.a(LED_Status.o)
 .debug_ranges  0x000000a8       0x18 .\CortexM0\ARM_GCC_541\Debug\sleep.a(LED_Status_PM.o)
 .debug_ranges  0x000000c0       0x18 .\CortexM0\ARM_GCC_541\Debug\sleep.a(SW_PM.o)
 .debug_ranges  0x000000d8       0x70 .\CortexM0\ARM_GCC_541\Debug\sleep.a(isr_Sw.o)
 .debug_ranges  0x00000148      0x1a0 .\CortexM0\ARM_GCC_541\Debug\sleep.a(CyLib.o)
 .debug_ranges  0x000002e8       0x48 .\CortexM0\ARM_GCC_541\Debug\sleep.a(cyPm.o)
 .debug_ranges  0x00000330      0x178 .\CortexM0\ARM_GCC_541\Debug\sleep.a(CyLFClk.o)
 .debug_ranges  0x000004a8       0x38 .\CortexM0\ARM_GCC_541\Debug\sleep.a(SW.o)

.comment        0x00000000       0x6e
 .comment       0x00000000       0x6e .\CortexM0\ARM_GCC_541\Debug\main.o
                                 0x6f (size before relaxing)
 .comment       0x0000006e       0x6f .\CortexM0\ARM_GCC_541\Debug\cyfitter_cfg.o
 .comment       0x0000006e       0x6f .\CortexM0\ARM_GCC_541\Debug\cymetadata.o
 .comment       0x0000006e       0x6f .\CortexM0\ARM_GCC_541\Debug\Cm0Start.o
 .comment       0x0000006e       0x6f .\CortexM0\ARM_GCC_541\Debug\sleep.a(LED_Status.o)
 .comment       0x0000006e       0x6f .\CortexM0\ARM_GCC_541\Debug\sleep.a(LED_Status_PM.o)
 .comment       0x0000006e       0x6f .\CortexM0\ARM_GCC_541\Debug\sleep.a(SW_PM.o)
 .comment       0x0000006e       0x6f .\CortexM0\ARM_GCC_541\Debug\sleep.a(isr_Sw.o)
 .comment       0x0000006e       0x6f .\CortexM0\ARM_GCC_541\Debug\sleep.a(CyLib.o)
 .comment       0x0000006e       0x6f .\CortexM0\ARM_GCC_541\Debug\sleep.a(cyPm.o)
 .comment       0x0000006e       0x6f .\CortexM0\ARM_GCC_541\Debug\sleep.a(CyLFClk.o)
 .comment       0x0000006e       0x6f .\CortexM0\ARM_GCC_541\Debug\sleep.a(SW.o)

.debug_weaknames
 *(.debug_weaknames)

.debug_funcnames
 *(.debug_funcnames)

.debug_typenames
 *(.debug_typenames)

.debug_varnames
 *(.debug_varnames)

.note.gnu.arm.ident
 *(.note.gnu.arm.ident)

.ARM.attributes
                0x00000000       0x28
 *(.ARM.attributes)
 .ARM.attributes
                0x00000000       0x1e d:/program files (x86)/cypress/psoc creator/4.1/psoc creator/import/gnu/arm/5.4.1/bin/../lib/gcc/arm-none-eabi/5.4.1/armv6-m/crti.o
 .ARM.attributes
                0x0000001e       0x2c d:/program files (x86)/cypress/psoc creator/4.1/psoc creator/import/gnu/arm/5.4.1/bin/../lib/gcc/arm-none-eabi/5.4.1/armv6-m/crtbegin.o
 .ARM.attributes
                0x0000004a       0x1b d:/program files (x86)/cypress/psoc creator/4.1/psoc creator/import/gnu/arm/5.4.1/bin/../lib/gcc/arm-none-eabi/5.4.1/../../../../arm-none-eabi/lib/armv6-m/crt0.o
 .ARM.attributes
                0x00000065       0x31 .\CortexM0\ARM_GCC_541\Debug\main.o
 .ARM.attributes
                0x00000096       0x31 .\CortexM0\ARM_GCC_541\Debug\cyfitter_cfg.o
 .ARM.attributes
                0x000000c7       0x31 .\CortexM0\ARM_GCC_541\Debug\cymetadata.o
 .ARM.attributes
                0x000000f8       0x31 .\CortexM0\ARM_GCC_541\Debug\Cm0Start.o
 .ARM.attributes
                0x00000129       0x31 .\CortexM0\ARM_GCC_541\Debug\sleep.a(LED_Status.o)
 .ARM.attributes
                0x0000015a       0x31 .\CortexM0\ARM_GCC_541\Debug\sleep.a(LED_Status_PM.o)
 .ARM.attributes
                0x0000018b       0x31 .\CortexM0\ARM_GCC_541\Debug\sleep.a(SW_PM.o)
 .ARM.attributes
                0x000001bc       0x31 .\CortexM0\ARM_GCC_541\Debug\sleep.a(isr_Sw.o)
 .ARM.attributes
                0x000001ed       0x31 .\CortexM0\ARM_GCC_541\Debug\sleep.a(CyLib.o)
 .ARM.attributes
                0x0000021e       0x31 .\CortexM0\ARM_GCC_541\Debug\sleep.a(cyPm.o)
 .ARM.attributes
                0x0000024f       0x31 .\CortexM0\ARM_GCC_541\Debug\sleep.a(CyLFClk.o)
 .ARM.attributes
                0x00000280       0x21 .\CortexM0\ARM_GCC_541\Debug\sleep.a(CyBootAsmGnu.o)
 .ARM.attributes
                0x000002a1       0x31 .\CortexM0\ARM_GCC_541\Debug\sleep.a(SW.o)
 .ARM.attributes
                0x000002d2       0x1e d:/program files (x86)/cypress/psoc creator/4.1/psoc creator/import/gnu/arm/5.4.1/bin/../lib/gcc/arm-none-eabi/5.4.1/armv6-m\libgcc.a(_udivsi3.o)
 .ARM.attributes
                0x000002f0       0x1e d:/program files (x86)/cypress/psoc creator/4.1/psoc creator/import/gnu/arm/5.4.1/bin/../lib/gcc/arm-none-eabi/5.4.1/armv6-m\libgcc.a(_divsi3.o)
 .ARM.attributes
                0x0000030e       0x1e d:/program files (x86)/cypress/psoc creator/4.1/psoc creator/import/gnu/arm/5.4.1/bin/../lib/gcc/arm-none-eabi/5.4.1/armv6-m\libgcc.a(_dvmd_tls.o)
 .ARM.attributes
                0x0000032c       0x2c d:/program files (x86)/cypress/psoc creator/4.1/psoc creator/import/gnu/arm/5.4.1/bin/../lib/gcc/arm-none-eabi/5.4.1/../../../../arm-none-eabi/lib/armv6-m\libg_nano.a(lib_a-errno.o)
 .ARM.attributes
                0x00000358       0x2c d:/program files (x86)/cypress/psoc creator/4.1/psoc creator/import/gnu/arm/5.4.1/bin/../lib/gcc/arm-none-eabi/5.4.1/../../../../arm-none-eabi/lib/armv6-m\libg_nano.a(lib_a-exit.o)
 .ARM.attributes
                0x00000384       0x2c d:/program files (x86)/cypress/psoc creator/4.1/psoc creator/import/gnu/arm/5.4.1/bin/../lib/gcc/arm-none-eabi/5.4.1/../../../../arm-none-eabi/lib/armv6-m\libg_nano.a(lib_a-impure.o)
 .ARM.attributes
                0x000003b0       0x2c d:/program files (x86)/cypress/psoc creator/4.1/psoc creator/import/gnu/arm/5.4.1/bin/../lib/gcc/arm-none-eabi/5.4.1/../../../../arm-none-eabi/lib/armv6-m\libg_nano.a(lib_a-init.o)
 .ARM.attributes
                0x000003dc       0x2c d:/program files (x86)/cypress/psoc creator/4.1/psoc creator/import/gnu/arm/5.4.1/bin/../lib/gcc/arm-none-eabi/5.4.1/../../../../arm-none-eabi/lib/armv6-m\libg_nano.a(lib_a-memset.o)
 .ARM.attributes
                0x00000408       0x2c d:/program files (x86)/cypress/psoc creator/4.1/psoc creator/import/gnu/arm/5.4.1/bin/../lib/gcc/arm-none-eabi/5.4.1/armv6-m/crtend.o
 .ARM.attributes
                0x00000434       0x1e d:/program files (x86)/cypress/psoc creator/4.1/psoc creator/import/gnu/arm/5.4.1/bin/../lib/gcc/arm-none-eabi/5.4.1/armv6-m/crtn.o

/DISCARD/
 *(.note.GNU-stack)
OUTPUT(C:\Users\Administrator\Desktop\Temporary Files\Cypress_Lowpower\Lowpower\LowpowerMode\sleep.cydsn\CortexM0\ARM_GCC_541\Debug\sleep.elf elf32-littlearm)
